Archive member included to satisfy reference by file (symbol)

d:/stm32cubeide_1.0.1/stm32cubeide/plugins/com.st.stm32cube.ide.mcu.externaltools.gnu-tools-for-stm32.7-2018-q2-update.win32_1.5.0.202011040924/tools/bin/../lib/gcc/arm-none-eabi/7.3.1/../../../../arm-none-eabi/lib/thumb/v7e-m/fpv5/hard\libc_nano.a(lib_a-exit.o)
                              d:/stm32cubeide_1.0.1/stm32cubeide/plugins/com.st.stm32cube.ide.mcu.externaltools.gnu-tools-for-stm32.7-2018-q2-update.win32_1.5.0.202011040924/tools/bin/../lib/gcc/arm-none-eabi/7.3.1/../../../../arm-none-eabi/lib/thumb/v7e-m/fpv5/hard/crt0.o (exit)
d:/stm32cubeide_1.0.1/stm32cubeide/plugins/com.st.stm32cube.ide.mcu.externaltools.gnu-tools-for-stm32.7-2018-q2-update.win32_1.5.0.202011040924/tools/bin/../lib/gcc/arm-none-eabi/7.3.1/../../../../arm-none-eabi/lib/thumb/v7e-m/fpv5/hard\libc_nano.a(lib_a-impure.o)
                              d:/stm32cubeide_1.0.1/stm32cubeide/plugins/com.st.stm32cube.ide.mcu.externaltools.gnu-tools-for-stm32.7-2018-q2-update.win32_1.5.0.202011040924/tools/bin/../lib/gcc/arm-none-eabi/7.3.1/../../../../arm-none-eabi/lib/thumb/v7e-m/fpv5/hard\libc_nano.a(lib_a-exit.o) (_global_impure_ptr)
d:/stm32cubeide_1.0.1/stm32cubeide/plugins/com.st.stm32cube.ide.mcu.externaltools.gnu-tools-for-stm32.7-2018-q2-update.win32_1.5.0.202011040924/tools/bin/../lib/gcc/arm-none-eabi/7.3.1/../../../../arm-none-eabi/lib/thumb/v7e-m/fpv5/hard\libc_nano.a(lib_a-init.o)
                              d:/stm32cubeide_1.0.1/stm32cubeide/plugins/com.st.stm32cube.ide.mcu.externaltools.gnu-tools-for-stm32.7-2018-q2-update.win32_1.5.0.202011040924/tools/bin/../lib/gcc/arm-none-eabi/7.3.1/../../../../arm-none-eabi/lib/thumb/v7e-m/fpv5/hard/crt0.o (__libc_init_array)
d:/stm32cubeide_1.0.1/stm32cubeide/plugins/com.st.stm32cube.ide.mcu.externaltools.gnu-tools-for-stm32.7-2018-q2-update.win32_1.5.0.202011040924/tools/bin/../lib/gcc/arm-none-eabi/7.3.1/../../../../arm-none-eabi/lib/thumb/v7e-m/fpv5/hard\libc_nano.a(lib_a-memset.o)
                              d:/stm32cubeide_1.0.1/stm32cubeide/plugins/com.st.stm32cube.ide.mcu.externaltools.gnu-tools-for-stm32.7-2018-q2-update.win32_1.5.0.202011040924/tools/bin/../lib/gcc/arm-none-eabi/7.3.1/../../../../arm-none-eabi/lib/thumb/v7e-m/fpv5/hard/crt0.o (memset)
d:/stm32cubeide_1.0.1/stm32cubeide/plugins/com.st.stm32cube.ide.mcu.externaltools.gnu-tools-for-stm32.7-2018-q2-update.win32_1.5.0.202011040924/tools/bin/../lib/gcc/arm-none-eabi/7.3.1/../../../../arm-none-eabi/lib/thumb/v7e-m/fpv5/hard\libc_nano.a(lib_a-strlen.o)
                              ToolsCore/TypeConvertor.o (strlen)
d:/stm32cubeide_1.0.1/stm32cubeide/plugins/com.st.stm32cube.ide.mcu.externaltools.gnu-tools-for-stm32.7-2018-q2-update.win32_1.5.0.202011040924/tools/bin/../lib/gcc/arm-none-eabi/7.3.1/../../../../arm-none-eabi/lib/thumb/v7e-m/fpv5/hard\libc_nano.a(lib_a-strncpy.o)
                              ToolsCore/TypeConvertor.o (strncpy)
d:/stm32cubeide_1.0.1/stm32cubeide/plugins/com.st.stm32cube.ide.mcu.externaltools.gnu-tools-for-stm32.7-2018-q2-update.win32_1.5.0.202011040924/tools/bin/../lib/gcc/arm-none-eabi/7.3.1/thumb/v7e-m/fpv5/hard\libgcc.a(_aeabi_uldivmod.o)
                              Drivers/STM32H7xx_HAL_Driver/Src/stm32h7xx_hal_uart.o (__aeabi_uldivmod)
d:/stm32cubeide_1.0.1/stm32cubeide/plugins/com.st.stm32cube.ide.mcu.externaltools.gnu-tools-for-stm32.7-2018-q2-update.win32_1.5.0.202011040924/tools/bin/../lib/gcc/arm-none-eabi/7.3.1/thumb/v7e-m/fpv5/hard\libgcc.a(_udivmoddi4.o)
                              d:/stm32cubeide_1.0.1/stm32cubeide/plugins/com.st.stm32cube.ide.mcu.externaltools.gnu-tools-for-stm32.7-2018-q2-update.win32_1.5.0.202011040924/tools/bin/../lib/gcc/arm-none-eabi/7.3.1/thumb/v7e-m/fpv5/hard\libgcc.a(_aeabi_uldivmod.o) (__udivmoddi4)
d:/stm32cubeide_1.0.1/stm32cubeide/plugins/com.st.stm32cube.ide.mcu.externaltools.gnu-tools-for-stm32.7-2018-q2-update.win32_1.5.0.202011040924/tools/bin/../lib/gcc/arm-none-eabi/7.3.1/thumb/v7e-m/fpv5/hard\libgcc.a(_dvmd_tls.o)
                              d:/stm32cubeide_1.0.1/stm32cubeide/plugins/com.st.stm32cube.ide.mcu.externaltools.gnu-tools-for-stm32.7-2018-q2-update.win32_1.5.0.202011040924/tools/bin/../lib/gcc/arm-none-eabi/7.3.1/thumb/v7e-m/fpv5/hard\libgcc.a(_aeabi_uldivmod.o) (__aeabi_ldiv0)
d:/stm32cubeide_1.0.1/stm32cubeide/plugins/com.st.stm32cube.ide.mcu.externaltools.gnu-tools-for-stm32.7-2018-q2-update.win32_1.5.0.202011040924/tools/bin/../lib/gcc/arm-none-eabi/7.3.1/../../../../arm-none-eabi/lib/thumb/v7e-m/fpv5/hard\libnosys.a(_exit.o)
                              d:/stm32cubeide_1.0.1/stm32cubeide/plugins/com.st.stm32cube.ide.mcu.externaltools.gnu-tools-for-stm32.7-2018-q2-update.win32_1.5.0.202011040924/tools/bin/../lib/gcc/arm-none-eabi/7.3.1/../../../../arm-none-eabi/lib/thumb/v7e-m/fpv5/hard\libc_nano.a(lib_a-exit.o) (_exit)

Allocating common symbols
Common symbol       size              file

recvChr             0x1               Hardware/GPS.o
[...]
Memory Configuration

Name             Origin             Length             Attributes
DTCMRAM          0x0000000020000000 0x0000000000020000 xrw
ITCMRAM          0x0000000000000000 0x0000000000010000 xrw
RAM_D1           0x0000000024000000 0x0000000000080000 xrw
RAM_D2           0x0000000030000000 0x0000000000048000 xrw
RAM_D3           0x0000000038000000 0x0000000000010000 xrw
FLASH            0x0000000008000000 0x0000000000020000 xr
*default*        0x0000000000000000 0xffffffffffffffff

Linker script and memory map

LOAD d:/stm32cubeide_1.0.1/stm32cubeide/plugins/com.st.stm32cube.ide.mcu.externaltools.gnu-tools-for-stm32.7-2018-q2-update.win32_1.5.0.202011040924/tools/bin/../lib/gcc/arm-none-eabi/7.3.1/thumb/v7e-m/fpv5/hard/crti.o
LOAD d:/stm32cubeide_1.0.1/stm32cubeide/plugins/com.st.stm32cube.ide.mcu.externaltools.gnu-tools-for-stm32.7-2018-q2-update.win32_1.5.0.202011040924/tools/bin/../lib/gcc/arm-none-eabi/7.3.1/thumb/v7e-m/fpv5/hard/crtbegin.o
LOAD d:/stm32cubeide_1.0.1/stm32cubeide/plugins/com.st.stm32cube.ide.mcu.externaltools.gnu-tools-for-stm32.7-2018-q2-update.win32_1.5.0.202011040924/tools/bin/../lib/gcc/arm-none-eabi/7.3.1/../../../../arm-none-eabi/lib/thumb/v7e-m/fpv5/hard/crt0.o
LOAD Core/Src/dcmi.o
LOAD Core/Src/dma.o
LOAD Core/Src/gpio.o
LOAD Core/Src/i2c.o
LOAD Core/Src/main.o
LOAD Core/Src/spi.o
LOAD Core/Src/stm32h7xx_hal_msp.o
LOAD Core/Src/stm32h7xx_it.o
LOAD Core/Src/system_stm32h7xx.o
LOAD Core/Src/tim.o
LOAD Core/Src/usart.o
LOAD Core/Startup/startup_stm32h750vbtx.o
LOAD Ctrl/CtrlCenter.o
LOAD Ctrl/PID.o
LOAD Drivers/STM32H7xx_HAL_Driver/Src/stm32h7xx_hal.o
LOAD Drivers/STM32H7xx_HAL_Driver/Src/stm32h7xx_hal_cortex.o
LOAD Drivers/STM32H7xx_HAL_Driver/Src/stm32h7xx_hal_dcmi.o
LOAD Drivers/STM32H7xx_HAL_Driver/Src/stm32h7xx_hal_dma.o
LOAD Drivers/STM32H7xx_HAL_Driver/Src/stm32h7xx_hal_dma_ex.o
LOAD Drivers/STM32H7xx_HAL_Driver/Src/stm32h7xx_hal_exti.o
LOAD Drivers/STM32H7xx_HAL_Driver/Src/stm32h7xx_hal_flash.o
LOAD Drivers/STM32H7xx_HAL_Driver/Src/stm32h7xx_hal_flash_ex.o
LOAD Drivers/STM32H7xx_HAL_Driver/Src/stm32h7xx_hal_gpio.o
LOAD Drivers/STM32H7xx_HAL_Driver/Src/stm32h7xx_hal_hsem.o
LOAD Drivers/STM32H7xx_HAL_Driver/Src/stm32h7xx_hal_i2c.o
LOAD Drivers/STM32H7xx_HAL_Driver/Src/stm32h7xx_hal_i2c_ex.o
LOAD Drivers/STM32H7xx_HAL_Driver/Src/stm32h7xx_hal_mdma.o
LOAD Drivers/STM32H7xx_HAL_Driver/Src/stm32h7xx_hal_pwr.o
LOAD Drivers/STM32H7xx_HAL_Driver/Src/stm32h7xx_hal_pwr_ex.o
LOAD Drivers/STM32H7xx_HAL_Driver/Src/stm32h7xx_hal_rcc.o
LOAD Drivers/STM32H7xx_HAL_Driver/Src/stm32h7xx_hal_rcc_ex.o
LOAD Drivers/STM32H7xx_HAL_Driver/Src/stm32h7xx_hal_spi.o
LOAD Drivers/STM32H7xx_HAL_Driver/Src/stm32h7xx_hal_spi_ex.o
LOAD Drivers/STM32H7xx_HAL_Driver/Src/stm32h7xx_hal_tim.o
LOAD Drivers/STM32H7xx_HAL_Driver/Src/stm32h7xx_hal_tim_ex.o
LOAD Drivers/STM32H7xx_HAL_Driver/Src/stm32h7xx_hal_uart.o
LOAD Drivers/STM32H7xx_HAL_Driver/Src/stm32h7xx_hal_uart_ex.o
LOAD Hardware/GPS.o
LOAD Hardware/JY61P.o
LOAD Hardware/OV2640.o
LOAD ToolsCore/TypeConvertor.o
START GROUP
LOAD d:/stm32cubeide_1.0.1/stm32cubeide/plugins/com.st.stm32cube.ide.mcu.externaltools.gnu-tools-for-stm32.7-2018-q2-update.win32_1.5.0.202011040924/tools/bin/../lib/gcc/arm-none-eabi/7.3.1/../../../../arm-none-eabi/lib/thumb/v7e-m/fpv5/hard\libc_nano.a
LOAD d:/stm32cubeide_1.0.1/stm32cubeide/plugins/com.st.stm32cube.ide.mcu.externaltools.gnu-tools-for-stm32.7-2018-q2-update.win32_1.5.0.202011040924/tools/bin/../lib/gcc/arm-none-eabi/7.3.1/../../../../arm-none-eabi/lib/thumb/v7e-m/fpv5/hard\libm.a
END GROUP
START GROUP
LOAD d:/stm32cubeide_1.0.1/stm32cubeide/plugins/com.st.stm32cube.ide.mcu.externaltools.gnu-tools-for-stm32.7-2018-q2-update.win32_1.5.0.202011040924/tools/bin/../lib/gcc/arm-none-eabi/7.3.1/thumb/v7e-m/fpv5/hard\libgcc.a
LOAD d:/stm32cubeide_1.0.1/stm32cubeide/plugins/com.st.stm32cube.ide.mcu.externaltools.gnu-tools-for-stm32.7-2018-q2-update.win32_1.5.0.202011040924/tools/bin/../lib/gcc/arm-none-eabi/7.3.1/../../../../arm-none-eabi/lib/thumb/v7e-m/fpv5/hard\libc_nano.a
END GROUP
START GROUP
LOAD d:/stm32cubeide_1.0.1/stm32cubeide/plugins/com.st.stm32cube.ide.mcu.externaltools.gnu-tools-for-stm32.7-2018-q2-update.win32_1.5.0.202011040924/tools/bin/../lib/gcc/arm-none-eabi/7.3.1/thumb/v7e-m/fpv5/hard\libgcc.a
LOAD d:/stm32cubeide_1.0.1/stm32cubeide/plugins/com.st.stm32cube.ide.mcu.externaltools.gnu-tools-for-stm32.7-2018-q2-update.win32_1.5.0.202011040924/tools/bin/../lib/gcc/arm-none-eabi/7.3.1/../../../../arm-none-eabi/lib/thumb/v7e-m/fpv5/hard\libc_nano.a
LOAD d:/stm32cubeide_1.0.1/stm32cubeide/plugins/com.st.stm32cube.ide.mcu.externaltools.gnu-tools-for-stm32.7-2018-q2-update.win32_1.5.0.202011040924/tools/bin/../lib/gcc/arm-none-eabi/7.3.1/../../../../arm-none-eabi/lib/thumb/v7e-m/fpv5/hard\libnosys.a
END GROUP
START GROUP
LOAD d:/stm32cubeide_1.0.1/stm32cubeide/plugins/com.st.stm32cube.ide.mcu.externaltools.gnu-tools-for-stm32.7-2018-q2-update.win32_1.5.0.202011040924/tools/bin/../lib/gcc/arm-none-eabi/7.3.1/thumb/v7e-m/fpv5/hard\libgcc.a
LOAD d:/stm32cubeide_1.0.1/stm32cubeide/plugins/com.st.stm32cube.ide.mcu.externaltools.gnu-tools-for-stm32.7-2018-q2-update.win32_1.5.0.202011040924/tools/bin/../lib/gcc/arm-none-eabi/7.3.1/../../../../arm-none-eabi/lib/thumb/v7e-m/fpv5/hard\libc_nano.a
LOAD d:/stm32cubeide_1.0.1/stm32cubeide/plugins/com.st.stm32cube.ide.mcu.externaltools.gnu-tools-for-stm32.7-2018-q2-update.win32_1.5.0.202011040924/tools/bin/../lib/gcc/arm-none-eabi/7.3.1/../../../../arm-none-eabi/lib/thumb/v7e-m/fpv5/hard\libnosys.a
END GROUP
LOAD d:/stm32cubeide_1.0.1/stm32cubeide/plugins/com.st.stm32cube.ide.mcu.externaltools.gnu-tools-for-stm32.7-2018-q2-update.win32_1.5.0.202011040924/tools/bin/../lib/gcc/arm-none-eabi/7.3.1/thumb/v7e-m/fpv5/hard/crtend.o
LOAD d:/stm32cubeide_1.0.1/stm32cubeide/plugins/com.st.stm32cube.ide.mcu.externaltools.gnu-tools-for-stm32.7-2018-q2-update.win32_1.5.0.202011040924/tools/bin/../lib/gcc/arm-none-eabi/7.3.1/thumb/v7e-m/fpv5/hard/crtn.o
                0x0000000024080000                _estack = (ORIGIN (RAM_D1) + LENGTH (RAM_D1))
                0x0000000000000200                _Min_Heap_Size = 0x200
                0x0000000000000400                _Min_Stack_Size = 0x400

.isr_vector     0x0000000008000000      0x298
                0x0000000008000000                . = ALIGN (0x4)
 *(.isr_vector)
 .isr_vector    0x0000000008000000      0x298 Core/Startup/startup_stm32h750vbtx.o
                0x0000000008000000                g_pfnVectors
                0x0000000008000298                . = ALIGN (0x4)

.text           0x0000000008000298     0xbf84
                0x0000000008000298                . = ALIGN (0x4)
 *(.text)
 .text          0x0000000008000298       0x40 d:/stm32cubeide_1.0.1/stm32cubeide/plugins/com.st.stm32cube.ide.mcu.externaltools.gnu-tools-for-stm32.7-2018-q2-update.win32_1.5.0.202011040924/tools/bin/../lib/gcc/arm-none-eabi/7.3.1/thumb/v7e-m/fpv5/hard/crtbegin.o
 .text          0x00000000080002d8       0x30 d:/stm32cubeide_1.0.1/stm32cubeide/plugins/com.st.stm32cube.ide.mcu.externaltools.gnu-tools-for-stm32.7-2018-q2-update.win32_1.5.0.202011040924/tools/bin/../lib/gcc/arm-none-eabi/7.3.1/thumb/v7e-m/fpv5/hard\libgcc.a(_aeabi_uldivmod.o)
                0x00000000080002d8                __aeabi_uldivmod
 .text          0x0000000008000308      0x2cc d:/stm32cubeide_1.0.1/stm32cubeide/plugins/com.st.stm32cube.ide.mcu.externaltools.gnu-tools-for-stm32.7-2018-q2-update.win32_1.5.0.202011040924/tools/bin/../lib/gcc/arm-none-eabi/7.3.1/thumb/v7e-m/fpv5/hard\libgcc.a(_udivmoddi4.o)
                0x0000000008000308                __udivmoddi4
 .text          0x00000000080005d4        0x4 d:/stm32cubeide_1.0.1/stm32cubeide/plugins/com.st.stm32cube.ide.mcu.externaltools.gnu-tools-for-stm32.7-2018-q2-update.win32_1.5.0.202011040924/tools/bin/../lib/gcc/arm-none-eabi/7.3.1/thumb/v7e-m/fpv5/hard\libgcc.a(_dvmd_tls.o)
                0x00000000080005d4                __aeabi_idiv0
                0x00000000080005d4                __aeabi_ldiv0
 *(.text*)
 .text.MX_DCMI_Init
                0x00000000080005d8       0x68 Core/Src/dcmi.o
                0x00000000080005d8                MX_DCMI_Init
 .text.HAL_DCMI_MspInit
                0x0000000008000640      0x22c Core/Src/dcmi.o
                0x0000000008000640                HAL_DCMI_MspInit
 .text.MX_DMA_Init
                0x000000000800086c       0x50 Core/Src/dma.o
                0x000000000800086c                MX_DMA_Init
 .text.MX_GPIO_Init
                0x00000000080008bc      0x1e4 Core/Src/gpio.o
                0x00000000080008bc                MX_GPIO_Init
 .text.MX_I2C1_Init
                0x0000000008000aa0       0x80 Core/Src/i2c.o
                0x0000000008000aa0                MX_I2C1_Init
 .text.MX_I2C2_Init
                0x0000000008000b20       0x80 Core/Src/i2c.o
                0x0000000008000b20                MX_I2C2_Init
 .text.HAL_I2C_MspInit
                0x0000000008000ba0      0x104 Core/Src/i2c.o
                0x0000000008000ba0                HAL_I2C_MspInit
 .text.main     0x0000000008000ca4       0x44 Core/Src/main.o
                0x0000000008000ca4                main
 .text.SystemClock_Config
                0x0000000008000ce8      0x18c Core/Src/main.o
                0x0000000008000ce8                SystemClock_Config
 .text.Error_Handler
                0x0000000008000e74        0xe Core/Src/main.o
                0x0000000008000e74                Error_Handler
 *fill*         0x0000000008000e82        0x2 
 .text.MX_SPI1_Init
                0x0000000008000e84       0xac Core/Src/spi.o
                0x0000000008000e84                MX_SPI1_Init
 .text.HAL_SPI_MspInit
                0x0000000008000f30       0xd8 Core/Src/spi.o
                0x0000000008000f30                HAL_SPI_MspInit
 .text.HAL_MspInit
                0x0000000008001008       0x34 Core/Src/stm32h7xx_hal_msp.o
                0x0000000008001008                HAL_MspInit
 .text.NMI_Handler
                0x000000000800103c        0x6 Core/Src/stm32h7xx_it.o
                0x000000000800103c                NMI_Handler
 .text.HardFault_Handler
                0x0000000008001042        0x6 Core/Src/stm32h7xx_it.o
                0x0000000008001042                HardFault_Handler
 .text.MemManage_Handler
                0x0000000008001048        0x6 Core/Src/stm32h7xx_it.o
                0x0000000008001048                MemManage_Handler
 .text.BusFault_Handler
                0x000000000800104e        0x6 Core/Src/stm32h7xx_it.o
                0x000000000800104e                BusFault_Handler
 .text.UsageFault_Handler
                0x0000000008001054        0x6 Core/Src/stm32h7xx_it.o
                0x0000000008001054                UsageFault_Handler
 .text.SVC_Handler
                0x000000000800105a        0xe Core/Src/stm32h7xx_it.o
                0x000000000800105a                SVC_Handler
 .text.DebugMon_Handler
                0x0000000008001068        0xe Core/Src/stm32h7xx_it.o
                0x0000000008001068                DebugMon_Handler
 .text.PendSV_Handler
                0x0000000008001076        0xe Core/Src/stm32h7xx_it.o
                0x0000000008001076                PendSV_Handler
 .text.SysTick_Handler
                0x0000000008001084        0xc Core/Src/stm32h7xx_it.o
                0x0000000008001084                SysTick_Handler
 .text.DMA1_Stream0_IRQHandler
                0x0000000008001090       0x14 Core/Src/stm32h7xx_it.o
                0x0000000008001090                DMA1_Stream0_IRQHandler
 .text.DMA1_Stream1_IRQHandler
                0x00000000080010a4       0x14 Core/Src/stm32h7xx_it.o
                0x00000000080010a4                DMA1_Stream1_IRQHandler
 .text.TIM3_IRQHandler
                0x00000000080010b8       0x14 Core/Src/stm32h7xx_it.o
                0x00000000080010b8                TIM3_IRQHandler
 .text.UART4_IRQHandler
                0x00000000080010cc       0x14 Core/Src/stm32h7xx_it.o
                0x00000000080010cc                UART4_IRQHandler
 .text.DCMI_IRQHandler
                0x00000000080010e0       0x14 Core/Src/stm32h7xx_it.o
                0x00000000080010e0                DCMI_IRQHandler
 .text.SystemInit
                0x00000000080010f4      0x118 Core/Src/system_stm32h7xx.o
                0x00000000080010f4                SystemInit
 .text.MX_TIM3_Init
                0x000000000800120c       0x9c Core/Src/tim.o
                0x000000000800120c                MX_TIM3_Init
 .text.MX_TIM4_Init
                0x00000000080012a8      0x104 Core/Src/tim.o
                0x00000000080012a8                MX_TIM4_Init
 .text.MX_TIM5_Init
                0x00000000080013ac       0xf0 Core/Src/tim.o
                0x00000000080013ac                MX_TIM5_Init
 .text.MX_TIM16_Init
                0x000000000800149c       0xf4 Core/Src/tim.o
                0x000000000800149c                MX_TIM16_Init
 .text.HAL_TIM_Base_MspInit
                0x0000000008001590       0xdc Core/Src/tim.o
                0x0000000008001590                HAL_TIM_Base_MspInit
 .text.HAL_TIM_MspPostInit
                0x000000000800166c      0x11c Core/Src/tim.o
                0x000000000800166c                HAL_TIM_MspPostInit
 .text.MX_UART4_Init
                0x0000000008001788       0x98 Core/Src/usart.o
                0x0000000008001788                MX_UART4_Init
 .text.HAL_UART_MspInit
                0x0000000008001820      0x118 Core/Src/usart.o
                0x0000000008001820                HAL_UART_MspInit
 .text.Reset_Handler
                0x0000000008001938       0x50 Core/Startup/startup_stm32h750vbtx.o
                0x0000000008001938                Reset_Handler
 .text.Default_Handler
                0x0000000008001988        0x2 Core/Startup/startup_stm32h750vbtx.o
                0x0000000008001988                RTC_Alarm_IRQHandler
                0x0000000008001988                HASH_RNG_IRQHandler
                0x0000000008001988                EXTI2_IRQHandler
                0x0000000008001988                TIM8_CC_IRQHandler
                0x0000000008001988                HRTIM1_Master_IRQHandler
                0x0000000008001988                UART8_IRQHandler
                0x0000000008001988                SPI4_IRQHandler
                0x0000000008001988                TIM1_CC_IRQHandler
                0x0000000008001988                BDMA_Channel6_IRQHandler
                0x0000000008001988                DMA2_Stream5_IRQHandler
                0x0000000008001988                HRTIM1_FLT_IRQHandler
                0x0000000008001988                JPEG_IRQHandler
                0x0000000008001988                DMA1_Stream5_IRQHandler
                0x0000000008001988                BDMA_Channel1_IRQHandler
                0x0000000008001988                HRTIM1_TIMD_IRQHandler
                0x0000000008001988                TAMP_STAMP_IRQHandler
                0x0000000008001988                EXTI3_IRQHandler
                0x0000000008001988                LPTIM4_IRQHandler
                0x0000000008001988                TIM8_TRG_COM_TIM14_IRQHandler
                0x0000000008001988                LPTIM2_IRQHandler
                0x0000000008001988                DFSDM1_FLT1_IRQHandler
                0x0000000008001988                DMAMUX2_OVR_IRQHandler
                0x0000000008001988                TIM8_UP_TIM13_IRQHandler
                0x0000000008001988                I2C3_ER_IRQHandler
                0x0000000008001988                DFSDM1_FLT2_IRQHandler
                0x0000000008001988                MDMA_IRQHandler
                0x0000000008001988                LPTIM3_IRQHandler
                0x0000000008001988                HSEM1_IRQHandler
                0x0000000008001988                EXTI0_IRQHandler
                0x0000000008001988                I2C2_EV_IRQHandler
                0x0000000008001988                DMA1_Stream2_IRQHandler
                0x0000000008001988                FPU_IRQHandler
                0x0000000008001988                OTG_HS_WKUP_IRQHandler
                0x0000000008001988                FDCAN1_IT1_IRQHandler
                0x0000000008001988                LTDC_ER_IRQHandler
                0x0000000008001988                DMA2_Stream2_IRQHandler
                0x0000000008001988                HRTIM1_TIME_IRQHandler
                0x0000000008001988                SPI1_IRQHandler
                0x0000000008001988                TIM6_DAC_IRQHandler
                0x0000000008001988                HRTIM1_TIMC_IRQHandler
                0x0000000008001988                DMA2_Stream3_IRQHandler
                0x0000000008001988                SAI2_IRQHandler
                0x0000000008001988                DFSDM1_FLT3_IRQHandler
                0x0000000008001988                USART6_IRQHandler
                0x0000000008001988                TIM17_IRQHandler
                0x0000000008001988                USART3_IRQHandler
                0x0000000008001988                BDMA_Channel7_IRQHandler
                0x0000000008001988                CRYP_IRQHandler
                0x0000000008001988                LPTIM5_IRQHandler
                0x0000000008001988                UART5_IRQHandler
                0x0000000008001988                ADC3_IRQHandler
                0x0000000008001988                DMA2_Stream0_IRQHandler
                0x0000000008001988                TIM4_IRQHandler
                0x0000000008001988                BDMA_Channel2_IRQHandler
                0x0000000008001988                QUADSPI_IRQHandler
                0x0000000008001988                I2C1_EV_IRQHandler
                0x0000000008001988                DMA1_Stream6_IRQHandler
                0x0000000008001988                DMAMUX1_OVR_IRQHandler
                0x0000000008001988                TIM16_IRQHandler
                0x0000000008001988                BDMA_Channel5_IRQHandler
                0x0000000008001988                RCC_IRQHandler
                0x0000000008001988                TIM8_BRK_TIM12_IRQHandler
                0x0000000008001988                TIM1_TRG_COM_IRQHandler
                0x0000000008001988                Default_Handler
                0x0000000008001988                ECC_IRQHandler
                0x0000000008001988                CEC_IRQHandler
                0x0000000008001988                EXTI15_10_IRQHandler
                0x0000000008001988                BDMA_Channel0_IRQHandler
                0x0000000008001988                ADC_IRQHandler
                0x0000000008001988                DMA1_Stream7_IRQHandler
                0x0000000008001988                HRTIM1_TIMA_IRQHandler
                0x0000000008001988                SPI5_IRQHandler
                0x0000000008001988                TIM7_IRQHandler
                0x0000000008001988                SDMMC1_IRQHandler
                0x0000000008001988                TIM5_IRQHandler
                0x0000000008001988                DMA2_Stream7_IRQHandler
                0x0000000008001988                TIM15_IRQHandler
                0x0000000008001988                PVD_AVD_IRQHandler
                0x0000000008001988                I2C3_EV_IRQHandler
                0x0000000008001988                EXTI9_5_IRQHandler
                0x0000000008001988                RTC_WKUP_IRQHandler
                0x0000000008001988                LTDC_IRQHandler
                0x0000000008001988                SAI3_IRQHandler
                0x0000000008001988                ETH_WKUP_IRQHandler
                0x0000000008001988                SPDIF_RX_IRQHandler
                0x0000000008001988                SPI2_IRQHandler
                0x0000000008001988                OTG_HS_EP1_IN_IRQHandler
                0x0000000008001988                CRS_IRQHandler
                0x0000000008001988                EXTI4_IRQHandler
                0x0000000008001988                HRTIM1_TIMB_IRQHandler
                0x0000000008001988                FDCAN2_IT1_IRQHandler
                0x0000000008001988                ETH_IRQHandler
                0x0000000008001988                TIM1_UP_IRQHandler
                0x0000000008001988                BDMA_Channel4_IRQHandler
                0x0000000008001988                OTG_HS_EP1_OUT_IRQHandler
                0x0000000008001988                WWDG_IRQHandler
                0x0000000008001988                SPI6_IRQHandler
                0x0000000008001988                MDIOS_IRQHandler
                0x0000000008001988                I2C4_EV_IRQHandler
                0x0000000008001988                FDCAN2_IT0_IRQHandler
                0x0000000008001988                LPUART1_IRQHandler
                0x0000000008001988                FDCAN1_IT0_IRQHandler
                0x0000000008001988                TIM2_IRQHandler
                0x0000000008001988                OTG_FS_WKUP_IRQHandler
                0x0000000008001988                OTG_HS_IRQHandler
                0x0000000008001988                DMA2D_IRQHandler
                0x0000000008001988                TIM1_BRK_IRQHandler
                0x0000000008001988                EXTI1_IRQHandler
                0x0000000008001988                SDMMC2_IRQHandler
                0x0000000008001988                OTG_FS_EP1_OUT_IRQHandler
                0x0000000008001988                BDMA_Channel3_IRQHandler
                0x0000000008001988                UART7_IRQHandler
                0x0000000008001988                MDIOS_WKUP_IRQHandler
                0x0000000008001988                USART2_IRQHandler
                0x0000000008001988                DFSDM1_FLT0_IRQHandler
                0x0000000008001988                SAI4_IRQHandler
                0x0000000008001988                I2C2_ER_IRQHandler
                0x0000000008001988                DMA2_Stream1_IRQHandler
                0x0000000008001988                FLASH_IRQHandler
                0x0000000008001988                DMA2_Stream4_IRQHandler
                0x0000000008001988                USART1_IRQHandler
                0x0000000008001988                OTG_FS_IRQHandler
                0x0000000008001988                SPI3_IRQHandler
                0x0000000008001988                WAKEUP_PIN_IRQHandler
                0x0000000008001988                DMA1_Stream4_IRQHandler
                0x0000000008001988                OTG_FS_EP1_IN_IRQHandler
                0x0000000008001988                I2C1_ER_IRQHandler
                0x0000000008001988                FMC_IRQHandler
                0x0000000008001988                FDCAN_CAL_IRQHandler
                0x0000000008001988                SWPMI1_IRQHandler
                0x0000000008001988                COMP1_IRQHandler
                0x0000000008001988                LPTIM1_IRQHandler
                0x0000000008001988                I2C4_ER_IRQHandler
                0x0000000008001988                DMA2_Stream6_IRQHandler
                0x0000000008001988                SAI1_IRQHandler
                0x0000000008001988                DMA1_Stream3_IRQHandler
 *fill*         0x000000000800198a        0x2 
 .text.initCtrlCenter
                0x000000000800198c       0x30 Ctrl/CtrlCenter.o
                0x000000000800198c                initCtrlCenter
 .text.HAL_TIM_PeriodElapsedCallback
                0x00000000080019bc       0x74 Ctrl/CtrlCenter.o
                0x00000000080019bc                HAL_TIM_PeriodElapsedCallback
 .text.throttleInit
                0x0000000008001a30       0xa8 Ctrl/PID.o
                0x0000000008001a30                throttleInit
 .text.throttleTest
                0x0000000008001ad8       0xcc Ctrl/PID.o
                0x0000000008001ad8                throttleTest
 .text.initPID  0x0000000008001ba4       0x20 Ctrl/PID.o
                0x0000000008001ba4                initPID
 .text.initParams
                0x0000000008001bc4       0x90 Ctrl/PID.o
                0x0000000008001bc4                initParams
 .text.updateCtrlFrame
                0x0000000008001c54      0x454 Ctrl/PID.o
                0x0000000008001c54                updateCtrlFrame
 .text.HAL_Init
                0x00000000080020a8       0x78 Drivers/STM32H7xx_HAL_Driver/Src/stm32h7xx_hal.o
                0x00000000080020a8                HAL_Init
 .text.HAL_InitTick
                0x0000000008002120       0x6c Drivers/STM32H7xx_HAL_Driver/Src/stm32h7xx_hal.o
                0x0000000008002120                HAL_InitTick
 .text.HAL_IncTick
                0x000000000800218c       0x28 Drivers/STM32H7xx_HAL_Driver/Src/stm32h7xx_hal.o
                0x000000000800218c                HAL_IncTick
 .text.HAL_GetTick
                0x00000000080021b4       0x18 Drivers/STM32H7xx_HAL_Driver/Src/stm32h7xx_hal.o
                0x00000000080021b4                HAL_GetTick
 .text.HAL_Delay
                0x00000000080021cc       0x44 Drivers/STM32H7xx_HAL_Driver/Src/stm32h7xx_hal.o
                0x00000000080021cc                HAL_Delay
 .text.HAL_GetREVID
                0x0000000008002210       0x18 Drivers/STM32H7xx_HAL_Driver/Src/stm32h7xx_hal.o
                0x0000000008002210                HAL_GetREVID
 .text.__NVIC_SetPriorityGrouping
                0x0000000008002228       0x48 Drivers/STM32H7xx_HAL_Driver/Src/stm32h7xx_hal_cortex.o
 .text.__NVIC_GetPriorityGrouping
                0x0000000008002270       0x1c Drivers/STM32H7xx_HAL_Driver/Src/stm32h7xx_hal_cortex.o
 .text.__NVIC_EnableIRQ
                0x000000000800228c       0x3c Drivers/STM32H7xx_HAL_Driver/Src/stm32h7xx_hal_cortex.o
 .text.__NVIC_SetPriority
                0x00000000080022c8       0x54 Drivers/STM32H7xx_HAL_Driver/Src/stm32h7xx_hal_cortex.o
 .text.NVIC_EncodePriority
                0x000000000800231c       0x66 Drivers/STM32H7xx_HAL_Driver/Src/stm32h7xx_hal_cortex.o
 *fill*         0x0000000008002382        0x2 
 .text.SysTick_Config
                0x0000000008002384       0x44 Drivers/STM32H7xx_HAL_Driver/Src/stm32h7xx_hal_cortex.o
 .text.HAL_NVIC_SetPriorityGrouping
                0x00000000080023c8       0x16 Drivers/STM32H7xx_HAL_Driver/Src/stm32h7xx_hal_cortex.o
                0x00000000080023c8                HAL_NVIC_SetPriorityGrouping
 .text.HAL_NVIC_SetPriority
                0x00000000080023de       0x34 Drivers/STM32H7xx_HAL_Driver/Src/stm32h7xx_hal_cortex.o
                0x00000000080023de                HAL_NVIC_SetPriority
 .text.HAL_NVIC_EnableIRQ
                0x0000000008002412       0x1c Drivers/STM32H7xx_HAL_Driver/Src/stm32h7xx_hal_cortex.o
                0x0000000008002412                HAL_NVIC_EnableIRQ
 .text.HAL_SYSTICK_Config
                0x000000000800242e       0x18 Drivers/STM32H7xx_HAL_Driver/Src/stm32h7xx_hal_cortex.o
                0x000000000800242e                HAL_SYSTICK_Config
 *fill*         0x0000000008002446        0x2 
 .text.HAL_DCMI_Init
                0x0000000008002448       0xf4 Drivers/STM32H7xx_HAL_Driver/Src/stm32h7xx_hal_dcmi.o
                0x0000000008002448                HAL_DCMI_Init
 .text.HAL_DCMI_Start_DMA
                0x000000000800253c      0x184 Drivers/STM32H7xx_HAL_Driver/Src/stm32h7xx_hal_dcmi.o
                0x000000000800253c                HAL_DCMI_Start_DMA
 .text.HAL_DCMI_Stop
                0x00000000080026c0       0xc0 Drivers/STM32H7xx_HAL_Driver/Src/stm32h7xx_hal_dcmi.o
                0x00000000080026c0                HAL_DCMI_Stop
 .text.HAL_DCMI_Suspend
                0x0000000008002780       0xb0 Drivers/STM32H7xx_HAL_Driver/Src/stm32h7xx_hal_dcmi.o
                0x0000000008002780                HAL_DCMI_Suspend
 .text.HAL_DCMI_IRQHandler
                0x0000000008002830      0x104 Drivers/STM32H7xx_HAL_Driver/Src/stm32h7xx_hal_dcmi.o
                0x0000000008002830                HAL_DCMI_IRQHandler
 .text.HAL_DCMI_ErrorCallback
                0x0000000008002934       0x14 Drivers/STM32H7xx_HAL_Driver/Src/stm32h7xx_hal_dcmi.o
                0x0000000008002934                HAL_DCMI_ErrorCallback
 .text.HAL_DCMI_LineEventCallback
                0x0000000008002948       0x14 Drivers/STM32H7xx_HAL_Driver/Src/stm32h7xx_hal_dcmi.o
                0x0000000008002948                HAL_DCMI_LineEventCallback
 .text.HAL_DCMI_VsyncEventCallback
                0x000000000800295c       0x14 Drivers/STM32H7xx_HAL_Driver/Src/stm32h7xx_hal_dcmi.o
                0x000000000800295c                HAL_DCMI_VsyncEventCallback
 .text.DCMI_DMAXferCplt
                0x0000000008002970      0x126 Drivers/STM32H7xx_HAL_Driver/Src/stm32h7xx_hal_dcmi.o
 .text.DCMI_DMAError
                0x0000000008002a96       0x3a Drivers/STM32H7xx_HAL_Driver/Src/stm32h7xx_hal_dcmi.o
 .text.HAL_DMA_Init
                0x0000000008002ad0      0x6b8 Drivers/STM32H7xx_HAL_Driver/Src/stm32h7xx_hal_dma.o
                0x0000000008002ad0                HAL_DMA_Init
 .text.HAL_DMA_Start_IT
                0x0000000008003188      0x4d4 Drivers/STM32H7xx_HAL_Driver/Src/stm32h7xx_hal_dma.o
                0x0000000008003188                HAL_DMA_Start_IT
 .text.HAL_DMA_Abort
                0x000000000800365c      0x63c Drivers/STM32H7xx_HAL_Driver/Src/stm32h7xx_hal_dma.o
                0x000000000800365c                HAL_DMA_Abort
 .text.HAL_DMA_Abort_IT
                0x0000000008003c98      0x488 Drivers/STM32H7xx_HAL_Driver/Src/stm32h7xx_hal_dma.o
                0x0000000008003c98                HAL_DMA_Abort_IT
 .text.HAL_DMA_IRQHandler
                0x0000000008004120      0xe54 Drivers/STM32H7xx_HAL_Driver/Src/stm32h7xx_hal_dma.o
                0x0000000008004120                HAL_DMA_IRQHandler
 .text.DMA_SetConfig
                0x0000000008004f74      0x358 Drivers/STM32H7xx_HAL_Driver/Src/stm32h7xx_hal_dma.o
 .text.DMA_CalcBaseAndBitshift
                0x00000000080052cc      0x164 Drivers/STM32H7xx_HAL_Driver/Src/stm32h7xx_hal_dma.o
 .text.DMA_CheckFifoParam
                0x0000000008005430       0xf8 Drivers/STM32H7xx_HAL_Driver/Src/stm32h7xx_hal_dma.o
 .text.DMA_CalcDMAMUXChannelBaseAndMask
                0x0000000008005528      0x134 Drivers/STM32H7xx_HAL_Driver/Src/stm32h7xx_hal_dma.o
 .text.DMA_CalcDMAMUXRequestGenBaseAndMask
                0x000000000800565c       0xe8 Drivers/STM32H7xx_HAL_Driver/Src/stm32h7xx_hal_dma.o
 .text.HAL_DMAEx_MultiBufferStart_IT
                0x0000000008005744      0x6bc Drivers/STM32H7xx_HAL_Driver/Src/stm32h7xx_hal_dma_ex.o
                0x0000000008005744                HAL_DMAEx_MultiBufferStart_IT
 .text.HAL_DMAEx_ChangeMemory
                0x0000000008005e00      0x138 Drivers/STM32H7xx_HAL_Driver/Src/stm32h7xx_hal_dma_ex.o
                0x0000000008005e00                HAL_DMAEx_ChangeMemory
 .text.DMA_MultiBufferSetConfig
                0x0000000008005f38      0x16c Drivers/STM32H7xx_HAL_Driver/Src/stm32h7xx_hal_dma_ex.o
 .text.HAL_GPIO_Init
                0x00000000080060a4      0x360 Drivers/STM32H7xx_HAL_Driver/Src/stm32h7xx_hal_gpio.o
                0x00000000080060a4                HAL_GPIO_Init
 .text.HAL_GPIO_WritePin
                0x0000000008006404       0x32 Drivers/STM32H7xx_HAL_Driver/Src/stm32h7xx_hal_gpio.o
                0x0000000008006404                HAL_GPIO_WritePin
 .text.HAL_GPIO_TogglePin
                0x0000000008006436       0x36 Drivers/STM32H7xx_HAL_Driver/Src/stm32h7xx_hal_gpio.o
                0x0000000008006436                HAL_GPIO_TogglePin
 .text.HAL_I2C_Init
                0x000000000800646c      0x120 Drivers/STM32H7xx_HAL_Driver/Src/stm32h7xx_hal_i2c.o
                0x000000000800646c                HAL_I2C_Init
 .text.HAL_I2C_Mem_Read
                0x000000000800658c      0x234 Drivers/STM32H7xx_HAL_Driver/Src/stm32h7xx_hal_i2c.o
                0x000000000800658c                HAL_I2C_Mem_Read
 .text.I2C_RequestMemoryRead
                0x00000000080067c0       0xa8 Drivers/STM32H7xx_HAL_Driver/Src/stm32h7xx_hal_i2c.o
 .text.I2C_Flush_TXDR
                0x0000000008006868       0x48 Drivers/STM32H7xx_HAL_Driver/Src/stm32h7xx_hal_i2c.o
 .text.I2C_WaitOnFlagUntilTimeout
                0x00000000080068b0       0x80 Drivers/STM32H7xx_HAL_Driver/Src/stm32h7xx_hal_i2c.o
 .text.I2C_WaitOnTXISFlagUntilTimeout
                0x0000000008006930       0x80 Drivers/STM32H7xx_HAL_Driver/Src/stm32h7xx_hal_i2c.o
 .text.I2C_WaitOnSTOPFlagUntilTimeout
                0x00000000080069b0       0x78 Drivers/STM32H7xx_HAL_Driver/Src/stm32h7xx_hal_i2c.o
 .text.I2C_IsAcknowledgeFailed
                0x0000000008006a28       0xcc Drivers/STM32H7xx_HAL_Driver/Src/stm32h7xx_hal_i2c.o
 .text.I2C_TransferConfig
                0x0000000008006af4       0x5c Drivers/STM32H7xx_HAL_Driver/Src/stm32h7xx_hal_i2c.o
 .text.HAL_I2CEx_ConfigAnalogFilter
                0x0000000008006b50       0x96 Drivers/STM32H7xx_HAL_Driver/Src/stm32h7xx_hal_i2c_ex.o
                0x0000000008006b50                HAL_I2CEx_ConfigAnalogFilter
 .text.HAL_I2CEx_ConfigDigitalFilter
                0x0000000008006be6       0x98 Drivers/STM32H7xx_HAL_Driver/Src/stm32h7xx_hal_i2c_ex.o
                0x0000000008006be6                HAL_I2CEx_ConfigDigitalFilter
 *fill*         0x0000000008006c7e        0x2 
 .text.HAL_PWREx_ConfigSupply
                0x0000000008006c80       0x74 Drivers/STM32H7xx_HAL_Driver/Src/stm32h7xx_hal_pwr_ex.o
                0x0000000008006c80                HAL_PWREx_ConfigSupply
 .text.HAL_RCC_OscConfig
                0x0000000008006cf4      0x820 Drivers/STM32H7xx_HAL_Driver/Src/stm32h7xx_hal_rcc.o
                0x0000000008006cf4                HAL_RCC_OscConfig
 .text.HAL_RCC_ClockConfig
                0x0000000008007514      0x36c Drivers/STM32H7xx_HAL_Driver/Src/stm32h7xx_hal_rcc.o
                0x0000000008007514                HAL_RCC_ClockConfig
 .text.HAL_RCC_MCOConfig
                0x0000000008007880       0xd4 Drivers/STM32H7xx_HAL_Driver/Src/stm32h7xx_hal_rcc.o
                0x0000000008007880                HAL_RCC_MCOConfig
 .text.HAL_RCC_GetSysClockFreq
                0x0000000008007954      0x2e4 Drivers/STM32H7xx_HAL_Driver/Src/stm32h7xx_hal_rcc.o
                0x0000000008007954                HAL_RCC_GetSysClockFreq
 .text.HAL_RCC_GetHCLKFreq
                0x0000000008007c38       0x60 Drivers/STM32H7xx_HAL_Driver/Src/stm32h7xx_hal_rcc.o
                0x0000000008007c38                HAL_RCC_GetHCLKFreq
 .text.HAL_RCC_GetPCLK1Freq
                0x0000000008007c98       0x2c Drivers/STM32H7xx_HAL_Driver/Src/stm32h7xx_hal_rcc.o
                0x0000000008007c98                HAL_RCC_GetPCLK1Freq
 .text.HAL_RCC_GetPCLK2Freq
                0x0000000008007cc4       0x2c Drivers/STM32H7xx_HAL_Driver/Src/stm32h7xx_hal_rcc.o
                0x0000000008007cc4                HAL_RCC_GetPCLK2Freq
 .text.HAL_RCCEx_PeriphCLKConfig
                0x0000000008007cf0      0xddc Drivers/STM32H7xx_HAL_Driver/Src/stm32h7xx_hal_rcc_ex.o
                0x0000000008007cf0                HAL_RCCEx_PeriphCLKConfig
 .text.HAL_RCCEx_GetD3PCLK1Freq
                0x0000000008008acc       0x2c Drivers/STM32H7xx_HAL_Driver/Src/stm32h7xx_hal_rcc_ex.o
                0x0000000008008acc                HAL_RCCEx_GetD3PCLK1Freq
 .text.HAL_RCCEx_GetPLL2ClockFreq
                0x0000000008008af8      0x298 Drivers/STM32H7xx_HAL_Driver/Src/stm32h7xx_hal_rcc_ex.o
                0x0000000008008af8                HAL_RCCEx_GetPLL2ClockFreq
 .text.HAL_RCCEx_GetPLL3ClockFreq
                0x0000000008008d90      0x298 Drivers/STM32H7xx_HAL_Driver/Src/stm32h7xx_hal_rcc_ex.o
                0x0000000008008d90                HAL_RCCEx_GetPLL3ClockFreq
 .text.RCCEx_PLL2_Config
                0x0000000008009028      0x164 Drivers/STM32H7xx_HAL_Driver/Src/stm32h7xx_hal_rcc_ex.o
 .text.RCCEx_PLL3_Config
                0x000000000800918c      0x164 Drivers/STM32H7xx_HAL_Driver/Src/stm32h7xx_hal_rcc_ex.o
 .text.HAL_SPI_Init
                0x00000000080092f0      0x1f0 Drivers/STM32H7xx_HAL_Driver/Src/stm32h7xx_hal_spi.o
                0x00000000080092f0                HAL_SPI_Init
 .text.SPI_GetPacketSize
                0x00000000080094e0       0x36 Drivers/STM32H7xx_HAL_Driver/Src/stm32h7xx_hal_spi.o
 .text.HAL_TIM_Base_Init
                0x0000000008009516       0xae Drivers/STM32H7xx_HAL_Driver/Src/stm32h7xx_hal_tim.o
                0x0000000008009516                HAL_TIM_Base_Init
 .text.HAL_TIM_Base_Start_IT
                0x00000000080095c4       0x6c Drivers/STM32H7xx_HAL_Driver/Src/stm32h7xx_hal_tim.o
                0x00000000080095c4                HAL_TIM_Base_Start_IT
 .text.HAL_TIM_PWM_Init
                0x0000000008009630       0xae Drivers/STM32H7xx_HAL_Driver/Src/stm32h7xx_hal_tim.o
                0x0000000008009630                HAL_TIM_PWM_Init
 .text.HAL_TIM_PWM_MspInit
                0x00000000080096de       0x14 Drivers/STM32H7xx_HAL_Driver/Src/stm32h7xx_hal_tim.o
                0x00000000080096de                HAL_TIM_PWM_MspInit
 *fill*         0x00000000080096f2        0x2 
 .text.HAL_TIM_PWM_Start
                0x00000000080096f4      0x1a4 Drivers/STM32H7xx_HAL_Driver/Src/stm32h7xx_hal_tim.o
                0x00000000080096f4                HAL_TIM_PWM_Start
 .text.HAL_TIM_IRQHandler
                0x0000000008009898      0x23e Drivers/STM32H7xx_HAL_Driver/Src/stm32h7xx_hal_tim.o
                0x0000000008009898                HAL_TIM_IRQHandler
 *fill*         0x0000000008009ad6        0x2 
 .text.HAL_TIM_PWM_ConfigChannel
                0x0000000008009ad8      0x220 Drivers/STM32H7xx_HAL_Driver/Src/stm32h7xx_hal_tim.o
                0x0000000008009ad8                HAL_TIM_PWM_ConfigChannel
 .text.HAL_TIM_ConfigClockSource
                0x0000000008009cf8      0x1a0 Drivers/STM32H7xx_HAL_Driver/Src/stm32h7xx_hal_tim.o
                0x0000000008009cf8                HAL_TIM_ConfigClockSource
 .text.HAL_TIM_OC_DelayElapsedCallback
                0x0000000008009e98       0x14 Drivers/STM32H7xx_HAL_Driver/Src/stm32h7xx_hal_tim.o
                0x0000000008009e98                HAL_TIM_OC_DelayElapsedCallback
 .text.HAL_TIM_IC_CaptureCallback
                0x0000000008009eac       0x14 Drivers/STM32H7xx_HAL_Driver/Src/stm32h7xx_hal_tim.o
                0x0000000008009eac                HAL_TIM_IC_CaptureCallback
 .text.HAL_TIM_PWM_PulseFinishedCallback
                0x0000000008009ec0       0x14 Drivers/STM32H7xx_HAL_Driver/Src/stm32h7xx_hal_tim.o
                0x0000000008009ec0                HAL_TIM_PWM_PulseFinishedCallback
 .text.HAL_TIM_TriggerCallback
                0x0000000008009ed4       0x14 Drivers/STM32H7xx_HAL_Driver/Src/stm32h7xx_hal_tim.o
                0x0000000008009ed4                HAL_TIM_TriggerCallback
 .text.TIM_Base_SetConfig
                0x0000000008009ee8      0x134 Drivers/STM32H7xx_HAL_Driver/Src/stm32h7xx_hal_tim.o
                0x0000000008009ee8                TIM_Base_SetConfig
 .text.TIM_OC1_SetConfig
                0x000000000800a01c      0x120 Drivers/STM32H7xx_HAL_Driver/Src/stm32h7xx_hal_tim.o
 .text.TIM_OC2_SetConfig
                0x000000000800a13c      0x114 Drivers/STM32H7xx_HAL_Driver/Src/stm32h7xx_hal_tim.o
                0x000000000800a13c                TIM_OC2_SetConfig
 .text.TIM_OC3_SetConfig
                0x000000000800a250      0x10c Drivers/STM32H7xx_HAL_Driver/Src/stm32h7xx_hal_tim.o
 .text.TIM_OC4_SetConfig
                0x000000000800a35c       0xd0 Drivers/STM32H7xx_HAL_Driver/Src/stm32h7xx_hal_tim.o
 .text.TIM_OC5_SetConfig
                0x000000000800a42c       0xc4 Drivers/STM32H7xx_HAL_Driver/Src/stm32h7xx_hal_tim.o
 .text.TIM_OC6_SetConfig
                0x000000000800a4f0       0xc8 Drivers/STM32H7xx_HAL_Driver/Src/stm32h7xx_hal_tim.o
 .text.TIM_TI1_ConfigInputStage
                0x000000000800a5b8       0x5e Drivers/STM32H7xx_HAL_Driver/Src/stm32h7xx_hal_tim.o
 .text.TIM_TI2_ConfigInputStage
                0x000000000800a616       0x60 Drivers/STM32H7xx_HAL_Driver/Src/stm32h7xx_hal_tim.o
 *fill*         0x000000000800a676        0x2 
 .text.TIM_ITRx_SetConfig
                0x000000000800a678       0x3c Drivers/STM32H7xx_HAL_Driver/Src/stm32h7xx_hal_tim.o
 .text.TIM_ETR_SetConfig
                0x000000000800a6b4       0x40 Drivers/STM32H7xx_HAL_Driver/Src/stm32h7xx_hal_tim.o
                0x000000000800a6b4                TIM_ETR_SetConfig
 .text.TIM_CCxChannelCmd
                0x000000000800a6f4       0x4a Drivers/STM32H7xx_HAL_Driver/Src/stm32h7xx_hal_tim.o
                0x000000000800a6f4                TIM_CCxChannelCmd
 *fill*         0x000000000800a73e        0x2 
 .text.HAL_TIMEx_MasterConfigSynchronization
                0x000000000800a740      0x110 Drivers/STM32H7xx_HAL_Driver/Src/stm32h7xx_hal_tim_ex.o
                0x000000000800a740                HAL_TIMEx_MasterConfigSynchronization
 .text.HAL_TIMEx_ConfigBreakDeadTime
                0x000000000800a850       0xfc Drivers/STM32H7xx_HAL_Driver/Src/stm32h7xx_hal_tim_ex.o
                0x000000000800a850                HAL_TIMEx_ConfigBreakDeadTime
 .text.HAL_TIMEx_CommutCallback
                0x000000000800a94c       0x14 Drivers/STM32H7xx_HAL_Driver/Src/stm32h7xx_hal_tim_ex.o
                0x000000000800a94c                HAL_TIMEx_CommutCallback
 .text.HAL_TIMEx_BreakCallback
                0x000000000800a960       0x14 Drivers/STM32H7xx_HAL_Driver/Src/stm32h7xx_hal_tim_ex.o
                0x000000000800a960                HAL_TIMEx_BreakCallback
 .text.HAL_TIMEx_Break2Callback
                0x000000000800a974       0x14 Drivers/STM32H7xx_HAL_Driver/Src/stm32h7xx_hal_tim_ex.o
                0x000000000800a974                HAL_TIMEx_Break2Callback
 .text.HAL_UART_Init
                0x000000000800a988       0xa0 Drivers/STM32H7xx_HAL_Driver/Src/stm32h7xx_hal_uart.o
                0x000000000800a988                HAL_UART_Init
 .text.HAL_UART_Transmit
                0x000000000800aa28      0x12c Drivers/STM32H7xx_HAL_Driver/Src/stm32h7xx_hal_uart.o
                0x000000000800aa28                HAL_UART_Transmit
 .text.HAL_UART_IRQHandler
                0x000000000800ab54      0x300 Drivers/STM32H7xx_HAL_Driver/Src/stm32h7xx_hal_uart.o
                0x000000000800ab54                HAL_UART_IRQHandler
 .text.HAL_UART_TxCpltCallback
                0x000000000800ae54       0x14 Drivers/STM32H7xx_HAL_Driver/Src/stm32h7xx_hal_uart.o
                0x000000000800ae54                HAL_UART_TxCpltCallback
 .text.HAL_UART_ErrorCallback
                0x000000000800ae68       0x14 Drivers/STM32H7xx_HAL_Driver/Src/stm32h7xx_hal_uart.o
                0x000000000800ae68                HAL_UART_ErrorCallback
 .text.UART_SetConfig
                0x000000000800ae7c      0xb60 Drivers/STM32H7xx_HAL_Driver/Src/stm32h7xx_hal_uart.o
                0x000000000800ae7c                UART_SetConfig
 .text.UART_AdvFeatureConfig
                0x000000000800b9dc      0x144 Drivers/STM32H7xx_HAL_Driver/Src/stm32h7xx_hal_uart.o
                0x000000000800b9dc                UART_AdvFeatureConfig
 .text.UART_CheckIdleState
                0x000000000800bb20       0x90 Drivers/STM32H7xx_HAL_Driver/Src/stm32h7xx_hal_uart.o
                0x000000000800bb20                UART_CheckIdleState
 .text.UART_WaitOnFlagUntilTimeout
                0x000000000800bbb0      0x100 Drivers/STM32H7xx_HAL_Driver/Src/stm32h7xx_hal_uart.o
                0x000000000800bbb0                UART_WaitOnFlagUntilTimeout
 .text.UART_EndRxTransfer
                0x000000000800bcb0       0x48 Drivers/STM32H7xx_HAL_Driver/Src/stm32h7xx_hal_uart.o
 .text.UART_DMAAbortOnError
                0x000000000800bcf8       0x2c Drivers/STM32H7xx_HAL_Driver/Src/stm32h7xx_hal_uart.o
 .text.UART_EndTransmit_IT
                0x000000000800bd24       0x34 Drivers/STM32H7xx_HAL_Driver/Src/stm32h7xx_hal_uart.o
 .text.HAL_UARTEx_WakeupCallback
                0x000000000800bd58       0x14 Drivers/STM32H7xx_HAL_Driver/Src/stm32h7xx_hal_uart_ex.o
                0x000000000800bd58                HAL_UARTEx_WakeupCallback
 .text.HAL_UARTEx_RxFifoFullCallback
                0x000000000800bd6c       0x14 Drivers/STM32H7xx_HAL_Driver/Src/stm32h7xx_hal_uart_ex.o
                0x000000000800bd6c                HAL_UARTEx_RxFifoFullCallback
 .text.HAL_UARTEx_TxFifoEmptyCallback
                0x000000000800bd80       0x14 Drivers/STM32H7xx_HAL_Driver/Src/stm32h7xx_hal_uart_ex.o
                0x000000000800bd80                HAL_UARTEx_TxFifoEmptyCallback
 .text.HAL_UARTEx_DisableFifoMode
                0x000000000800bd94       0x72 Drivers/STM32H7xx_HAL_Driver/Src/stm32h7xx_hal_uart_ex.o
                0x000000000800bd94                HAL_UARTEx_DisableFifoMode
 .text.HAL_UARTEx_SetTxFifoThreshold
                0x000000000800be06       0x7c Drivers/STM32H7xx_HAL_Driver/Src/stm32h7xx_hal_uart_ex.o
                0x000000000800be06                HAL_UARTEx_SetTxFifoThreshold
 .text.HAL_UARTEx_SetRxFifoThreshold
                0x000000000800be82       0x7c Drivers/STM32H7xx_HAL_Driver/Src/stm32h7xx_hal_uart_ex.o
                0x000000000800be82                HAL_UARTEx_SetRxFifoThreshold
 *fill*         0x000000000800befe        0x2 
 .text.UARTEx_SetNbDataToProcess
                0x000000000800bf00       0xd0 Drivers/STM32H7xx_HAL_Driver/Src/stm32h7xx_hal_uart_ex.o
 .text.initJY61P
                0x000000000800bfd0       0x20 Hardware/JY61P.o
                0x000000000800bfd0                initJY61P
 .text.readAngle
                0x000000000800bff0       0x68 Hardware/JY61P.o
                0x000000000800bff0                readAngle
 .text.getAtti  0x000000000800c058       0x98 Hardware/JY61P.o
                0x000000000800c058                getAtti
 .text.StartOV2640
                0x000000000800c0f0       0x40 Hardware/OV2640.o
                0x000000000800c0f0                StartOV2640
 .text.HAL_DCMI_FrameEventCallback
                0x000000000800c130       0x7c Hardware/OV2640.o
                0x000000000800c130                HAL_DCMI_FrameEventCallback
 .text.__libc_init_array
                0x000000000800c1ac       0x48 d:/stm32cubeide_1.0.1/stm32cubeide/plugins/com.st.stm32cube.ide.mcu.externaltools.gnu-tools-for-stm32.7-2018-q2-update.win32_1.5.0.202011040924/tools/bin/../lib/gcc/arm-none-eabi/7.3.1/../../../../arm-none-eabi/lib/thumb/v7e-m/fpv5/hard\libc_nano.a(lib_a-init.o)
                0x000000000800c1ac                __libc_init_array
 .text.memset   0x000000000800c1f4       0x10 d:/stm32cubeide_1.0.1/stm32cubeide/plugins/com.st.stm32cube.ide.mcu.externaltools.gnu-tools-for-stm32.7-2018-q2-update.win32_1.5.0.202011040924/tools/bin/../lib/gcc/arm-none-eabi/7.3.1/../../../../arm-none-eabi/lib/thumb/v7e-m/fpv5/hard\libc_nano.a(lib_a-memset.o)
                0x000000000800c1f4                memset
 *(.glue_7)
 .glue_7        0x000000000800c204        0x0 linker stubs
 *(.glue_7t)
 .glue_7t       0x000000000800c204        0x0 linker stubs
 *(.eh_frame)
 .eh_frame      0x000000000800c204        0x0 d:/stm32cubeide_1.0.1/stm32cubeide/plugins/com.st.stm32cube.ide.mcu.externaltools.gnu-tools-for-stm32.7-2018-q2-update.win32_1.5.0.202011040924/tools/bin/../lib/gcc/arm-none-eabi/7.3.1/thumb/v7e-m/fpv5/hard/crtbegin.o
 *(.init)
 .init          0x000000000800c204        0x4 d:/stm32cubeide_1.0.1/stm32cubeide/plugins/com.st.stm32cube.ide.mcu.externaltools.gnu-tools-for-stm32.7-2018-q2-update.win32_1.5.0.202011040924/tools/bin/../lib/gcc/arm-none-eabi/7.3.1/thumb/v7e-m/fpv5/hard/crti.o
                0x000000000800c204                _init
 .init          0x000000000800c208        0x8 d:/stm32cubeide_1.0.1/stm32cubeide/plugins/com.st.stm32cube.ide.mcu.externaltools.gnu-tools-for-stm32.7-2018-q2-update.win32_1.5.0.202011040924/tools/bin/../lib/gcc/arm-none-eabi/7.3.1/thumb/v7e-m/fpv5/hard/crtn.o
 *(.fini)
 .fini          0x000000000800c210        0x4 d:/stm32cubeide_1.0.1/stm32cubeide/plugins/com.st.stm32cube.ide.mcu.externaltools.gnu-tools-for-stm32.7-2018-q2-update.win32_1.5.0.202011040924/tools/bin/../lib/gcc/arm-none-eabi/7.3.1/thumb/v7e-m/fpv5/hard/crti.o
                0x000000000800c210                _fini
 .fini          0x000000000800c214        0x8 d:/stm32cubeide_1.0.1/stm32cubeide/plugins/com.st.stm32cube.ide.mcu.externaltools.gnu-tools-for-stm32.7-2018-q2-update.win32_1.5.0.202011040924/tools/bin/../lib/gcc/arm-none-eabi/7.3.1/thumb/v7e-m/fpv5/hard/crtn.o
                0x000000000800c21c                . = ALIGN (0x4)
                0x000000000800c21c                _etext = .

.vfp11_veneer   0x000000000800c21c        0x0
 .vfp11_veneer  0x000000000800c21c        0x0 linker stubs

.v4_bx          0x000000000800c21c        0x0
 .v4_bx         0x000000000800c21c        0x0 linker stubs

.iplt           0x000000000800c21c        0x0
 .iplt          0x000000000800c21c        0x0 d:/stm32cubeide_1.0.1/stm32cubeide/plugins/com.st.stm32cube.ide.mcu.externaltools.gnu-tools-for-stm32.7-2018-q2-update.win32_1.5.0.202011040924/tools/bin/../lib/gcc/arm-none-eabi/7.3.1/thumb/v7e-m/fpv5/hard/crtbegin.o

.rodata         0x000000000800c21c       0x40
                0x000000000800c21c                . = ALIGN (0x4)
 *(.rodata)
 .rodata        0x000000000800c21c       0x10 Drivers/STM32H7xx_HAL_Driver/Src/stm32h7xx_hal_uart_ex.o
 *(.rodata*)
 .rodata.D1CorePrescTable
                0x000000000800c22c       0x10 Core/Src/system_stm32h7xx.o
                0x000000000800c22c                D1CorePrescTable
 .rodata.flagBitshiftOffset.11014
                0x000000000800c23c        0x8 Drivers/STM32H7xx_HAL_Driver/Src/stm32h7xx_hal_dma.o
 .rodata.UARTPrescTable
                0x000000000800c244       0x18 Drivers/STM32H7xx_HAL_Driver/Src/stm32h7xx_hal_uart.o
                0x000000000800c244                UARTPrescTable
                0x000000000800c25c                . = ALIGN (0x4)

.ARM.extab      0x000000000800c25c        0x0
                0x000000000800c25c                . = ALIGN (0x4)
 *(.ARM.extab* .gnu.linkonce.armextab.*)
                0x000000000800c25c                . = ALIGN (0x4)

.ARM            0x000000000800c25c        0x8
                0x000000000800c25c                . = ALIGN (0x4)
                0x000000000800c25c                __exidx_start = .
 *(.ARM.exidx*)
 .ARM.exidx     0x000000000800c25c        0x8 d:/stm32cubeide_1.0.1/stm32cubeide/plugins/com.st.stm32cube.ide.mcu.externaltools.gnu-tools-for-stm32.7-2018-q2-update.win32_1.5.0.202011040924/tools/bin/../lib/gcc/arm-none-eabi/7.3.1/thumb/v7e-m/fpv5/hard\libgcc.a(_udivmoddi4.o)
                0x000000000800c264                __exidx_end = .
                0x000000000800c264                . = ALIGN (0x4)

.rel.dyn        0x000000000800c264        0x0
 .rel.iplt      0x000000000800c264        0x0 d:/stm32cubeide_1.0.1/stm32cubeide/plugins/com.st.stm32cube.ide.mcu.externaltools.gnu-tools-for-stm32.7-2018-q2-update.win32_1.5.0.202011040924/tools/bin/../lib/gcc/arm-none-eabi/7.3.1/thumb/v7e-m/fpv5/hard/crtbegin.o

.preinit_array  0x000000000800c264        0x0
                0x000000000800c264                . = ALIGN (0x4)
                0x000000000800c264                PROVIDE (__preinit_array_start = .)
 *(.preinit_array*)
                0x000000000800c264                PROVIDE (__preinit_array_end = .)
                0x000000000800c264                . = ALIGN (0x4)

.init_array     0x000000000800c264        0x4
                0x000000000800c264                . = ALIGN (0x4)
                0x000000000800c264                PROVIDE (__init_array_start = .)
 *(SORT_BY_NAME(.init_array.*))
 *(.init_array*)
 .init_array    0x000000000800c264        0x4 d:/stm32cubeide_1.0.1/stm32cubeide/plugins/com.st.stm32cube.ide.mcu.externaltools.gnu-tools-for-stm32.7-2018-q2-update.win32_1.5.0.202011040924/tools/bin/../lib/gcc/arm-none-eabi/7.3.1/thumb/v7e-m/fpv5/hard/crtbegin.o
                0x000000000800c268                PROVIDE (__init_array_end = .)
                0x000000000800c268                . = ALIGN (0x4)

.fini_array     0x000000000800c268        0x4
                0x000000000800c268                . = ALIGN (0x4)
                [!provide]                        PROVIDE (__fini_array_start = .)
 *(SORT_BY_NAME(.fini_array.*))
 *(.fini_array*)
 .fini_array    0x000000000800c268        0x4 d:/stm32cubeide_1.0.1/stm32cubeide/plugins/com.st.stm32cube.ide.mcu.externaltools.gnu-tools-for-stm32.7-2018-q2-update.win32_1.5.0.202011040924/tools/bin/../lib/gcc/arm-none-eabi/7.3.1/thumb/v7e-m/fpv5/hard/crtbegin.o
                [!provide]                        PROVIDE (__fini_array_end = .)
                0x000000000800c26c                . = ALIGN (0x4)
                0x000000000800c26c                _sidata = LOADADDR (.data)

.data           0x0000000024000000       0x8c load address 0x000000000800c26c
                0x0000000024000000                . = ALIGN (0x4)
                0x0000000024000000                _sdata = .
 *(.data)
 *(.data*)
 .data.SystemCoreClock
                0x0000000024000000        0x4 Core/Src/system_stm32h7xx.o
                0x0000000024000000                SystemCoreClock
 .data.SystemD2Clock
                0x0000000024000004        0x4 Core/Src/system_stm32h7xx.o
                0x0000000024000004                SystemD2Clock
 .data.ctrlCent
                0x0000000024000008        0x4 Ctrl/CtrlCenter.o
                0x0000000024000008                ctrlCent
 .data.ctrler   0x000000002400000c       0x54 Ctrl/PID.o
                0x000000002400000c                ctrler
 .data.uwTickPrio
                0x0000000024000060        0x4 Drivers/STM32H7xx_HAL_Driver/Src/stm32h7xx_hal.o
                0x0000000024000060                uwTickPrio
 .data.uwTickFreq
                0x0000000024000064        0x1 Drivers/STM32H7xx_HAL_Driver/Src/stm32h7xx_hal.o
                0x0000000024000064                uwTickFreq
 *fill*         0x0000000024000065        0x3 
 .data.jy61p    0x0000000024000068       0x24 Hardware/JY61P.o
                0x0000000024000068                jy61p
                0x000000002400008c                . = ALIGN (0x4)
                0x000000002400008c                _edata = .

.igot.plt       0x000000002400008c        0x0 load address 0x000000000800c2f8
 .igot.plt      0x000000002400008c        0x0 d:/stm32cubeide_1.0.1/stm32cubeide/plugins/com.st.stm32cube.ide.mcu.externaltools.gnu-tools-for-stm32.7-2018-q2-update.win32_1.5.0.202011040924/tools/bin/../lib/gcc/arm-none-eabi/7.3.1/thumb/v7e-m/fpv5/hard/crtbegin.o
                0x000000002400008c                . = ALIGN (0x4)

.bss            0x000000002400008c     0xa46c load address 0x000000000800c2f8
                0x000000002400008c                _sbss = .
                0x000000002400008c                __bss_start__ = _sbss
 *(.bss)
 .bss           0x000000002400008c       0x1c d:/stm32cubeide_1.0.1/stm32cubeide/plugins/com.st.stm32cube.ide.mcu.externaltools.gnu-tools-for-stm32.7-2018-q2-update.win32_1.5.0.202011040924/tools/bin/../lib/gcc/arm-none-eabi/7.3.1/thumb/v7e-m/fpv5/hard/crtbegin.o
 *(.bss*)
 .bss.loopCount
                0x00000000240000a8        0x1 Ctrl/CtrlCenter.o
                0x00000000240000a8                loopCount
 *fill*         0x00000000240000a9        0x3 
 .bss.JpegBuffer
                0x00000000240000ac     0xa000 Hardware/OV2640.o
 *(COMMON)
 COMMON         0x000000002400a0ac       0xc8 Core/Src/dcmi.o
                0x000000002400a0ac                hdma_dcmi
                0x000000002400a124                hdcmi
 COMMON         0x000000002400a174       0x98 Core/Src/i2c.o
                0x000000002400a174                hi2c1
                0x000000002400a1c0                hi2c2
 COMMON         0x000000002400a20c       0x88 Core/Src/spi.o
                0x000000002400a20c                hspi1
 COMMON         0x000000002400a294      0x130 Core/Src/tim.o
                0x000000002400a294                htim4
                0x000000002400a2e0                htim5
                0x000000002400a32c                htim3
                0x000000002400a378                htim16
 COMMON         0x000000002400a3c4      0x104 Core/Src/usart.o
                0x000000002400a3c4                hdma_uart4_rx
                0x000000002400a43c                huart4
 COMMON         0x000000002400a4c8       0x18 Ctrl/CtrlCenter.o
                0x000000002400a4c8                nowAngle
 COMMON         0x000000002400a4e0        0x4 Drivers/STM32H7xx_HAL_Driver/Src/stm32h7xx_hal.o
                0x000000002400a4e0                uwTick
 COMMON         0x000000002400a4e4        0x4 Hardware/JY61P.o
                0x000000002400a4e4                mHi2c
 COMMON         0x000000002400a4e8       0x10 Hardware/OV2640.o
                0x000000002400a4e8                DCMI_hdcmi
                0x000000002400a4ec                mHuart
                0x000000002400a4f0                OV2640ID
                0x000000002400a4f4                mI2C
                0x000000002400a4f8                . = ALIGN (0x4)
                0x000000002400a4f8                _ebss = .
                0x000000002400a4f8                __bss_end__ = _ebss

._user_heap_stack
                0x000000002400a4f8      0x600 load address 0x000000000800c2f8
                0x000000002400a4f8                . = ALIGN (0x8)
                [!provide]                        PROVIDE (end = .)
                [!provide]                        PROVIDE (_end = .)
                0x000000002400a6f8                . = (. + _Min_Heap_Size)
 *fill*         0x000000002400a4f8      0x200 
                0x000000002400aaf8                . = (. + _Min_Stack_Size)
 *fill*         0x000000002400a6f8      0x400 
                0x000000002400aaf8                . = ALIGN (0x8)

/DISCARD/
 libc.a(*)
 libm.a(*)
 libgcc.a(*)

.ARM.attributes
                0x0000000000000000       0x2e
 *(.ARM.attributes)
 .ARM.attributes
                0x0000000000000000       0x20 d:/stm32cubeide_1.0.1/stm32cubeide/plugins/com.st.stm32cube.ide.mcu.externaltools.gnu-tools-for-stm32.7-2018-q2-update.win32_1.5.0.202011040924/tools/bin/../lib/gcc/arm-none-eabi/7.3.1/thumb/v7e-m/fpv5/hard/crti.o
 .ARM.attributes
                0x0000000000000020       0x32 d:/stm32cubeide_1.0.1/stm32cubeide/plugins/com.st.stm32cube.ide.mcu.externaltools.gnu-tools-for-stm32.7-2018-q2-update.win32_1.5.0.202011040924/tools/bin/../lib/gcc/arm-none-eabi/7.3.1/thumb/v7e-m/fpv5/hard/crtbegin.o
 .ARM.attributes
                0x0000000000000052       0x37 Core/Src/dcmi.o
 .ARM.attributes
                0x0000000000000089       0x37 Core/Src/dma.o
 .ARM.attributes
                0x00000000000000c0       0x37 Core/Src/gpio.o
 .ARM.attributes
                0x00000000000000f7       0x37 Core/Src/i2c.o
 .ARM.attributes
                0x000000000000012e       0x37 Core/Src/main.o
 .ARM.attributes
                0x0000000000000165       0x37 Core/Src/spi.o
 .ARM.attributes
                0x000000000000019c       0x37 Core/Src/stm32h7xx_hal_msp.o
 .ARM.attributes
                0x00000000000001d3       0x37 Core/Src/stm32h7xx_it.o
 .ARM.attributes
                0x000000000000020a       0x37 Core/Src/system_stm32h7xx.o
 .ARM.attributes
                0x0000000000000241       0x37 Core/Src/tim.o
 .ARM.attributes
                0x0000000000000278       0x37 Core/Src/usart.o
 .ARM.attributes
                0x00000000000002af       0x21 Core/Startup/startup_stm32h750vbtx.o
 .ARM.attributes
                0x00000000000002d0       0x37 Ctrl/CtrlCenter.o
 .ARM.attributes
                0x0000000000000307       0x37 Ctrl/PID.o
 .ARM.attributes
                0x000000000000033e       0x37 Drivers/STM32H7xx_HAL_Driver/Src/stm32h7xx_hal.o
 .ARM.attributes
                0x0000000000000375       0x37 Drivers/STM32H7xx_HAL_Driver/Src/stm32h7xx_hal_cortex.o
 .ARM.attributes
                0x00000000000003ac       0x37 Drivers/STM32H7xx_HAL_Driver/Src/stm32h7xx_hal_dcmi.o
 .ARM.attributes
                0x00000000000003e3       0x37 Drivers/STM32H7xx_HAL_Driver/Src/stm32h7xx_hal_dma.o
 .ARM.attributes
                0x000000000000041a       0x37 Drivers/STM32H7xx_HAL_Driver/Src/stm32h7xx_hal_dma_ex.o
 .ARM.attributes
                0x0000000000000451       0x37 Drivers/STM32H7xx_HAL_Driver/Src/stm32h7xx_hal_gpio.o
 .ARM.attributes
                0x0000000000000488       0x37 Drivers/STM32H7xx_HAL_Driver/Src/stm32h7xx_hal_i2c.o
 .ARM.attributes
                0x00000000000004bf       0x37 Drivers/STM32H7xx_HAL_Driver/Src/stm32h7xx_hal_i2c_ex.o
 .ARM.attributes
                0x00000000000004f6       0x37 Drivers/STM32H7xx_HAL_Driver/Src/stm32h7xx_hal_pwr_ex.o
 .ARM.attributes
                0x000000000000052d       0x37 Drivers/STM32H7xx_HAL_Driver/Src/stm32h7xx_hal_rcc.o
 .ARM.attributes
                0x0000000000000564       0x37 Drivers/STM32H7xx_HAL_Driver/Src/stm32h7xx_hal_rcc_ex.o
 .ARM.attributes
                0x000000000000059b       0x37 Drivers/STM32H7xx_HAL_Driver/Src/stm32h7xx_hal_spi.o
 .ARM.attributes
                0x00000000000005d2       0x37 Drivers/STM32H7xx_HAL_Driver/Src/stm32h7xx_hal_tim.o
 .ARM.attributes
                0x0000000000000609       0x37 Drivers/STM32H7xx_HAL_Driver/Src/stm32h7xx_hal_tim_ex.o
 .ARM.attributes
                0x0000000000000640       0x37 Drivers/STM32H7xx_HAL_Driver/Src/stm32h7xx_hal_uart.o
 .ARM.attributes
                0x0000000000000677       0x37 Drivers/STM32H7xx_HAL_Driver/Src/stm32h7xx_hal_uart_ex.o
 .ARM.attributes
                0x00000000000006ae       0x37 Hardware/JY61P.o
 .ARM.attributes
                0x00000000000006e5       0x37 Hardware/OV2640.o
 .ARM.attributes
                0x000000000000071c       0x32 d:/stm32cubeide_1.0.1/stm32cubeide/plugins/com.st.stm32cube.ide.mcu.externaltools.gnu-tools-for-stm32.7-2018-q2-update.win32_1.5.0.202011040924/tools/bin/../lib/gcc/arm-none-eabi/7.3.1/../../../../arm-none-eabi/lib/thumb/v7e-m/fpv5/hard\libc_nano.a(lib_a-init.o)
 .ARM.attributes
                0x000000000000074e       0x32 d:/stm32cubeide_1.0.1/stm32cubeide/plugins/com.st.stm32cube.ide.mcu.externaltools.gnu-tools-for-stm32.7-2018-q2-update.win32_1.5.0.202011040924/tools/bin/../lib/gcc/arm-none-eabi/7.3.1/../../../../arm-none-eabi/lib/thumb/v7e-m/fpv5/hard\libc_nano.a(lib_a-memset.o)
 .ARM.attributes
                0x0000000000000780       0x20 d:/stm32cubeide_1.0.1/stm32cubeide/plugins/com.st.stm32cube.ide.mcu.externaltools.gnu-tools-for-stm32.7-2018-q2-update.win32_1.5.0.202011040924/tools/bin/../lib/gcc/arm-none-eabi/7.3.1/thumb/v7e-m/fpv5/hard\libgcc.a(_aeabi_uldivmod.o)
 .ARM.attributes
                0x00000000000007a0       0x32 d:/stm32cubeide_1.0.1/stm32cubeide/plugins/com.st.stm32cube.ide.mcu.externaltools.gnu-tools-for-stm32.7-2018-q2-update.win32_1.5.0.202011040924/tools/bin/../lib/gcc/arm-none-eabi/7.3.1/thumb/v7e-m/fpv5/hard\libgcc.a(_udivmoddi4.o)
 .ARM.attributes
                0x00000000000007d2       0x20 d:/stm32cubeide_1.0.1/stm32cubeide/plugins/com.st.stm32cube.ide.mcu.externaltools.gnu-tools-for-stm32.7-2018-q2-update.win32_1.5.0.202011040924/tools/bin/../lib/gcc/arm-none-eabi/7.3.1/thumb/v7e-m/fpv5/hard\libgcc.a(_dvmd_tls.o)
 .ARM.attributes
                0x00000000000007f2       0x20 d:/stm32cubeide_1.0.1/stm32cubeide/plugins/com.st.stm32cube.ide.mcu.externaltools.gnu-tools-for-stm32.7-2018-q2-update.win32_1.5.0.202011040924/tools/bin/../lib/gcc/arm-none-eabi/7.3.1/thumb/v7e-m/fpv5/hard/crtn.o
OUTPUT(BUJIdesignCheck.elf elf32-littlearm)

.debug_info     0x0000000000000000    0x3264f
 .debug_info    0x0000000000000000     0x19c5 Core/Src/dcmi.o
 .debug_info    0x00000000000019c5     0x121b Core/Src/dma.o
 .debug_info    0x0000000000002be0     0x1033 Core/Src/gpio.o
 .debug_info    0x0000000000003c13     0x1614 Core/Src/i2c.o
 .debug_info    0x0000000000005227     0x2852 Core/Src/main.o
 .debug_info    0x0000000000007a79     0x167f Core/Src/spi.o
 .debug_info    0x00000000000090f8      0xe8f Core/Src/stm32h7xx_hal_msp.o
 .debug_info    0x0000000000009f87     0x17ad Core/Src/stm32h7xx_it.o
 .debug_info    0x000000000000b734     0x161d Core/Src/system_stm32h7xx.o
 .debug_info    0x000000000000cd51     0x1d57 Core/Src/tim.o
 .debug_info    0x000000000000eaa8     0x1a02 Core/Src/usart.o
 .debug_info    0x00000000000104aa       0x22 Core/Startup/startup_stm32h750vbtx.o
 .debug_info    0x00000000000104cc     0x180a Ctrl/CtrlCenter.o
 .debug_info    0x0000000000011cd6     0x17ab Ctrl/PID.o
 .debug_info    0x0000000000013481     0x1e42 Drivers/STM32H7xx_HAL_Driver/Src/stm32h7xx_hal.o
 .debug_info    0x00000000000152c3     0x1ab6 Drivers/STM32H7xx_HAL_Driver/Src/stm32h7xx_hal_cortex.o
 .debug_info    0x0000000000016d79     0x153d Drivers/STM32H7xx_HAL_Driver/Src/stm32h7xx_hal_dcmi.o
 .debug_info    0x00000000000182b6     0x15f3 Drivers/STM32H7xx_HAL_Driver/Src/stm32h7xx_hal_dma.o
 .debug_info    0x00000000000198a9     0x1222 Drivers/STM32H7xx_HAL_Driver/Src/stm32h7xx_hal_dma_ex.o
 .debug_info    0x000000000001aacb     0x1666 Drivers/STM32H7xx_HAL_Driver/Src/stm32h7xx_hal_gpio.o
 .debug_info    0x000000000001c131     0x2ab5 Drivers/STM32H7xx_HAL_Driver/Src/stm32h7xx_hal_i2c.o
 .debug_info    0x000000000001ebe6     0x173a Drivers/STM32H7xx_HAL_Driver/Src/stm32h7xx_hal_i2c_ex.o
 .debug_info    0x0000000000020320     0x1951 Drivers/STM32H7xx_HAL_Driver/Src/stm32h7xx_hal_pwr_ex.o
 .debug_info    0x0000000000021c71     0x17c7 Drivers/STM32H7xx_HAL_Driver/Src/stm32h7xx_hal_rcc.o
 .debug_info    0x0000000000023438     0x1b37 Drivers/STM32H7xx_HAL_Driver/Src/stm32h7xx_hal_rcc_ex.o
 .debug_info    0x0000000000024f6f     0x1dc6 Drivers/STM32H7xx_HAL_Driver/Src/stm32h7xx_hal_spi.o
 .debug_info    0x0000000000026d35     0x334d Drivers/STM32H7xx_HAL_Driver/Src/stm32h7xx_hal_tim.o
 .debug_info    0x000000000002a082     0x1fa3 Drivers/STM32H7xx_HAL_Driver/Src/stm32h7xx_hal_tim_ex.o
 .debug_info    0x000000000002c025     0x24aa Drivers/STM32H7xx_HAL_Driver/Src/stm32h7xx_hal_uart.o
 .debug_info    0x000000000002e4cf     0x14a9 Drivers/STM32H7xx_HAL_Driver/Src/stm32h7xx_hal_uart_ex.o
 .debug_info    0x000000000002f978     0x11f5 Hardware/JY61P.o
 .debug_info    0x0000000000030b6d     0x1ae2 Hardware/OV2640.o

.debug_abbrev   0x0000000000000000     0x4d65
 .debug_abbrev  0x0000000000000000      0x244 Core/Src/dcmi.o
 .debug_abbrev  0x0000000000000244      0x1e5 Core/Src/dma.o
 .debug_abbrev  0x0000000000000429      0x1fd Core/Src/gpio.o
 .debug_abbrev  0x0000000000000626      0x233 Core/Src/i2c.o
 .debug_abbrev  0x0000000000000859      0x279 Core/Src/main.o
 .debug_abbrev  0x0000000000000ad2      0x233 Core/Src/spi.o
 .debug_abbrev  0x0000000000000d05      0x1e5 Core/Src/stm32h7xx_hal_msp.o
 .debug_abbrev  0x0000000000000eea      0x1ff Core/Src/stm32h7xx_it.o
 .debug_abbrev  0x00000000000010e9      0x22e Core/Src/system_stm32h7xx.o
 .debug_abbrev  0x0000000000001317      0x27c Core/Src/tim.o
 .debug_abbrev  0x0000000000001593      0x244 Core/Src/usart.o
 .debug_abbrev  0x00000000000017d7       0x12 Core/Startup/startup_stm32h750vbtx.o
 .debug_abbrev  0x00000000000017e9      0x245 Ctrl/CtrlCenter.o
 .debug_abbrev  0x0000000000001a2e      0x269 Ctrl/PID.o
 .debug_abbrev  0x0000000000001c97      0x2d9 Drivers/STM32H7xx_HAL_Driver/Src/stm32h7xx_hal.o
 .debug_abbrev  0x0000000000001f70      0x3b5 Drivers/STM32H7xx_HAL_Driver/Src/stm32h7xx_hal_cortex.o
 .debug_abbrev  0x0000000000002325      0x28f Drivers/STM32H7xx_HAL_Driver/Src/stm32h7xx_hal_dcmi.o
 .debug_abbrev  0x00000000000025b4      0x289 Drivers/STM32H7xx_HAL_Driver/Src/stm32h7xx_hal_dma.o
 .debug_abbrev  0x000000000000283d      0x266 Drivers/STM32H7xx_HAL_Driver/Src/stm32h7xx_hal_dma_ex.o
 .debug_abbrev  0x0000000000002aa3      0x28f Drivers/STM32H7xx_HAL_Driver/Src/stm32h7xx_hal_gpio.o
 .debug_abbrev  0x0000000000002d32      0x2ac Drivers/STM32H7xx_HAL_Driver/Src/stm32h7xx_hal_i2c.o
 .debug_abbrev  0x0000000000002fde      0x266 Drivers/STM32H7xx_HAL_Driver/Src/stm32h7xx_hal_i2c_ex.o
 .debug_abbrev  0x0000000000003244      0x311 Drivers/STM32H7xx_HAL_Driver/Src/stm32h7xx_hal_pwr_ex.o
 .debug_abbrev  0x0000000000003555      0x2e2 Drivers/STM32H7xx_HAL_Driver/Src/stm32h7xx_hal_rcc.o
 .debug_abbrev  0x0000000000003837      0x2db Drivers/STM32H7xx_HAL_Driver/Src/stm32h7xx_hal_rcc_ex.o
 .debug_abbrev  0x0000000000003b12      0x2d5 Drivers/STM32H7xx_HAL_Driver/Src/stm32h7xx_hal_spi.o
 .debug_abbrev  0x0000000000003de7      0x2bd Drivers/STM32H7xx_HAL_Driver/Src/stm32h7xx_hal_tim.o
 .debug_abbrev  0x00000000000040a4      0x2c3 Drivers/STM32H7xx_HAL_Driver/Src/stm32h7xx_hal_tim_ex.o
 .debug_abbrev  0x0000000000004367      0x2bb Drivers/STM32H7xx_HAL_Driver/Src/stm32h7xx_hal_uart.o
 .debug_abbrev  0x0000000000004622      0x26f Drivers/STM32H7xx_HAL_Driver/Src/stm32h7xx_hal_uart_ex.o
 .debug_abbrev  0x0000000000004891      0x244 Hardware/JY61P.o
 .debug_abbrev  0x0000000000004ad5      0x290 Hardware/OV2640.o

.debug_aranges  0x0000000000000000     0x17e8
 .debug_aranges
                0x0000000000000000       0x30 Core/Src/dcmi.o
 .debug_aranges
                0x0000000000000030       0x20 Core/Src/dma.o
 .debug_aranges
                0x0000000000000050       0x20 Core/Src/gpio.o
 .debug_aranges
                0x0000000000000070       0x38 Core/Src/i2c.o
 .debug_aranges
                0x00000000000000a8       0x30 Core/Src/main.o
 .debug_aranges
                0x00000000000000d8       0x30 Core/Src/spi.o
 .debug_aranges
                0x0000000000000108       0x20 Core/Src/stm32h7xx_hal_msp.o
 .debug_aranges
                0x0000000000000128       0x88 Core/Src/stm32h7xx_it.o
 .debug_aranges
                0x00000000000001b0       0x28 Core/Src/system_stm32h7xx.o
 .debug_aranges
                0x00000000000001d8       0x50 Core/Src/tim.o
 .debug_aranges
                0x0000000000000228       0x30 Core/Src/usart.o
 .debug_aranges
                0x0000000000000258       0x28 Core/Startup/startup_stm32h750vbtx.o
 .debug_aranges
                0x0000000000000280       0x28 Ctrl/CtrlCenter.o
 .debug_aranges
                0x00000000000002a8       0x40 Ctrl/PID.o
 .debug_aranges
                0x00000000000002e8      0x1b8 Drivers/STM32H7xx_HAL_Driver/Src/stm32h7xx_hal.o
 .debug_aranges
                0x00000000000004a0      0x120 Drivers/STM32H7xx_HAL_Driver/Src/stm32h7xx_hal_cortex.o
 .debug_aranges
                0x00000000000005c0       0xc0 Drivers/STM32H7xx_HAL_Driver/Src/stm32h7xx_hal_dcmi.o
 .debug_aranges
                0x0000000000000680       0xa0 Drivers/STM32H7xx_HAL_Driver/Src/stm32h7xx_hal_dma.o
 .debug_aranges
                0x0000000000000720       0x60 Drivers/STM32H7xx_HAL_Driver/Src/stm32h7xx_hal_dma_ex.o
 .debug_aranges
                0x0000000000000780       0x58 Drivers/STM32H7xx_HAL_Driver/Src/stm32h7xx_hal_gpio.o
 .debug_aranges
                0x00000000000007d8      0x290 Drivers/STM32H7xx_HAL_Driver/Src/stm32h7xx_hal_i2c.o
 .debug_aranges
                0x0000000000000a68       0x48 Drivers/STM32H7xx_HAL_Driver/Src/stm32h7xx_hal_i2c_ex.o
 .debug_aranges
                0x0000000000000ab0      0x158 Drivers/STM32H7xx_HAL_Driver/Src/stm32h7xx_hal_pwr_ex.o
 .debug_aranges
                0x0000000000000c08       0x88 Drivers/STM32H7xx_HAL_Driver/Src/stm32h7xx_hal_rcc.o
 .debug_aranges
                0x0000000000000c90       0xf8 Drivers/STM32H7xx_HAL_Driver/Src/stm32h7xx_hal_rcc_ex.o
 .debug_aranges
                0x0000000000000d88      0x1a0 Drivers/STM32H7xx_HAL_Driver/Src/stm32h7xx_hal_spi.o
 .debug_aranges
                0x0000000000000f28      0x3e0 Drivers/STM32H7xx_HAL_Driver/Src/stm32h7xx_hal_tim.o
 .debug_aranges
                0x0000000000001308      0x188 Drivers/STM32H7xx_HAL_Driver/Src/stm32h7xx_hal_tim_ex.o
 .debug_aranges
                0x0000000000001490      0x230 Drivers/STM32H7xx_HAL_Driver/Src/stm32h7xx_hal_uart.o
 .debug_aranges
                0x00000000000016c0       0x88 Drivers/STM32H7xx_HAL_Driver/Src/stm32h7xx_hal_uart_ex.o
 .debug_aranges
                0x0000000000001748       0x30 Hardware/JY61P.o
 .debug_aranges
                0x0000000000001778       0x70 Hardware/OV2640.o

.debug_ranges   0x0000000000000000     0x15f0
 .debug_ranges  0x0000000000000000       0x20 Core/Src/dcmi.o
 .debug_ranges  0x0000000000000020       0x10 Core/Src/dma.o
 .debug_ranges  0x0000000000000030       0x10 Core/Src/gpio.o
 .debug_ranges  0x0000000000000040       0x28 Core/Src/i2c.o
 .debug_ranges  0x0000000000000068       0x20 Core/Src/main.o
 .debug_ranges  0x0000000000000088       0x20 Core/Src/spi.o
 .debug_ranges  0x00000000000000a8       0x10 Core/Src/stm32h7xx_hal_msp.o
 .debug_ranges  0x00000000000000b8       0x78 Core/Src/stm32h7xx_it.o
 .debug_ranges  0x0000000000000130       0x18 Core/Src/system_stm32h7xx.o
 .debug_ranges  0x0000000000000148       0x40 Core/Src/tim.o
 .debug_ranges  0x0000000000000188       0x20 Core/Src/usart.o
 .debug_ranges  0x00000000000001a8       0x20 Core/Startup/startup_stm32h750vbtx.o
 .debug_ranges  0x00000000000001c8       0x18 Ctrl/CtrlCenter.o
 .debug_ranges  0x00000000000001e0       0x30 Ctrl/PID.o
 .debug_ranges  0x0000000000000210      0x1a8 Drivers/STM32H7xx_HAL_Driver/Src/stm32h7xx_hal.o
 .debug_ranges  0x00000000000003b8      0x110 Drivers/STM32H7xx_HAL_Driver/Src/stm32h7xx_hal_cortex.o
 .debug_ranges  0x00000000000004c8       0xb0 Drivers/STM32H7xx_HAL_Driver/Src/stm32h7xx_hal_dcmi.o
 .debug_ranges  0x0000000000000578       0x90 Drivers/STM32H7xx_HAL_Driver/Src/stm32h7xx_hal_dma.o
 .debug_ranges  0x0000000000000608       0x50 Drivers/STM32H7xx_HAL_Driver/Src/stm32h7xx_hal_dma_ex.o
 .debug_ranges  0x0000000000000658       0x48 Drivers/STM32H7xx_HAL_Driver/Src/stm32h7xx_hal_gpio.o
 .debug_ranges  0x00000000000006a0      0x280 Drivers/STM32H7xx_HAL_Driver/Src/stm32h7xx_hal_i2c.o
 .debug_ranges  0x0000000000000920       0x38 Drivers/STM32H7xx_HAL_Driver/Src/stm32h7xx_hal_i2c_ex.o
 .debug_ranges  0x0000000000000958      0x148 Drivers/STM32H7xx_HAL_Driver/Src/stm32h7xx_hal_pwr_ex.o
 .debug_ranges  0x0000000000000aa0       0x78 Drivers/STM32H7xx_HAL_Driver/Src/stm32h7xx_hal_rcc.o
 .debug_ranges  0x0000000000000b18       0xe8 Drivers/STM32H7xx_HAL_Driver/Src/stm32h7xx_hal_rcc_ex.o
 .debug_ranges  0x0000000000000c00      0x190 Drivers/STM32H7xx_HAL_Driver/Src/stm32h7xx_hal_spi.o
 .debug_ranges  0x0000000000000d90      0x3d0 Drivers/STM32H7xx_HAL_Driver/Src/stm32h7xx_hal_tim.o
 .debug_ranges  0x0000000000001160      0x178 Drivers/STM32H7xx_HAL_Driver/Src/stm32h7xx_hal_tim_ex.o
 .debug_ranges  0x00000000000012d8      0x220 Drivers/STM32H7xx_HAL_Driver/Src/stm32h7xx_hal_uart.o
 .debug_ranges  0x00000000000014f8       0x78 Drivers/STM32H7xx_HAL_Driver/Src/stm32h7xx_hal_uart_ex.o
 .debug_ranges  0x0000000000001570       0x20 Hardware/JY61P.o
 .debug_ranges  0x0000000000001590       0x60 Hardware/OV2640.o

.debug_macro    0x0000000000000000    0x3a5d4
 .debug_macro   0x0000000000000000      0x2d8 Core/Src/dcmi.o
 .debug_macro   0x00000000000002d8      0xa66 Core/Src/dcmi.o
 .debug_macro   0x0000000000000d3e      0x244 Core/Src/dcmi.o
 .debug_macro   0x0000000000000f82       0x2e Core/Src/dcmi.o
 .debug_macro   0x0000000000000fb0       0x3b Core/Src/dcmi.o
 .debug_macro   0x0000000000000feb       0x22 Core/Src/dcmi.o
 .debug_macro   0x000000000000100d       0x8e Core/Src/dcmi.o
 .debug_macro   0x000000000000109b       0x51 Core/Src/dcmi.o
 .debug_macro   0x00000000000010ec       0xef Core/Src/dcmi.o
 .debug_macro   0x00000000000011db       0x6a Core/Src/dcmi.o
 .debug_macro   0x0000000000001245      0x1df Core/Src/dcmi.o
 .debug_macro   0x0000000000001424       0x1c Core/Src/dcmi.o
 .debug_macro   0x0000000000001440       0x22 Core/Src/dcmi.o
 .debug_macro   0x0000000000001462       0xdf Core/Src/dcmi.o
 .debug_macro   0x0000000000001541     0x12cd Core/Src/dcmi.o
 .debug_macro   0x000000000000280e      0x11f Core/Src/dcmi.o
 .debug_macro   0x000000000000292d       0x19 Core/Src/dcmi.o
 .debug_macro   0x0000000000002946    0x259b2 Core/Src/dcmi.o
 .debug_macro   0x00000000000282f8       0x43 Core/Src/dcmi.o
 .debug_macro   0x000000000002833b     0x3cd3 Core/Src/dcmi.o
 .debug_macro   0x000000000002c00e      0x174 Core/Src/dcmi.o
 .debug_macro   0x000000000002c182       0x46 Core/Src/dcmi.o
 .debug_macro   0x000000000002c1c8       0x17 Core/Src/dcmi.o
 .debug_macro   0x000000000002c1df       0x3c Core/Src/dcmi.o
 .debug_macro   0x000000000002c21b       0x34 Core/Src/dcmi.o
 .debug_macro   0x000000000002c24f       0x52 Core/Src/dcmi.o
 .debug_macro   0x000000000002c2a1       0x1f Core/Src/dcmi.o
 .debug_macro   0x000000000002c2c0       0x43 Core/Src/dcmi.o
 .debug_macro   0x000000000002c303       0x20 Core/Src/dcmi.o
 .debug_macro   0x000000000002c323      0x1a3 Core/Src/dcmi.o
 .debug_macro   0x000000000002c4c6      0x32a Core/Src/dcmi.o
 .debug_macro   0x000000000002c7f0      0x1e1 Core/Src/dcmi.o
 .debug_macro   0x000000000002c9d1       0x54 Core/Src/dcmi.o
 .debug_macro   0x000000000002ca25     0x240e Core/Src/dcmi.o
 .debug_macro   0x000000000002ee33     0x1009 Core/Src/dcmi.o
 .debug_macro   0x000000000002fe3c      0x138 Core/Src/dcmi.o
 .debug_macro   0x000000000002ff74      0x117 Core/Src/dcmi.o
 .debug_macro   0x000000000003008b      0x3b2 Core/Src/dcmi.o
 .debug_macro   0x000000000003043d       0x27 Core/Src/dcmi.o
 .debug_macro   0x0000000000030464      0x72d Core/Src/dcmi.o
 .debug_macro   0x0000000000030b91      0x229 Core/Src/dcmi.o
 .debug_macro   0x0000000000030dba       0x66 Core/Src/dcmi.o
 .debug_macro   0x0000000000030e20      0x3bb Core/Src/dcmi.o
 .debug_macro   0x00000000000311db      0x22c Core/Src/dcmi.o
 .debug_macro   0x0000000000031407      0x3e5 Core/Src/dcmi.o
 .debug_macro   0x00000000000317ec      0x275 Core/Src/dcmi.o
 .debug_macro   0x0000000000031a61      0x3cb Core/Src/dcmi.o
 .debug_macro   0x0000000000031e2c      0x408 Core/Src/dcmi.o
 .debug_macro   0x0000000000032234       0x3c Core/Src/dcmi.o
 .debug_macro   0x0000000000032270       0x4a Core/Src/dcmi.o
 .debug_macro   0x00000000000322ba      0x22c Core/Src/dcmi.o
 .debug_macro   0x00000000000324e6       0x64 Core/Src/dcmi.o
 .debug_macro   0x000000000003254a       0xa5 Core/Src/dcmi.o
 .debug_macro   0x00000000000325ef      0x1c5 Core/Src/dcmi.o
 .debug_macro   0x00000000000327b4      0x25f Core/Src/dcmi.o
 .debug_macro   0x0000000000032a13       0x35 Core/Src/dcmi.o
 .debug_macro   0x0000000000032a48      0x5dd Core/Src/dcmi.o
 .debug_macro   0x0000000000033025       0x9e Core/Src/dcmi.o
 .debug_macro   0x00000000000330c3      0xad7 Core/Src/dcmi.o
 .debug_macro   0x0000000000033b9a      0x2a0 Core/Src/dcmi.o
 .debug_macro   0x0000000000033e3a      0x662 Core/Src/dcmi.o
 .debug_macro   0x000000000003449c       0xa6 Core/Src/dcmi.o
 .debug_macro   0x0000000000034542      0x5a0 Core/Src/dcmi.o
 .debug_macro   0x0000000000034ae2       0x7c Core/Src/dcmi.o
 .debug_macro   0x0000000000034b5e      0x2d8 Core/Src/dma.o
 .debug_macro   0x0000000000034e36      0x2d8 Core/Src/gpio.o
 .debug_macro   0x000000000003510e      0x2d8 Core/Src/i2c.o
 .debug_macro   0x00000000000353e6      0x357 Core/Src/main.o
 .debug_macro   0x000000000003573d       0x34 Core/Src/main.o
 .debug_macro   0x0000000000035771       0x4c Core/Src/main.o
 .debug_macro   0x00000000000357bd      0x1ea Core/Src/main.o
 .debug_macro   0x00000000000359a7      0x2d8 Core/Src/spi.o
 .debug_macro   0x0000000000035c7f      0x2ce Core/Src/stm32h7xx_hal_msp.o
 .debug_macro   0x0000000000035f4d      0x2d8 Core/Src/stm32h7xx_it.o
 .debug_macro   0x0000000000036225      0x2c5 Core/Src/system_stm32h7xx.o
 .debug_macro   0x00000000000364ea      0x2d8 Core/Src/tim.o
 .debug_macro   0x00000000000367c2      0x2d8 Core/Src/usart.o
 .debug_macro   0x0000000000036a9a      0x31f Ctrl/CtrlCenter.o
 .debug_macro   0x0000000000036db9       0x82 Ctrl/CtrlCenter.o
 .debug_macro   0x0000000000036e3b      0x2ea Ctrl/PID.o
 .debug_macro   0x0000000000037125      0x2e9 Drivers/STM32H7xx_HAL_Driver/Src/stm32h7xx_hal.o
 .debug_macro   0x000000000003740e      0x2bf Drivers/STM32H7xx_HAL_Driver/Src/stm32h7xx_hal_cortex.o
 .debug_macro   0x00000000000376cd      0x2c6 Drivers/STM32H7xx_HAL_Driver/Src/stm32h7xx_hal_dcmi.o
 .debug_macro   0x0000000000037993      0x313 Drivers/STM32H7xx_HAL_Driver/Src/stm32h7xx_hal_dma.o
 .debug_macro   0x0000000000037ca6      0x2bf Drivers/STM32H7xx_HAL_Driver/Src/stm32h7xx_hal_dma_ex.o
 .debug_macro   0x0000000000037f65      0x2fb Drivers/STM32H7xx_HAL_Driver/Src/stm32h7xx_hal_gpio.o
 .debug_macro   0x0000000000038260      0x384 Drivers/STM32H7xx_HAL_Driver/Src/stm32h7xx_hal_i2c.o
 .debug_macro   0x00000000000385e4      0x2bf Drivers/STM32H7xx_HAL_Driver/Src/stm32h7xx_hal_i2c_ex.o
 .debug_macro   0x00000000000388a3      0x2f8 Drivers/STM32H7xx_HAL_Driver/Src/stm32h7xx_hal_pwr_ex.o
 .debug_macro   0x0000000000038b9b      0x2e3 Drivers/STM32H7xx_HAL_Driver/Src/stm32h7xx_hal_rcc.o
 .debug_macro   0x0000000000038e7e      0x2dd Drivers/STM32H7xx_HAL_Driver/Src/stm32h7xx_hal_rcc_ex.o
 .debug_macro   0x000000000003915b      0x2c7 Drivers/STM32H7xx_HAL_Driver/Src/stm32h7xx_hal_spi.o
 .debug_macro   0x0000000000039422      0x2c0 Drivers/STM32H7xx_HAL_Driver/Src/stm32h7xx_hal_tim.o
 .debug_macro   0x00000000000396e2      0x2bf Drivers/STM32H7xx_HAL_Driver/Src/stm32h7xx_hal_tim_ex.o
 .debug_macro   0x00000000000399a1      0x2ea Drivers/STM32H7xx_HAL_Driver/Src/stm32h7xx_hal_uart.o
 .debug_macro   0x0000000000039c8b      0x2cb Drivers/STM32H7xx_HAL_Driver/Src/stm32h7xx_hal_uart_ex.o
 .debug_macro   0x0000000000039f56      0x2ce Hardware/JY61P.o
 .debug_macro   0x000000000003a224       0x2e Hardware/JY61P.o
 .debug_macro   0x000000000003a252      0x307 Hardware/OV2640.o
 .debug_macro   0x000000000003a559       0x10 Hardware/OV2640.o
 .debug_macro   0x000000000003a569       0x16 Hardware/OV2640.o
 .debug_macro   0x000000000003a57f       0x35 Hardware/OV2640.o
 .debug_macro   0x000000000003a5b4       0x20 Hardware/OV2640.o

.debug_line     0x0000000000000000    0x1a6af
 .debug_line    0x0000000000000000      0x8f0 Core/Src/dcmi.o
 .debug_line    0x00000000000008f0      0x87f Core/Src/dma.o
 .debug_line    0x000000000000116f      0x8ab Core/Src/gpio.o
 .debug_line    0x0000000000001a1a      0x8ef Core/Src/i2c.o
 .debug_line    0x0000000000002309      0xa07 Core/Src/main.o
 .debug_line    0x0000000000002d10      0x8c8 Core/Src/spi.o
 .debug_line    0x00000000000035d8      0x881 Core/Src/stm32h7xx_hal_msp.o
 .debug_line    0x0000000000003e59      0x984 Core/Src/stm32h7xx_it.o
 .debug_line    0x00000000000047dd      0x8cd Core/Src/system_stm32h7xx.o
 .debug_line    0x00000000000050aa      0x99d Core/Src/tim.o
 .debug_line    0x0000000000005a47      0x8d4 Core/Src/usart.o
 .debug_line    0x000000000000631b       0x85 Core/Startup/startup_stm32h750vbtx.o
 .debug_line    0x00000000000063a0      0x959 Ctrl/CtrlCenter.o
 .debug_line    0x0000000000006cf9      0xa68 Ctrl/PID.o
 .debug_line    0x0000000000007761      0xc7f Drivers/STM32H7xx_HAL_Driver/Src/stm32h7xx_hal.o
 .debug_line    0x00000000000083e0      0xbbe Drivers/STM32H7xx_HAL_Driver/Src/stm32h7xx_hal_cortex.o
 .debug_line    0x0000000000008f9e      0xbd2 Drivers/STM32H7xx_HAL_Driver/Src/stm32h7xx_hal_dcmi.o
 .debug_line    0x0000000000009b70     0x1cf2 Drivers/STM32H7xx_HAL_Driver/Src/stm32h7xx_hal_dma.o
 .debug_line    0x000000000000b862      0xeee Drivers/STM32H7xx_HAL_Driver/Src/stm32h7xx_hal_dma_ex.o
 .debug_line    0x000000000000c750      0xa79 Drivers/STM32H7xx_HAL_Driver/Src/stm32h7xx_hal_gpio.o
 .debug_line    0x000000000000d1c9     0x1ef7 Drivers/STM32H7xx_HAL_Driver/Src/stm32h7xx_hal_i2c.o
 .debug_line    0x000000000000f0c0      0x9c6 Drivers/STM32H7xx_HAL_Driver/Src/stm32h7xx_hal_i2c_ex.o
 .debug_line    0x000000000000fa86      0xc5b Drivers/STM32H7xx_HAL_Driver/Src/stm32h7xx_hal_pwr_ex.o
 .debug_line    0x00000000000106e1      0xc61 Drivers/STM32H7xx_HAL_Driver/Src/stm32h7xx_hal_rcc.o
 .debug_line    0x0000000000011342      0xebf Drivers/STM32H7xx_HAL_Driver/Src/stm32h7xx_hal_rcc_ex.o
 .debug_line    0x0000000000012201     0x12e5 Drivers/STM32H7xx_HAL_Driver/Src/stm32h7xx_hal_spi.o
 .debug_line    0x00000000000134e6     0x2788 Drivers/STM32H7xx_HAL_Driver/Src/stm32h7xx_hal_tim.o
 .debug_line    0x0000000000015c6e     0x15e4 Drivers/STM32H7xx_HAL_Driver/Src/stm32h7xx_hal_tim_ex.o
 .debug_line    0x0000000000017252     0x1616 Drivers/STM32H7xx_HAL_Driver/Src/stm32h7xx_hal_uart.o
 .debug_line    0x0000000000018868      0xaf1 Drivers/STM32H7xx_HAL_Driver/Src/stm32h7xx_hal_uart_ex.o
 .debug_line    0x0000000000019359      0x8d6 Hardware/JY61P.o
 .debug_line    0x0000000000019c2f      0xa80 Hardware/OV2640.o

.debug_str      0x0000000000000000   0x1693c7
 .debug_str     0x0000000000000000   0x1611d8 Core/Src/dcmi.o
                                     0x1617cd (size before relaxing)
 .debug_str     0x00000000001611d8       0x29 Core/Src/dma.o
                                     0x1611f2 (size before relaxing)
 .debug_str     0x0000000000161201       0x48 Core/Src/gpio.o
                                     0x160a52 (size before relaxing)
 .debug_str     0x0000000000161249      0x2dd Core/Src/i2c.o
                                     0x16101f (size before relaxing)
 .debug_str     0x0000000000161526     0x17c9 Core/Src/main.o
                                     0x1628b2 (size before relaxing)
 .debug_str     0x0000000000162cef       0x4b Core/Src/spi.o
                                     0x161022 (size before relaxing)
 .debug_str     0x0000000000162d3a       0x2c Core/Src/stm32h7xx_hal_msp.o
                                     0x1609c9 (size before relaxing)
 .debug_str     0x0000000000162d66      0x11c Core/Src/stm32h7xx_it.o
                                     0x1612f2 (size before relaxing)
 .debug_str     0x0000000000162e82      0x332 Core/Src/system_stm32h7xx.o
                                     0x160afa (size before relaxing)
 .debug_str     0x00000000001631b4      0x264 Core/Src/tim.o
                                     0x161b00 (size before relaxing)
 .debug_str     0x0000000000163418       0x51 Core/Src/usart.o
                                     0x1617e2 (size before relaxing)
 .debug_str     0x0000000000163469       0x36 Core/Startup/startup_stm32h750vbtx.o
                                         0x6a (size before relaxing)
 .debug_str     0x000000000016349f       0x62 Ctrl/CtrlCenter.o
                                     0x161bf7 (size before relaxing)
 .debug_str     0x0000000000163501       0x55 Ctrl/PID.o
                                     0x161371 (size before relaxing)
 .debug_str     0x0000000000163556      0x7c1 Drivers/STM32H7xx_HAL_Driver/Src/stm32h7xx_hal.o
                                     0x161996 (size before relaxing)
 .debug_str     0x0000000000163d17      0x3a1 Drivers/STM32H7xx_HAL_Driver/Src/stm32h7xx_hal_cortex.o
                                     0x161421 (size before relaxing)
 .debug_str     0x00000000001640b8      0x237 Drivers/STM32H7xx_HAL_Driver/Src/stm32h7xx_hal_dcmi.o
                                     0x160d90 (size before relaxing)
 .debug_str     0x00000000001642ef      0x876 Drivers/STM32H7xx_HAL_Driver/Src/stm32h7xx_hal_dma.o
                                     0x1611f3 (size before relaxing)
 .debug_str     0x0000000000164b65      0x24e Drivers/STM32H7xx_HAL_Driver/Src/stm32h7xx_hal_dma_ex.o
                                     0x160ba6 (size before relaxing)
 .debug_str     0x0000000000164db3      0x1ff Drivers/STM32H7xx_HAL_Driver/Src/stm32h7xx_hal_gpio.o
                                     0x160b96 (size before relaxing)
 .debug_str     0x0000000000164fb2      0xd41 Drivers/STM32H7xx_HAL_Driver/Src/stm32h7xx_hal_i2c.o
                                     0x161a30 (size before relaxing)
 .debug_str     0x0000000000165cf3       0xb8 Drivers/STM32H7xx_HAL_Driver/Src/stm32h7xx_hal_i2c_ex.o
                                     0x160ed1 (size before relaxing)
 .debug_str     0x0000000000165dab      0x638 Drivers/STM32H7xx_HAL_Driver/Src/stm32h7xx_hal_pwr_ex.o
                                     0x160f5e (size before relaxing)
 .debug_str     0x00000000001663e3      0x26c Drivers/STM32H7xx_HAL_Driver/Src/stm32h7xx_hal_rcc.o
                                     0x160e25 (size before relaxing)
 .debug_str     0x000000000016664f      0x653 Drivers/STM32H7xx_HAL_Driver/Src/stm32h7xx_hal_rcc_ex.o
                                     0x1612eb (size before relaxing)
 .debug_str     0x0000000000166ca2      0x4fd Drivers/STM32H7xx_HAL_Driver/Src/stm32h7xx_hal_spi.o
                                     0x1610e0 (size before relaxing)
 .debug_str     0x000000000016719f      0xd7e Drivers/STM32H7xx_HAL_Driver/Src/stm32h7xx_hal_tim.o
                                     0x161b5b (size before relaxing)
 .debug_str     0x0000000000167f1d      0x571 Drivers/STM32H7xx_HAL_Driver/Src/stm32h7xx_hal_tim_ex.o
                                     0x16146a (size before relaxing)
 .debug_str     0x000000000016848e      0x934 Drivers/STM32H7xx_HAL_Driver/Src/stm32h7xx_hal_uart.o
                                     0x16174d (size before relaxing)
 .debug_str     0x0000000000168dc2      0x288 Drivers/STM32H7xx_HAL_Driver/Src/stm32h7xx_hal_uart_ex.o
                                     0x160d97 (size before relaxing)
 .debug_str     0x000000000016904a       0x2e Hardware/JY61P.o
                                     0x160bf2 (size before relaxing)
 .debug_str     0x0000000000169078      0x34f Hardware/OV2640.o
                                     0x161ac2 (size before relaxing)

.comment        0x0000000000000000       0x7b
 .comment       0x0000000000000000       0x7b Core/Src/dcmi.o
                                         0x7c (size before relaxing)
 .comment       0x000000000000007b       0x7c Core/Src/dma.o
 .comment       0x000000000000007b       0x7c Core/Src/gpio.o
 .comment       0x000000000000007b       0x7c Core/Src/i2c.o
 .comment       0x000000000000007b       0x7c Core/Src/main.o
 .comment       0x000000000000007b       0x7c Core/Src/spi.o
 .comment       0x000000000000007b       0x7c Core/Src/stm32h7xx_hal_msp.o
 .comment       0x000000000000007b       0x7c Core/Src/stm32h7xx_it.o
 .comment       0x000000000000007b       0x7c Core/Src/system_stm32h7xx.o
 .comment       0x000000000000007b       0x7c Core/Src/tim.o
 .comment       0x000000000000007b       0x7c Core/Src/usart.o
 .comment       0x000000000000007b       0x7c Ctrl/CtrlCenter.o
 .comment       0x000000000000007b       0x7c Ctrl/PID.o
 .comment       0x000000000000007b       0x7c Drivers/STM32H7xx_HAL_Driver/Src/stm32h7xx_hal.o
 .comment       0x000000000000007b       0x7c Drivers/STM32H7xx_HAL_Driver/Src/stm32h7xx_hal_cortex.o
 .comment       0x000000000000007b       0x7c Drivers/STM32H7xx_HAL_Driver/Src/stm32h7xx_hal_dcmi.o
 .comment       0x000000000000007b       0x7c Drivers/STM32H7xx_HAL_Driver/Src/stm32h7xx_hal_dma.o
 .comment       0x000000000000007b       0x7c Drivers/STM32H7xx_HAL_Driver/Src/stm32h7xx_hal_dma_ex.o
 .comment       0x000000000000007b       0x7c Drivers/STM32H7xx_HAL_Driver/Src/stm32h7xx_hal_gpio.o
 .comment       0x000000000000007b       0x7c Drivers/STM32H7xx_HAL_Driver/Src/stm32h7xx_hal_i2c.o
 .comment       0x000000000000007b       0x7c Drivers/STM32H7xx_HAL_Driver/Src/stm32h7xx_hal_i2c_ex.o
 .comment       0x000000000000007b       0x7c Drivers/STM32H7xx_HAL_Driver/Src/stm32h7xx_hal_pwr_ex.o
 .comment       0x000000000000007b       0x7c Drivers/STM32H7xx_HAL_Driver/Src/stm32h7xx_hal_rcc.o
 .comment       0x000000000000007b       0x7c Drivers/STM32H7xx_HAL_Driver/Src/stm32h7xx_hal_rcc_ex.o
 .comment       0x000000000000007b       0x7c Drivers/STM32H7xx_HAL_Driver/Src/stm32h7xx_hal_spi.o
 .comment       0x000000000000007b       0x7c Drivers/STM32H7xx_HAL_Driver/Src/stm32h7xx_hal_tim.o
 .comment       0x000000000000007b       0x7c Drivers/STM32H7xx_HAL_Driver/Src/stm32h7xx_hal_tim_ex.o
 .comment       0x000000000000007b       0x7c Drivers/STM32H7xx_HAL_Driver/Src/stm32h7xx_hal_uart.o
 .comment       0x000000000000007b       0x7c Drivers/STM32H7xx_HAL_Driver/Src/stm32h7xx_hal_uart_ex.o
 .comment       0x000000000000007b       0x7c Hardware/JY61P.o
 .comment       0x000000000000007b       0x7c Hardware/OV2640.o

.debug_frame    0x0000000000000000     0x6350
 .debug_frame   0x0000000000000000       0x74 Core/Src/dcmi.o
 .debug_frame   0x0000000000000074       0x34 Core/Src/dma.o
 .debug_frame   0x00000000000000a8       0x34 Core/Src/gpio.o
 .debug_frame   0x00000000000000dc       0x90 Core/Src/i2c.o
 .debug_frame   0x000000000000016c       0x74 Core/Src/main.o
 .debug_frame   0x00000000000001e0       0x74 Core/Src/spi.o
 .debug_frame   0x0000000000000254       0x38 Core/Src/stm32h7xx_hal_msp.o
 .debug_frame   0x000000000000028c      0x190 Core/Src/stm32h7xx_it.o
 .debug_frame   0x000000000000041c       0x58 Core/Src/system_stm32h7xx.o
 .debug_frame   0x0000000000000474      0x10c Core/Src/tim.o
 .debug_frame   0x0000000000000580       0x74 Core/Src/usart.o
 .debug_frame   0x00000000000005f4       0x54 Ctrl/CtrlCenter.o
 .debug_frame   0x0000000000000648       0xd4 Ctrl/PID.o
 .debug_frame   0x000000000000071c      0x710 Drivers/STM32H7xx_HAL_Driver/Src/stm32h7xx_hal.o
 .debug_frame   0x0000000000000e2c      0x4b8 Drivers/STM32H7xx_HAL_Driver/Src/stm32h7xx_hal_cortex.o
 .debug_frame   0x00000000000012e4      0x340 Drivers/STM32H7xx_HAL_Driver/Src/stm32h7xx_hal_dcmi.o
 .debug_frame   0x0000000000001624      0x2b4 Drivers/STM32H7xx_HAL_Driver/Src/stm32h7xx_hal_dma.o
 .debug_frame   0x00000000000018d8      0x174 Drivers/STM32H7xx_HAL_Driver/Src/stm32h7xx_hal_dma_ex.o
 .debug_frame   0x0000000000001a4c      0x14c Drivers/STM32H7xx_HAL_Driver/Src/stm32h7xx_hal_gpio.o
 .debug_frame   0x0000000000001b98      0xbf0 Drivers/STM32H7xx_HAL_Driver/Src/stm32h7xx_hal_i2c.o
 .debug_frame   0x0000000000002788      0x100 Drivers/STM32H7xx_HAL_Driver/Src/stm32h7xx_hal_i2c_ex.o
 .debug_frame   0x0000000000002888      0x580 Drivers/STM32H7xx_HAL_Driver/Src/stm32h7xx_hal_pwr_ex.o
 .debug_frame   0x0000000000002e08      0x1f8 Drivers/STM32H7xx_HAL_Driver/Src/stm32h7xx_hal_rcc.o
 .debug_frame   0x0000000000003000      0x3f4 Drivers/STM32H7xx_HAL_Driver/Src/stm32h7xx_hal_rcc_ex.o
 .debug_frame   0x00000000000033f4      0x778 Drivers/STM32H7xx_HAL_Driver/Src/stm32h7xx_hal_spi.o
 .debug_frame   0x0000000000003b6c     0x1218 Drivers/STM32H7xx_HAL_Driver/Src/stm32h7xx_hal_tim.o
 .debug_frame   0x0000000000004d84      0x6d8 Drivers/STM32H7xx_HAL_Driver/Src/stm32h7xx_hal_tim_ex.o
 .debug_frame   0x000000000000545c      0xa0c Drivers/STM32H7xx_HAL_Driver/Src/stm32h7xx_hal_uart.o
 .debug_frame   0x0000000000005e68      0x22c Drivers/STM32H7xx_HAL_Driver/Src/stm32h7xx_hal_uart_ex.o