Archive member included to satisfy reference by file (symbol)

d:/stm32cubeide_1.0.1/stm32cubeide/plugins/com.st.stm32cube.ide.mcu.externaltools.gnu-tools-for-stm32.7-2018-q2-update.win32_1.5.0.202011040924/tools/bin/../lib/gcc/arm-none-eabi/7.3.1/../../../../arm-none-eabi/lib/thumb/v7e-m/fpv5/hard\libc_nano.a(lib_a-exit.o)
                              d:/stm32cubeide_1.0.1/stm32cubeide/plugins/com.st.stm32cube.ide.mcu.externaltools.gnu-tools-for-stm32.7-2018-q2-update.win32_1.5.0.202011040924/tools/bin/../lib/gcc/arm-none-eabi/7.3.1/../../../../arm-none-eabi/lib/thumb/v7e-m/fpv5/hard/crt0.o (exit)
d:/stm32cubeide_1.0.1/stm32cubeide/plugins/com.st.stm32cube.ide.mcu.externaltools.gnu-tools-for-stm32.7-2018-q2-update.win32_1.5.0.202011040924/tools/bin/../lib/gcc/arm-none-eabi/7.3.1/../../../../arm-none-eabi/lib/thumb/v7e-m/fpv5/hard\libc_nano.a(lib_a-impure.o)
                              d:/stm32cubeide_1.0.1/stm32cubeide/plugins/com.st.stm32cube.ide.mcu.externaltools.gnu-tools-for-stm32.7-2018-q2-update.win32_1.5.0.202011040924/tools/bin/../lib/gcc/arm-none-eabi/7.3.1/../../../../arm-none-eabi/lib/thumb/v7e-m/fpv5/hard\libc_nano.a(lib_a-exit.o) (_global_impure_ptr)
d:/stm32cubeide_1.0.1/stm32cubeide/plugins/com.st.stm32cube.ide.mcu.externaltools.gnu-tools-for-stm32.7-2018-q2-update.win32_1.5.0.202011040924/tools/bin/../lib/gcc/arm-none-eabi/7.3.1/../../../../arm-none-eabi/lib/thumb/v7e-m/fpv5/hard\libc_nano.a(lib_a-init.o)
                              d:/stm32cubeide_1.0.1/stm32cubeide/plugins/com.st.stm32cube.ide.mcu.externaltools.gnu-tools-for-stm32.7-2018-q2-update.win32_1.5.0.202011040924/tools/bin/../lib/gcc/arm-none-eabi/7.3.1/../../../../arm-none-eabi/lib/thumb/v7e-m/fpv5/hard/crt0.o (__libc_init_array)
d:/stm32cubeide_1.0.1/stm32cubeide/plugins/com.st.stm32cube.ide.mcu.externaltools.gnu-tools-for-stm32.7-2018-q2-update.win32_1.5.0.202011040924/tools/bin/../lib/gcc/arm-none-eabi/7.3.1/../../../../arm-none-eabi/lib/thumb/v7e-m/fpv5/hard\libc_nano.a(lib_a-memset.o)
                              d:/stm32cubeide_1.0.1/stm32cubeide/plugins/com.st.stm32cube.ide.mcu.externaltools.gnu-tools-for-stm32.7-2018-q2-update.win32_1.5.0.202011040924/tools/bin/../lib/gcc/arm-none-eabi/7.3.1/../../../../arm-none-eabi/lib/thumb/v7e-m/fpv5/hard/crt0.o (memset)
d:/stm32cubeide_1.0.1/stm32cubeide/plugins/com.st.stm32cube.ide.mcu.externaltools.gnu-tools-for-stm32.7-2018-q2-update.win32_1.5.0.202011040924/tools/bin/../lib/gcc/arm-none-eabi/7.3.1/../../../../arm-none-eabi/lib/thumb/v7e-m/fpv5/hard\libc_nano.a(lib_a-strlen.o)
                              ToolsCore/TypeConvertor.o (strlen)
d:/stm32cubeide_1.0.1/stm32cubeide/plugins/com.st.stm32cube.ide.mcu.externaltools.gnu-tools-for-stm32.7-2018-q2-update.win32_1.5.0.202011040924/tools/bin/../lib/gcc/arm-none-eabi/7.3.1/../../../../arm-none-eabi/lib/thumb/v7e-m/fpv5/hard\libc_nano.a(lib_a-strncpy.o)
                              ToolsCore/TypeConvertor.o (strncpy)
d:/stm32cubeide_1.0.1/stm32cubeide/plugins/com.st.stm32cube.ide.mcu.externaltools.gnu-tools-for-stm32.7-2018-q2-update.win32_1.5.0.202011040924/tools/bin/../lib/gcc/arm-none-eabi/7.3.1/thumb/v7e-m/fpv5/hard\libgcc.a(_aeabi_uldivmod.o)
                              Drivers/STM32H7xx_HAL_Driver/Src/stm32h7xx_hal_uart.o (__aeabi_uldivmod)
d:/stm32cubeide_1.0.1/stm32cubeide/plugins/com.st.stm32cube.ide.mcu.externaltools.gnu-tools-for-stm32.7-2018-q2-update.win32_1.5.0.202011040924/tools/bin/../lib/gcc/arm-none-eabi/7.3.1/thumb/v7e-m/fpv5/hard\libgcc.a(_udivmoddi4.o)
                              d:/stm32cubeide_1.0.1/stm32cubeide/plugins/com.st.stm32cube.ide.mcu.externaltools.gnu-tools-for-stm32.7-2018-q2-update.win32_1.5.0.202011040924/tools/bin/../lib/gcc/arm-none-eabi/7.3.1/thumb/v7e-m/fpv5/hard\libgcc.a(_aeabi_uldivmod.o) (__udivmoddi4)
d:/stm32cubeide_1.0.1/stm32cubeide/plugins/com.st.stm32cube.ide.mcu.externaltools.gnu-tools-for-stm32.7-2018-q2-update.win32_1.5.0.202011040924/tools/bin/../lib/gcc/arm-none-eabi/7.3.1/thumb/v7e-m/fpv5/hard\libgcc.a(_dvmd_tls.o)
                              d:/stm32cubeide_1.0.1/stm32cubeide/plugins/com.st.stm32cube.ide.mcu.externaltools.gnu-tools-for-stm32.7-2018-q2-update.win32_1.5.0.202011040924/tools/bin/../lib/gcc/arm-none-eabi/7.3.1/thumb/v7e-m/fpv5/hard\libgcc.a(_aeabi_uldivmod.o) (__aeabi_ldiv0)
d:/stm32cubeide_1.0.1/stm32cubeide/plugins/com.st.stm32cube.ide.mcu.externaltools.gnu-tools-for-stm32.7-2018-q2-update.win32_1.5.0.202011040924/tools/bin/../lib/gcc/arm-none-eabi/7.3.1/../../../../arm-none-eabi/lib/thumb/v7e-m/fpv5/hard\libnosys.a(_exit.o)
                              d:/stm32cubeide_1.0.1/stm32cubeide/plugins/com.st.stm32cube.ide.mcu.externaltools.gnu-tools-for-stm32.7-2018-q2-update.win32_1.5.0.202011040924/tools/bin/../lib/gcc/arm-none-eabi/7.3.1/../../../../arm-none-eabi/lib/thumb/v7e-m/fpv5/hard\libc_nano.a(lib_a-exit.o) (_exit)

Allocating common symbols
Common symbol       size              file

recvChr             0x1               Hardware/GPS.o
[...]
Memory Configuration

Name             Origin             Length             Attributes
DTCMRAM          0x0000000020000000 0x0000000000020000 xrw
ITCMRAM          0x0000000000000000 0x0000000000010000 xrw
RAM_D1           0x0000000024000000 0x0000000000080000 xrw
RAM_D2           0x0000000030000000 0x0000000000048000 xrw
RAM_D3           0x0000000038000000 0x0000000000010000 xrw
FLASH            0x0000000008000000 0x0000000000020000 xr
*default*        0x0000000000000000 0xffffffffffffffff

Linker script and memory map

LOAD d:/stm32cubeide_1.0.1/stm32cubeide/plugins/com.st.stm32cube.ide.mcu.externaltools.gnu-tools-for-stm32.7-2018-q2-update.win32_1.5.0.202011040924/tools/bin/../lib/gcc/arm-none-eabi/7.3.1/thumb/v7e-m/fpv5/hard/crti.o
LOAD d:/stm32cubeide_1.0.1/stm32cubeide/plugins/com.st.stm32cube.ide.mcu.externaltools.gnu-tools-for-stm32.7-2018-q2-update.win32_1.5.0.202011040924/tools/bin/../lib/gcc/arm-none-eabi/7.3.1/thumb/v7e-m/fpv5/hard/crtbegin.o
LOAD d:/stm32cubeide_1.0.1/stm32cubeide/plugins/com.st.stm32cube.ide.mcu.externaltools.gnu-tools-for-stm32.7-2018-q2-update.win32_1.5.0.202011040924/tools/bin/../lib/gcc/arm-none-eabi/7.3.1/../../../../arm-none-eabi/lib/thumb/v7e-m/fpv5/hard/crt0.o
LOAD Core/Src/dcmi.o
LOAD Core/Src/dma.o
LOAD Core/Src/gpio.o
LOAD Core/Src/i2c.o
LOAD Core/Src/main.o
LOAD Core/Src/spi.o
LOAD Core/Src/stm32h7xx_hal_msp.o
LOAD Core/Src/stm32h7xx_it.o
LOAD Core/Src/system_stm32h7xx.o
LOAD Core/Src/tim.o
LOAD Core/Src/usart.o
LOAD Core/Startup/startup_stm32h750vbtx.o
LOAD Ctrl/PID.o
LOAD Drivers/STM32H7xx_HAL_Driver/Src/stm32h7xx_hal.o
LOAD Drivers/STM32H7xx_HAL_Driver/Src/stm32h7xx_hal_cortex.o
LOAD Drivers/STM32H7xx_HAL_Driver/Src/stm32h7xx_hal_dcmi.o
LOAD Drivers/STM32H7xx_HAL_Driver/Src/stm32h7xx_hal_dma.o
LOAD Drivers/STM32H7xx_HAL_Driver/Src/stm32h7xx_hal_dma_ex.o
LOAD Drivers/STM32H7xx_HAL_Driver/Src/stm32h7xx_hal_exti.o
LOAD Drivers/STM32H7xx_HAL_Driver/Src/stm32h7xx_hal_flash.o
LOAD Drivers/STM32H7xx_HAL_Driver/Src/stm32h7xx_hal_flash_ex.o
LOAD Drivers/STM32H7xx_HAL_Driver/Src/stm32h7xx_hal_gpio.o
LOAD Drivers/STM32H7xx_HAL_Driver/Src/stm32h7xx_hal_hsem.o
LOAD Drivers/STM32H7xx_HAL_Driver/Src/stm32h7xx_hal_i2c.o
LOAD Drivers/STM32H7xx_HAL_Driver/Src/stm32h7xx_hal_i2c_ex.o
LOAD Drivers/STM32H7xx_HAL_Driver/Src/stm32h7xx_hal_mdma.o
LOAD Drivers/STM32H7xx_HAL_Driver/Src/stm32h7xx_hal_pwr.o
LOAD Drivers/STM32H7xx_HAL_Driver/Src/stm32h7xx_hal_pwr_ex.o
LOAD Drivers/STM32H7xx_HAL_Driver/Src/stm32h7xx_hal_rcc.o
LOAD Drivers/STM32H7xx_HAL_Driver/Src/stm32h7xx_hal_rcc_ex.o
LOAD Drivers/STM32H7xx_HAL_Driver/Src/stm32h7xx_hal_spi.o
LOAD Drivers/STM32H7xx_HAL_Driver/Src/stm32h7xx_hal_spi_ex.o
LOAD Drivers/STM32H7xx_HAL_Driver/Src/stm32h7xx_hal_tim.o
LOAD Drivers/STM32H7xx_HAL_Driver/Src/stm32h7xx_hal_tim_ex.o
LOAD Drivers/STM32H7xx_HAL_Driver/Src/stm32h7xx_hal_uart.o
LOAD Drivers/STM32H7xx_HAL_Driver/Src/stm32h7xx_hal_uart_ex.o
LOAD Hardware/GPS.o
LOAD Hardware/JY61P.o
LOAD Hardware/OV2640.o
LOAD ToolsCore/TypeConvertor.o
START GROUP
LOAD d:/stm32cubeide_1.0.1/stm32cubeide/plugins/com.st.stm32cube.ide.mcu.externaltools.gnu-tools-for-stm32.7-2018-q2-update.win32_1.5.0.202011040924/tools/bin/../lib/gcc/arm-none-eabi/7.3.1/../../../../arm-none-eabi/lib/thumb/v7e-m/fpv5/hard\libc_nano.a
LOAD d:/stm32cubeide_1.0.1/stm32cubeide/plugins/com.st.stm32cube.ide.mcu.externaltools.gnu-tools-for-stm32.7-2018-q2-update.win32_1.5.0.202011040924/tools/bin/../lib/gcc/arm-none-eabi/7.3.1/../../../../arm-none-eabi/lib/thumb/v7e-m/fpv5/hard\libm.a
END GROUP
START GROUP
LOAD d:/stm32cubeide_1.0.1/stm32cubeide/plugins/com.st.stm32cube.ide.mcu.externaltools.gnu-tools-for-stm32.7-2018-q2-update.win32_1.5.0.202011040924/tools/bin/../lib/gcc/arm-none-eabi/7.3.1/thumb/v7e-m/fpv5/hard\libgcc.a
LOAD d:/stm32cubeide_1.0.1/stm32cubeide/plugins/com.st.stm32cube.ide.mcu.externaltools.gnu-tools-for-stm32.7-2018-q2-update.win32_1.5.0.202011040924/tools/bin/../lib/gcc/arm-none-eabi/7.3.1/../../../../arm-none-eabi/lib/thumb/v7e-m/fpv5/hard\libc_nano.a
END GROUP
START GROUP
LOAD d:/stm32cubeide_1.0.1/stm32cubeide/plugins/com.st.stm32cube.ide.mcu.externaltools.gnu-tools-for-stm32.7-2018-q2-update.win32_1.5.0.202011040924/tools/bin/../lib/gcc/arm-none-eabi/7.3.1/thumb/v7e-m/fpv5/hard\libgcc.a
LOAD d:/stm32cubeide_1.0.1/stm32cubeide/plugins/com.st.stm32cube.ide.mcu.externaltools.gnu-tools-for-stm32.7-2018-q2-update.win32_1.5.0.202011040924/tools/bin/../lib/gcc/arm-none-eabi/7.3.1/../../../../arm-none-eabi/lib/thumb/v7e-m/fpv5/hard\libc_nano.a
LOAD d:/stm32cubeide_1.0.1/stm32cubeide/plugins/com.st.stm32cube.ide.mcu.externaltools.gnu-tools-for-stm32.7-2018-q2-update.win32_1.5.0.202011040924/tools/bin/../lib/gcc/arm-none-eabi/7.3.1/../../../../arm-none-eabi/lib/thumb/v7e-m/fpv5/hard\libnosys.a
END GROUP
START GROUP
LOAD d:/stm32cubeide_1.0.1/stm32cubeide/plugins/com.st.stm32cube.ide.mcu.externaltools.gnu-tools-for-stm32.7-2018-q2-update.win32_1.5.0.202011040924/tools/bin/../lib/gcc/arm-none-eabi/7.3.1/thumb/v7e-m/fpv5/hard\libgcc.a
LOAD d:/stm32cubeide_1.0.1/stm32cubeide/plugins/com.st.stm32cube.ide.mcu.externaltools.gnu-tools-for-stm32.7-2018-q2-update.win32_1.5.0.202011040924/tools/bin/../lib/gcc/arm-none-eabi/7.3.1/../../../../arm-none-eabi/lib/thumb/v7e-m/fpv5/hard\libc_nano.a
LOAD d:/stm32cubeide_1.0.1/stm32cubeide/plugins/com.st.stm32cube.ide.mcu.externaltools.gnu-tools-for-stm32.7-2018-q2-update.win32_1.5.0.202011040924/tools/bin/../lib/gcc/arm-none-eabi/7.3.1/../../../../arm-none-eabi/lib/thumb/v7e-m/fpv5/hard\libnosys.a
END GROUP
LOAD d:/stm32cubeide_1.0.1/stm32cubeide/plugins/com.st.stm32cube.ide.mcu.externaltools.gnu-tools-for-stm32.7-2018-q2-update.win32_1.5.0.202011040924/tools/bin/../lib/gcc/arm-none-eabi/7.3.1/thumb/v7e-m/fpv5/hard/crtend.o
LOAD d:/stm32cubeide_1.0.1/stm32cubeide/plugins/com.st.stm32cube.ide.mcu.externaltools.gnu-tools-for-stm32.7-2018-q2-update.win32_1.5.0.202011040924/tools/bin/../lib/gcc/arm-none-eabi/7.3.1/thumb/v7e-m/fpv5/hard/crtn.o
                0x0000000024080000                _estack = (ORIGIN (RAM_D1) + LENGTH (RAM_D1))
                0x0000000000000200                _Min_Heap_Size = 0x200
                0x0000000000000400                _Min_Stack_Size = 0x400

.isr_vector     0x0000000008000000      0x298
                0x0000000008000000                . = ALIGN (0x4)
 *(.isr_vector)
 .isr_vector    0x0000000008000000      0x298 Core/Startup/startup_stm32h750vbtx.o
                0x0000000008000000                g_pfnVectors
                0x0000000008000298                . = ALIGN (0x4)

.text           0x0000000008000298     0xab70
                0x0000000008000298                . = ALIGN (0x4)
 *(.text)
 .text          0x0000000008000298       0x40 d:/stm32cubeide_1.0.1/stm32cubeide/plugins/com.st.stm32cube.ide.mcu.externaltools.gnu-tools-for-stm32.7-2018-q2-update.win32_1.5.0.202011040924/tools/bin/../lib/gcc/arm-none-eabi/7.3.1/thumb/v7e-m/fpv5/hard/crtbegin.o
 .text          0x00000000080002d8       0x30 d:/stm32cubeide_1.0.1/stm32cubeide/plugins/com.st.stm32cube.ide.mcu.externaltools.gnu-tools-for-stm32.7-2018-q2-update.win32_1.5.0.202011040924/tools/bin/../lib/gcc/arm-none-eabi/7.3.1/thumb/v7e-m/fpv5/hard\libgcc.a(_aeabi_uldivmod.o)
                0x00000000080002d8                __aeabi_uldivmod
 .text          0x0000000008000308      0x2cc d:/stm32cubeide_1.0.1/stm32cubeide/plugins/com.st.stm32cube.ide.mcu.externaltools.gnu-tools-for-stm32.7-2018-q2-update.win32_1.5.0.202011040924/tools/bin/../lib/gcc/arm-none-eabi/7.3.1/thumb/v7e-m/fpv5/hard\libgcc.a(_udivmoddi4.o)
                0x0000000008000308                __udivmoddi4
 .text          0x00000000080005d4        0x4 d:/stm32cubeide_1.0.1/stm32cubeide/plugins/com.st.stm32cube.ide.mcu.externaltools.gnu-tools-for-stm32.7-2018-q2-update.win32_1.5.0.202011040924/tools/bin/../lib/gcc/arm-none-eabi/7.3.1/thumb/v7e-m/fpv5/hard\libgcc.a(_dvmd_tls.o)
                0x00000000080005d4                __aeabi_idiv0
                0x00000000080005d4                __aeabi_ldiv0
 *(.text*)
 .text.MX_DCMI_Init
                0x00000000080005d8       0x68 Core/Src/dcmi.o
                0x00000000080005d8                MX_DCMI_Init
 .text.HAL_DCMI_MspInit
                0x0000000008000640      0x22c Core/Src/dcmi.o
                0x0000000008000640                HAL_DCMI_MspInit
 .text.MX_DMA_Init
                0x000000000800086c       0x50 Core/Src/dma.o
                0x000000000800086c                MX_DMA_Init
 .text.MX_GPIO_Init
                0x00000000080008bc      0x1e4 Core/Src/gpio.o
                0x00000000080008bc                MX_GPIO_Init
 .text.MX_I2C1_Init
                0x0000000008000aa0       0x80 Core/Src/i2c.o
                0x0000000008000aa0                MX_I2C1_Init
 .text.MX_I2C2_Init
                0x0000000008000b20       0x80 Core/Src/i2c.o
                0x0000000008000b20                MX_I2C2_Init
 .text.HAL_I2C_MspInit
                0x0000000008000ba0      0x104 Core/Src/i2c.o
                0x0000000008000ba0                HAL_I2C_MspInit
 .text.main     0x0000000008000ca4       0x78 Core/Src/main.o
                0x0000000008000ca4                main
 .text.SystemClock_Config
                0x0000000008000d1c      0x18c Core/Src/main.o
                0x0000000008000d1c                SystemClock_Config
 .text.Error_Handler
                0x0000000008000ea8        0xe Core/Src/main.o
                0x0000000008000ea8                Error_Handler
 *fill*         0x0000000008000eb6        0x2 
 .text.MX_SPI1_Init
                0x0000000008000eb8       0xac Core/Src/spi.o
                0x0000000008000eb8                MX_SPI1_Init
 .text.HAL_SPI_MspInit
                0x0000000008000f64       0xd8 Core/Src/spi.o
                0x0000000008000f64                HAL_SPI_MspInit
 .text.HAL_MspInit
                0x000000000800103c       0x34 Core/Src/stm32h7xx_hal_msp.o
                0x000000000800103c                HAL_MspInit
 .text.NMI_Handler
                0x0000000008001070        0x6 Core/Src/stm32h7xx_it.o
                0x0000000008001070                NMI_Handler
 .text.HardFault_Handler
                0x0000000008001076        0x6 Core/Src/stm32h7xx_it.o
                0x0000000008001076                HardFault_Handler
 .text.MemManage_Handler
                0x000000000800107c        0x6 Core/Src/stm32h7xx_it.o
                0x000000000800107c                MemManage_Handler
 .text.BusFault_Handler
                0x0000000008001082        0x6 Core/Src/stm32h7xx_it.o
                0x0000000008001082                BusFault_Handler
 .text.UsageFault_Handler
                0x0000000008001088        0x6 Core/Src/stm32h7xx_it.o
                0x0000000008001088                UsageFault_Handler
 .text.SVC_Handler
                0x000000000800108e        0xe Core/Src/stm32h7xx_it.o
                0x000000000800108e                SVC_Handler
 .text.DebugMon_Handler
                0x000000000800109c        0xe Core/Src/stm32h7xx_it.o
                0x000000000800109c                DebugMon_Handler
 .text.PendSV_Handler
                0x00000000080010aa        0xe Core/Src/stm32h7xx_it.o
                0x00000000080010aa                PendSV_Handler
 .text.SysTick_Handler
                0x00000000080010b8        0xc Core/Src/stm32h7xx_it.o
                0x00000000080010b8                SysTick_Handler
 .text.DMA1_Stream0_IRQHandler
                0x00000000080010c4       0x14 Core/Src/stm32h7xx_it.o
                0x00000000080010c4                DMA1_Stream0_IRQHandler
 .text.DMA1_Stream1_IRQHandler
                0x00000000080010d8       0x14 Core/Src/stm32h7xx_it.o
                0x00000000080010d8                DMA1_Stream1_IRQHandler
 .text.UART4_IRQHandler
                0x00000000080010ec       0x14 Core/Src/stm32h7xx_it.o
                0x00000000080010ec                UART4_IRQHandler
 .text.DCMI_IRQHandler
                0x0000000008001100       0x14 Core/Src/stm32h7xx_it.o
                0x0000000008001100                DCMI_IRQHandler
 .text.SystemInit
                0x0000000008001114      0x118 Core/Src/system_stm32h7xx.o
                0x0000000008001114                SystemInit
 .text.MX_TIM4_Init
                0x000000000800122c      0x104 Core/Src/tim.o
                0x000000000800122c                MX_TIM4_Init
 .text.MX_TIM5_Init
                0x0000000008001330       0xf0 Core/Src/tim.o
                0x0000000008001330                MX_TIM5_Init
 .text.MX_TIM16_Init
                0x0000000008001420       0xf4 Core/Src/tim.o
                0x0000000008001420                MX_TIM16_Init
 .text.HAL_TIM_Base_MspInit
                0x0000000008001514       0xa0 Core/Src/tim.o
                0x0000000008001514                HAL_TIM_Base_MspInit
 .text.HAL_TIM_MspPostInit
                0x00000000080015b4      0x11c Core/Src/tim.o
                0x00000000080015b4                HAL_TIM_MspPostInit
 .text.MX_UART4_Init
                0x00000000080016d0       0x98 Core/Src/usart.o
                0x00000000080016d0                MX_UART4_Init
 .text.HAL_UART_MspInit
                0x0000000008001768      0x118 Core/Src/usart.o
                0x0000000008001768                HAL_UART_MspInit
 .text.Reset_Handler
                0x0000000008001880       0x50 Core/Startup/startup_stm32h750vbtx.o
                0x0000000008001880                Reset_Handler
 .text.Default_Handler
                0x00000000080018d0        0x2 Core/Startup/startup_stm32h750vbtx.o
                0x00000000080018d0                RTC_Alarm_IRQHandler
                0x00000000080018d0                HASH_RNG_IRQHandler
                0x00000000080018d0                EXTI2_IRQHandler
                0x00000000080018d0                TIM8_CC_IRQHandler
                0x00000000080018d0                HRTIM1_Master_IRQHandler
                0x00000000080018d0                UART8_IRQHandler
                0x00000000080018d0                SPI4_IRQHandler
                0x00000000080018d0                TIM1_CC_IRQHandler
                0x00000000080018d0                BDMA_Channel6_IRQHandler
                0x00000000080018d0                DMA2_Stream5_IRQHandler
                0x00000000080018d0                HRTIM1_FLT_IRQHandler
                0x00000000080018d0                JPEG_IRQHandler
                0x00000000080018d0                DMA1_Stream5_IRQHandler
                0x00000000080018d0                BDMA_Channel1_IRQHandler
                0x00000000080018d0                HRTIM1_TIMD_IRQHandler
                0x00000000080018d0                TAMP_STAMP_IRQHandler
                0x00000000080018d0                EXTI3_IRQHandler
                0x00000000080018d0                LPTIM4_IRQHandler
                0x00000000080018d0                TIM8_TRG_COM_TIM14_IRQHandler
                0x00000000080018d0                LPTIM2_IRQHandler
                0x00000000080018d0                DFSDM1_FLT1_IRQHandler
                0x00000000080018d0                DMAMUX2_OVR_IRQHandler
                0x00000000080018d0                TIM8_UP_TIM13_IRQHandler
                0x00000000080018d0                I2C3_ER_IRQHandler
                0x00000000080018d0                DFSDM1_FLT2_IRQHandler
                0x00000000080018d0                MDMA_IRQHandler
                0x00000000080018d0                LPTIM3_IRQHandler
                0x00000000080018d0                HSEM1_IRQHandler
                0x00000000080018d0                EXTI0_IRQHandler
                0x00000000080018d0                I2C2_EV_IRQHandler
                0x00000000080018d0                DMA1_Stream2_IRQHandler
                0x00000000080018d0                FPU_IRQHandler
                0x00000000080018d0                OTG_HS_WKUP_IRQHandler
                0x00000000080018d0                FDCAN1_IT1_IRQHandler
                0x00000000080018d0                LTDC_ER_IRQHandler
                0x00000000080018d0                DMA2_Stream2_IRQHandler
                0x00000000080018d0                HRTIM1_TIME_IRQHandler
                0x00000000080018d0                SPI1_IRQHandler
                0x00000000080018d0                TIM6_DAC_IRQHandler
                0x00000000080018d0                HRTIM1_TIMC_IRQHandler
                0x00000000080018d0                DMA2_Stream3_IRQHandler
                0x00000000080018d0                SAI2_IRQHandler
                0x00000000080018d0                DFSDM1_FLT3_IRQHandler
                0x00000000080018d0                USART6_IRQHandler
                0x00000000080018d0                TIM17_IRQHandler
                0x00000000080018d0                USART3_IRQHandler
                0x00000000080018d0                BDMA_Channel7_IRQHandler
                0x00000000080018d0                CRYP_IRQHandler
                0x00000000080018d0                LPTIM5_IRQHandler
                0x00000000080018d0                UART5_IRQHandler
                0x00000000080018d0                ADC3_IRQHandler
                0x00000000080018d0                DMA2_Stream0_IRQHandler
                0x00000000080018d0                TIM4_IRQHandler
                0x00000000080018d0                BDMA_Channel2_IRQHandler
                0x00000000080018d0                QUADSPI_IRQHandler
                0x00000000080018d0                I2C1_EV_IRQHandler
                0x00000000080018d0                DMA1_Stream6_IRQHandler
                0x00000000080018d0                DMAMUX1_OVR_IRQHandler
                0x00000000080018d0                TIM16_IRQHandler
                0x00000000080018d0                BDMA_Channel5_IRQHandler
                0x00000000080018d0                TIM3_IRQHandler
                0x00000000080018d0                RCC_IRQHandler
                0x00000000080018d0                TIM8_BRK_TIM12_IRQHandler
                0x00000000080018d0                TIM1_TRG_COM_IRQHandler
                0x00000000080018d0                Default_Handler
                0x00000000080018d0                ECC_IRQHandler
                0x00000000080018d0                CEC_IRQHandler
                0x00000000080018d0                EXTI15_10_IRQHandler
                0x00000000080018d0                BDMA_Channel0_IRQHandler
                0x00000000080018d0                ADC_IRQHandler
                0x00000000080018d0                DMA1_Stream7_IRQHandler
                0x00000000080018d0                HRTIM1_TIMA_IRQHandler
                0x00000000080018d0                SPI5_IRQHandler
                0x00000000080018d0                TIM7_IRQHandler
                0x00000000080018d0                SDMMC1_IRQHandler
                0x00000000080018d0                TIM5_IRQHandler
                0x00000000080018d0                DMA2_Stream7_IRQHandler
                0x00000000080018d0                TIM15_IRQHandler
                0x00000000080018d0                PVD_AVD_IRQHandler
                0x00000000080018d0                I2C3_EV_IRQHandler
                0x00000000080018d0                EXTI9_5_IRQHandler
                0x00000000080018d0                RTC_WKUP_IRQHandler
                0x00000000080018d0                LTDC_IRQHandler
                0x00000000080018d0                SAI3_IRQHandler
                0x00000000080018d0                ETH_WKUP_IRQHandler
                0x00000000080018d0                SPDIF_RX_IRQHandler
                0x00000000080018d0                SPI2_IRQHandler
                0x00000000080018d0                OTG_HS_EP1_IN_IRQHandler
                0x00000000080018d0                CRS_IRQHandler
                0x00000000080018d0                EXTI4_IRQHandler
                0x00000000080018d0                HRTIM1_TIMB_IRQHandler
                0x00000000080018d0                FDCAN2_IT1_IRQHandler
                0x00000000080018d0                ETH_IRQHandler
                0x00000000080018d0                TIM1_UP_IRQHandler
                0x00000000080018d0                BDMA_Channel4_IRQHandler
                0x00000000080018d0                OTG_HS_EP1_OUT_IRQHandler
                0x00000000080018d0                WWDG_IRQHandler
                0x00000000080018d0                SPI6_IRQHandler
                0x00000000080018d0                MDIOS_IRQHandler
                0x00000000080018d0                I2C4_EV_IRQHandler
                0x00000000080018d0                FDCAN2_IT0_IRQHandler
                0x00000000080018d0                LPUART1_IRQHandler
                0x00000000080018d0                FDCAN1_IT0_IRQHandler
                0x00000000080018d0                TIM2_IRQHandler
                0x00000000080018d0                OTG_FS_WKUP_IRQHandler
                0x00000000080018d0                OTG_HS_IRQHandler
                0x00000000080018d0                DMA2D_IRQHandler
                0x00000000080018d0                TIM1_BRK_IRQHandler
                0x00000000080018d0                EXTI1_IRQHandler
                0x00000000080018d0                SDMMC2_IRQHandler
                0x00000000080018d0                OTG_FS_EP1_OUT_IRQHandler
                0x00000000080018d0                BDMA_Channel3_IRQHandler
                0x00000000080018d0                UART7_IRQHandler
                0x00000000080018d0                MDIOS_WKUP_IRQHandler
                0x00000000080018d0                USART2_IRQHandler
                0x00000000080018d0                DFSDM1_FLT0_IRQHandler
                0x00000000080018d0                SAI4_IRQHandler
                0x00000000080018d0                I2C2_ER_IRQHandler
                0x00000000080018d0                DMA2_Stream1_IRQHandler
                0x00000000080018d0                FLASH_IRQHandler
                0x00000000080018d0                DMA2_Stream4_IRQHandler
                0x00000000080018d0                USART1_IRQHandler
                0x00000000080018d0                OTG_FS_IRQHandler
                0x00000000080018d0                SPI3_IRQHandler
                0x00000000080018d0                WAKEUP_PIN_IRQHandler
                0x00000000080018d0                DMA1_Stream4_IRQHandler
                0x00000000080018d0                OTG_FS_EP1_IN_IRQHandler
                0x00000000080018d0                I2C1_ER_IRQHandler
                0x00000000080018d0                FMC_IRQHandler
                0x00000000080018d0                FDCAN_CAL_IRQHandler
                0x00000000080018d0                SWPMI1_IRQHandler
                0x00000000080018d0                COMP1_IRQHandler
                0x00000000080018d0                LPTIM1_IRQHandler
                0x00000000080018d0                I2C4_ER_IRQHandler
                0x00000000080018d0                DMA2_Stream6_IRQHandler
                0x00000000080018d0                SAI1_IRQHandler
                0x00000000080018d0                DMA1_Stream3_IRQHandler
 *fill*         0x00000000080018d2        0x2 
 .text.HAL_Init
                0x00000000080018d4       0x78 Drivers/STM32H7xx_HAL_Driver/Src/stm32h7xx_hal.o
                0x00000000080018d4                HAL_Init
 .text.HAL_InitTick
                0x000000000800194c       0x6c Drivers/STM32H7xx_HAL_Driver/Src/stm32h7xx_hal.o
                0x000000000800194c                HAL_InitTick
 .text.HAL_IncTick
                0x00000000080019b8       0x28 Drivers/STM32H7xx_HAL_Driver/Src/stm32h7xx_hal.o
                0x00000000080019b8                HAL_IncTick
 .text.HAL_GetTick
                0x00000000080019e0       0x18 Drivers/STM32H7xx_HAL_Driver/Src/stm32h7xx_hal.o
                0x00000000080019e0                HAL_GetTick
 .text.HAL_Delay
                0x00000000080019f8       0x44 Drivers/STM32H7xx_HAL_Driver/Src/stm32h7xx_hal.o
                0x00000000080019f8                HAL_Delay
 .text.HAL_GetREVID
                0x0000000008001a3c       0x18 Drivers/STM32H7xx_HAL_Driver/Src/stm32h7xx_hal.o
                0x0000000008001a3c                HAL_GetREVID
 .text.__NVIC_SetPriorityGrouping
                0x0000000008001a54       0x48 Drivers/STM32H7xx_HAL_Driver/Src/stm32h7xx_hal_cortex.o
 .text.__NVIC_GetPriorityGrouping
                0x0000000008001a9c       0x1c Drivers/STM32H7xx_HAL_Driver/Src/stm32h7xx_hal_cortex.o
 .text.__NVIC_EnableIRQ
                0x0000000008001ab8       0x3c Drivers/STM32H7xx_HAL_Driver/Src/stm32h7xx_hal_cortex.o
 .text.__NVIC_SetPriority
                0x0000000008001af4       0x54 Drivers/STM32H7xx_HAL_Driver/Src/stm32h7xx_hal_cortex.o
 .text.NVIC_EncodePriority
                0x0000000008001b48       0x66 Drivers/STM32H7xx_HAL_Driver/Src/stm32h7xx_hal_cortex.o
 *fill*         0x0000000008001bae        0x2 
 .text.SysTick_Config
                0x0000000008001bb0       0x44 Drivers/STM32H7xx_HAL_Driver/Src/stm32h7xx_hal_cortex.o
 .text.HAL_NVIC_SetPriorityGrouping
                0x0000000008001bf4       0x16 Drivers/STM32H7xx_HAL_Driver/Src/stm32h7xx_hal_cortex.o
                0x0000000008001bf4                HAL_NVIC_SetPriorityGrouping
 .text.HAL_NVIC_SetPriority
                0x0000000008001c0a       0x34 Drivers/STM32H7xx_HAL_Driver/Src/stm32h7xx_hal_cortex.o
                0x0000000008001c0a                HAL_NVIC_SetPriority
 .text.HAL_NVIC_EnableIRQ
                0x0000000008001c3e       0x1c Drivers/STM32H7xx_HAL_Driver/Src/stm32h7xx_hal_cortex.o
                0x0000000008001c3e                HAL_NVIC_EnableIRQ
 .text.HAL_SYSTICK_Config
                0x0000000008001c5a       0x18 Drivers/STM32H7xx_HAL_Driver/Src/stm32h7xx_hal_cortex.o
                0x0000000008001c5a                HAL_SYSTICK_Config
 *fill*         0x0000000008001c72        0x2 
 .text.HAL_DCMI_Init
                0x0000000008001c74       0xf4 Drivers/STM32H7xx_HAL_Driver/Src/stm32h7xx_hal_dcmi.o
                0x0000000008001c74                HAL_DCMI_Init
 .text.HAL_DCMI_Start_DMA
                0x0000000008001d68      0x184 Drivers/STM32H7xx_HAL_Driver/Src/stm32h7xx_hal_dcmi.o
                0x0000000008001d68                HAL_DCMI_Start_DMA
 .text.HAL_DCMI_Stop
                0x0000000008001eec       0xc0 Drivers/STM32H7xx_HAL_Driver/Src/stm32h7xx_hal_dcmi.o
                0x0000000008001eec                HAL_DCMI_Stop
 .text.HAL_DCMI_Suspend
                0x0000000008001fac       0xb0 Drivers/STM32H7xx_HAL_Driver/Src/stm32h7xx_hal_dcmi.o
                0x0000000008001fac                HAL_DCMI_Suspend
 .text.HAL_DCMI_IRQHandler
                0x000000000800205c      0x104 Drivers/STM32H7xx_HAL_Driver/Src/stm32h7xx_hal_dcmi.o
                0x000000000800205c                HAL_DCMI_IRQHandler
 .text.HAL_DCMI_ErrorCallback
                0x0000000008002160       0x14 Drivers/STM32H7xx_HAL_Driver/Src/stm32h7xx_hal_dcmi.o
                0x0000000008002160                HAL_DCMI_ErrorCallback
 .text.HAL_DCMI_LineEventCallback
                0x0000000008002174       0x14 Drivers/STM32H7xx_HAL_Driver/Src/stm32h7xx_hal_dcmi.o
                0x0000000008002174                HAL_DCMI_LineEventCallback
 .text.HAL_DCMI_VsyncEventCallback
                0x0000000008002188       0x14 Drivers/STM32H7xx_HAL_Driver/Src/stm32h7xx_hal_dcmi.o
                0x0000000008002188                HAL_DCMI_VsyncEventCallback
 .text.DCMI_DMAXferCplt
                0x000000000800219c      0x126 Drivers/STM32H7xx_HAL_Driver/Src/stm32h7xx_hal_dcmi.o
 .text.DCMI_DMAError
                0x00000000080022c2       0x3a Drivers/STM32H7xx_HAL_Driver/Src/stm32h7xx_hal_dcmi.o
 .text.HAL_DMA_Init
                0x00000000080022fc      0x6b8 Drivers/STM32H7xx_HAL_Driver/Src/stm32h7xx_hal_dma.o
                0x00000000080022fc                HAL_DMA_Init
 .text.HAL_DMA_Start_IT
                0x00000000080029b4      0x4d4 Drivers/STM32H7xx_HAL_Driver/Src/stm32h7xx_hal_dma.o
                0x00000000080029b4                HAL_DMA_Start_IT
 .text.HAL_DMA_Abort
                0x0000000008002e88      0x63c Drivers/STM32H7xx_HAL_Driver/Src/stm32h7xx_hal_dma.o
                0x0000000008002e88                HAL_DMA_Abort
 .text.HAL_DMA_Abort_IT
                0x00000000080034c4      0x488 Drivers/STM32H7xx_HAL_Driver/Src/stm32h7xx_hal_dma.o
                0x00000000080034c4                HAL_DMA_Abort_IT
 .text.HAL_DMA_IRQHandler
                0x000000000800394c      0xe54 Drivers/STM32H7xx_HAL_Driver/Src/stm32h7xx_hal_dma.o
                0x000000000800394c                HAL_DMA_IRQHandler
 .text.DMA_SetConfig
                0x00000000080047a0      0x358 Drivers/STM32H7xx_HAL_Driver/Src/stm32h7xx_hal_dma.o
 .text.DMA_CalcBaseAndBitshift
                0x0000000008004af8      0x164 Drivers/STM32H7xx_HAL_Driver/Src/stm32h7xx_hal_dma.o
 .text.DMA_CheckFifoParam
                0x0000000008004c5c       0xf8 Drivers/STM32H7xx_HAL_Driver/Src/stm32h7xx_hal_dma.o
 .text.DMA_CalcDMAMUXChannelBaseAndMask
                0x0000000008004d54      0x134 Drivers/STM32H7xx_HAL_Driver/Src/stm32h7xx_hal_dma.o
 .text.DMA_CalcDMAMUXRequestGenBaseAndMask
                0x0000000008004e88       0xe8 Drivers/STM32H7xx_HAL_Driver/Src/stm32h7xx_hal_dma.o
 .text.HAL_DMAEx_MultiBufferStart_IT
                0x0000000008004f70      0x6bc Drivers/STM32H7xx_HAL_Driver/Src/stm32h7xx_hal_dma_ex.o
                0x0000000008004f70                HAL_DMAEx_MultiBufferStart_IT
 .text.HAL_DMAEx_ChangeMemory
                0x000000000800562c      0x138 Drivers/STM32H7xx_HAL_Driver/Src/stm32h7xx_hal_dma_ex.o
                0x000000000800562c                HAL_DMAEx_ChangeMemory
 .text.DMA_MultiBufferSetConfig
                0x0000000008005764      0x16c Drivers/STM32H7xx_HAL_Driver/Src/stm32h7xx_hal_dma_ex.o
 .text.HAL_GPIO_Init
                0x00000000080058d0      0x360 Drivers/STM32H7xx_HAL_Driver/Src/stm32h7xx_hal_gpio.o
                0x00000000080058d0                HAL_GPIO_Init
 .text.HAL_GPIO_WritePin
                0x0000000008005c30       0x32 Drivers/STM32H7xx_HAL_Driver/Src/stm32h7xx_hal_gpio.o
                0x0000000008005c30                HAL_GPIO_WritePin
 *fill*         0x0000000008005c62        0x2 
 .text.HAL_I2C_Init
                0x0000000008005c64      0x120 Drivers/STM32H7xx_HAL_Driver/Src/stm32h7xx_hal_i2c.o
                0x0000000008005c64                HAL_I2C_Init
 .text.HAL_I2CEx_ConfigAnalogFilter
                0x0000000008005d84       0x96 Drivers/STM32H7xx_HAL_Driver/Src/stm32h7xx_hal_i2c_ex.o
                0x0000000008005d84                HAL_I2CEx_ConfigAnalogFilter
 .text.HAL_I2CEx_ConfigDigitalFilter
                0x0000000008005e1a       0x98 Drivers/STM32H7xx_HAL_Driver/Src/stm32h7xx_hal_i2c_ex.o
                0x0000000008005e1a                HAL_I2CEx_ConfigDigitalFilter
 *fill*         0x0000000008005eb2        0x2 
 .text.HAL_PWREx_ConfigSupply
                0x0000000008005eb4       0x74 Drivers/STM32H7xx_HAL_Driver/Src/stm32h7xx_hal_pwr_ex.o
                0x0000000008005eb4                HAL_PWREx_ConfigSupply
 .text.HAL_RCC_OscConfig
                0x0000000008005f28      0x820 Drivers/STM32H7xx_HAL_Driver/Src/stm32h7xx_hal_rcc.o
                0x0000000008005f28                HAL_RCC_OscConfig
 .text.HAL_RCC_ClockConfig
                0x0000000008006748      0x36c Drivers/STM32H7xx_HAL_Driver/Src/stm32h7xx_hal_rcc.o
                0x0000000008006748                HAL_RCC_ClockConfig
 .text.HAL_RCC_MCOConfig
                0x0000000008006ab4       0xd4 Drivers/STM32H7xx_HAL_Driver/Src/stm32h7xx_hal_rcc.o
                0x0000000008006ab4                HAL_RCC_MCOConfig
 .text.HAL_RCC_GetSysClockFreq
                0x0000000008006b88      0x2e4 Drivers/STM32H7xx_HAL_Driver/Src/stm32h7xx_hal_rcc.o
                0x0000000008006b88                HAL_RCC_GetSysClockFreq
 .text.HAL_RCC_GetHCLKFreq
                0x0000000008006e6c       0x60 Drivers/STM32H7xx_HAL_Driver/Src/stm32h7xx_hal_rcc.o
                0x0000000008006e6c                HAL_RCC_GetHCLKFreq
 .text.HAL_RCC_GetPCLK1Freq
                0x0000000008006ecc       0x2c Drivers/STM32H7xx_HAL_Driver/Src/stm32h7xx_hal_rcc.o
                0x0000000008006ecc                HAL_RCC_GetPCLK1Freq
 .text.HAL_RCC_GetPCLK2Freq
                0x0000000008006ef8       0x2c Drivers/STM32H7xx_HAL_Driver/Src/stm32h7xx_hal_rcc.o
                0x0000000008006ef8                HAL_RCC_GetPCLK2Freq
 .text.HAL_RCCEx_PeriphCLKConfig
                0x0000000008006f24      0xddc Drivers/STM32H7xx_HAL_Driver/Src/stm32h7xx_hal_rcc_ex.o
                0x0000000008006f24                HAL_RCCEx_PeriphCLKConfig
 .text.HAL_RCCEx_GetD3PCLK1Freq
                0x0000000008007d00       0x2c Drivers/STM32H7xx_HAL_Driver/Src/stm32h7xx_hal_rcc_ex.o
                0x0000000008007d00                HAL_RCCEx_GetD3PCLK1Freq
 .text.HAL_RCCEx_GetPLL2ClockFreq
                0x0000000008007d2c      0x298 Drivers/STM32H7xx_HAL_Driver/Src/stm32h7xx_hal_rcc_ex.o
                0x0000000008007d2c                HAL_RCCEx_GetPLL2ClockFreq
 .text.HAL_RCCEx_GetPLL3ClockFreq
                0x0000000008007fc4      0x298 Drivers/STM32H7xx_HAL_Driver/Src/stm32h7xx_hal_rcc_ex.o
                0x0000000008007fc4                HAL_RCCEx_GetPLL3ClockFreq
 .text.RCCEx_PLL2_Config
                0x000000000800825c      0x164 Drivers/STM32H7xx_HAL_Driver/Src/stm32h7xx_hal_rcc_ex.o
 .text.RCCEx_PLL3_Config
                0x00000000080083c0      0x164 Drivers/STM32H7xx_HAL_Driver/Src/stm32h7xx_hal_rcc_ex.o
 .text.HAL_SPI_Init
                0x0000000008008524      0x1f0 Drivers/STM32H7xx_HAL_Driver/Src/stm32h7xx_hal_spi.o
                0x0000000008008524                HAL_SPI_Init
 .text.SPI_GetPacketSize
                0x0000000008008714       0x36 Drivers/STM32H7xx_HAL_Driver/Src/stm32h7xx_hal_spi.o
 .text.HAL_TIM_Base_Init
                0x000000000800874a       0xae Drivers/STM32H7xx_HAL_Driver/Src/stm32h7xx_hal_tim.o
                0x000000000800874a                HAL_TIM_Base_Init
 .text.HAL_TIM_PWM_Init
                0x00000000080087f8       0xae Drivers/STM32H7xx_HAL_Driver/Src/stm32h7xx_hal_tim.o
                0x00000000080087f8                HAL_TIM_PWM_Init
 .text.HAL_TIM_PWM_MspInit
                0x00000000080088a6       0x14 Drivers/STM32H7xx_HAL_Driver/Src/stm32h7xx_hal_tim.o
                0x00000000080088a6                HAL_TIM_PWM_MspInit
 *fill*         0x00000000080088ba        0x2 
 .text.HAL_TIM_PWM_ConfigChannel
                0x00000000080088bc      0x220 Drivers/STM32H7xx_HAL_Driver/Src/stm32h7xx_hal_tim.o
                0x00000000080088bc                HAL_TIM_PWM_ConfigChannel
 .text.HAL_TIM_ConfigClockSource
                0x0000000008008adc      0x1a0 Drivers/STM32H7xx_HAL_Driver/Src/stm32h7xx_hal_tim.o
                0x0000000008008adc                HAL_TIM_ConfigClockSource
 .text.TIM_Base_SetConfig
                0x0000000008008c7c      0x134 Drivers/STM32H7xx_HAL_Driver/Src/stm32h7xx_hal_tim.o
                0x0000000008008c7c                TIM_Base_SetConfig
 .text.TIM_OC1_SetConfig
                0x0000000008008db0      0x120 Drivers/STM32H7xx_HAL_Driver/Src/stm32h7xx_hal_tim.o
 .text.TIM_OC2_SetConfig
                0x0000000008008ed0      0x114 Drivers/STM32H7xx_HAL_Driver/Src/stm32h7xx_hal_tim.o
                0x0000000008008ed0                TIM_OC2_SetConfig
 .text.TIM_OC3_SetConfig
                0x0000000008008fe4      0x10c Drivers/STM32H7xx_HAL_Driver/Src/stm32h7xx_hal_tim.o
 .text.TIM_OC4_SetConfig
                0x00000000080090f0       0xd0 Drivers/STM32H7xx_HAL_Driver/Src/stm32h7xx_hal_tim.o
 .text.TIM_OC5_SetConfig
                0x00000000080091c0       0xc4 Drivers/STM32H7xx_HAL_Driver/Src/stm32h7xx_hal_tim.o
 .text.TIM_OC6_SetConfig
                0x0000000008009284       0xc8 Drivers/STM32H7xx_HAL_Driver/Src/stm32h7xx_hal_tim.o
 .text.TIM_TI1_ConfigInputStage
                0x000000000800934c       0x5e Drivers/STM32H7xx_HAL_Driver/Src/stm32h7xx_hal_tim.o
 .text.TIM_TI2_ConfigInputStage
                0x00000000080093aa       0x60 Drivers/STM32H7xx_HAL_Driver/Src/stm32h7xx_hal_tim.o
 *fill*         0x000000000800940a        0x2 
 .text.TIM_ITRx_SetConfig
                0x000000000800940c       0x3c Drivers/STM32H7xx_HAL_Driver/Src/stm32h7xx_hal_tim.o
 .text.TIM_ETR_SetConfig
                0x0000000008009448       0x40 Drivers/STM32H7xx_HAL_Driver/Src/stm32h7xx_hal_tim.o
                0x0000000008009448                TIM_ETR_SetConfig
 .text.HAL_TIMEx_MasterConfigSynchronization
                0x0000000008009488      0x110 Drivers/STM32H7xx_HAL_Driver/Src/stm32h7xx_hal_tim_ex.o
                0x0000000008009488                HAL_TIMEx_MasterConfigSynchronization
 .text.HAL_TIMEx_ConfigBreakDeadTime
                0x0000000008009598       0xfc Drivers/STM32H7xx_HAL_Driver/Src/stm32h7xx_hal_tim_ex.o
                0x0000000008009598                HAL_TIMEx_ConfigBreakDeadTime
 .text.HAL_UART_Init
                0x0000000008009694       0xa0 Drivers/STM32H7xx_HAL_Driver/Src/stm32h7xx_hal_uart.o
                0x0000000008009694                HAL_UART_Init
 .text.HAL_UART_Transmit
                0x0000000008009734      0x12c Drivers/STM32H7xx_HAL_Driver/Src/stm32h7xx_hal_uart.o
                0x0000000008009734                HAL_UART_Transmit
 .text.HAL_UART_IRQHandler
                0x0000000008009860      0x300 Drivers/STM32H7xx_HAL_Driver/Src/stm32h7xx_hal_uart.o
                0x0000000008009860                HAL_UART_IRQHandler
 .text.HAL_UART_TxCpltCallback
                0x0000000008009b60       0x14 Drivers/STM32H7xx_HAL_Driver/Src/stm32h7xx_hal_uart.o
                0x0000000008009b60                HAL_UART_TxCpltCallback
 .text.HAL_UART_ErrorCallback
                0x0000000008009b74       0x14 Drivers/STM32H7xx_HAL_Driver/Src/stm32h7xx_hal_uart.o
                0x0000000008009b74                HAL_UART_ErrorCallback
 .text.UART_SetConfig
                0x0000000008009b88      0xb60 Drivers/STM32H7xx_HAL_Driver/Src/stm32h7xx_hal_uart.o
                0x0000000008009b88                UART_SetConfig
 .text.UART_AdvFeatureConfig
                0x000000000800a6e8      0x144 Drivers/STM32H7xx_HAL_Driver/Src/stm32h7xx_hal_uart.o
                0x000000000800a6e8                UART_AdvFeatureConfig
 .text.UART_CheckIdleState
                0x000000000800a82c       0x90 Drivers/STM32H7xx_HAL_Driver/Src/stm32h7xx_hal_uart.o
                0x000000000800a82c                UART_CheckIdleState
 .text.UART_WaitOnFlagUntilTimeout
                0x000000000800a8bc      0x100 Drivers/STM32H7xx_HAL_Driver/Src/stm32h7xx_hal_uart.o
                0x000000000800a8bc                UART_WaitOnFlagUntilTimeout
 .text.UART_EndRxTransfer
                0x000000000800a9bc       0x48 Drivers/STM32H7xx_HAL_Driver/Src/stm32h7xx_hal_uart.o
 .text.UART_DMAAbortOnError
                0x000000000800aa04       0x2c Drivers/STM32H7xx_HAL_Driver/Src/stm32h7xx_hal_uart.o
 .text.UART_EndTransmit_IT
                0x000000000800aa30       0x34 Drivers/STM32H7xx_HAL_Driver/Src/stm32h7xx_hal_uart.o
 .text.HAL_UARTEx_WakeupCallback
                0x000000000800aa64       0x14 Drivers/STM32H7xx_HAL_Driver/Src/stm32h7xx_hal_uart_ex.o
                0x000000000800aa64                HAL_UARTEx_WakeupCallback
 .text.HAL_UARTEx_RxFifoFullCallback
                0x000000000800aa78       0x14 Drivers/STM32H7xx_HAL_Driver/Src/stm32h7xx_hal_uart_ex.o
                0x000000000800aa78                HAL_UARTEx_RxFifoFullCallback
 .text.HAL_UARTEx_TxFifoEmptyCallback
                0x000000000800aa8c       0x14 Drivers/STM32H7xx_HAL_Driver/Src/stm32h7xx_hal_uart_ex.o
                0x000000000800aa8c                HAL_UARTEx_TxFifoEmptyCallback
 .text.HAL_UARTEx_DisableFifoMode
                0x000000000800aaa0       0x72 Drivers/STM32H7xx_HAL_Driver/Src/stm32h7xx_hal_uart_ex.o
                0x000000000800aaa0                HAL_UARTEx_DisableFifoMode
 .text.HAL_UARTEx_SetTxFifoThreshold
                0x000000000800ab12       0x7c Drivers/STM32H7xx_HAL_Driver/Src/stm32h7xx_hal_uart_ex.o
                0x000000000800ab12                HAL_UARTEx_SetTxFifoThreshold
 .text.HAL_UARTEx_SetRxFifoThreshold
                0x000000000800ab8e       0x7c Drivers/STM32H7xx_HAL_Driver/Src/stm32h7xx_hal_uart_ex.o
                0x000000000800ab8e                HAL_UARTEx_SetRxFifoThreshold
 *fill*         0x000000000800ac0a        0x2 
 .text.UARTEx_SetNbDataToProcess
                0x000000000800ac0c       0xd0 Drivers/STM32H7xx_HAL_Driver/Src/stm32h7xx_hal_uart_ex.o
 .text.StartOV2640
                0x000000000800acdc       0x40 Hardware/OV2640.o
                0x000000000800acdc                StartOV2640
 .text.HAL_DCMI_FrameEventCallback
                0x000000000800ad1c       0x7c Hardware/OV2640.o
                0x000000000800ad1c                HAL_DCMI_FrameEventCallback
 .text.__libc_init_array
                0x000000000800ad98       0x48 d:/stm32cubeide_1.0.1/stm32cubeide/plugins/com.st.stm32cube.ide.mcu.externaltools.gnu-tools-for-stm32.7-2018-q2-update.win32_1.5.0.202011040924/tools/bin/../lib/gcc/arm-none-eabi/7.3.1/../../../../arm-none-eabi/lib/thumb/v7e-m/fpv5/hard\libc_nano.a(lib_a-init.o)
                0x000000000800ad98                __libc_init_array
 .text.memset   0x000000000800ade0       0x10 d:/stm32cubeide_1.0.1/stm32cubeide/plugins/com.st.stm32cube.ide.mcu.externaltools.gnu-tools-for-stm32.7-2018-q2-update.win32_1.5.0.202011040924/tools/bin/../lib/gcc/arm-none-eabi/7.3.1/../../../../arm-none-eabi/lib/thumb/v7e-m/fpv5/hard\libc_nano.a(lib_a-memset.o)
                0x000000000800ade0                memset
 *(.glue_7)
 .glue_7        0x000000000800adf0        0x0 linker stubs
 *(.glue_7t)
 .glue_7t       0x000000000800adf0        0x0 linker stubs
 *(.eh_frame)
 .eh_frame      0x000000000800adf0        0x0 d:/stm32cubeide_1.0.1/stm32cubeide/plugins/com.st.stm32cube.ide.mcu.externaltools.gnu-tools-for-stm32.7-2018-q2-update.win32_1.5.0.202011040924/tools/bin/../lib/gcc/arm-none-eabi/7.3.1/thumb/v7e-m/fpv5/hard/crtbegin.o
 *(.init)
 .init          0x000000000800adf0        0x4 d:/stm32cubeide_1.0.1/stm32cubeide/plugins/com.st.stm32cube.ide.mcu.externaltools.gnu-tools-for-stm32.7-2018-q2-update.win32_1.5.0.202011040924/tools/bin/../lib/gcc/arm-none-eabi/7.3.1/thumb/v7e-m/fpv5/hard/crti.o
                0x000000000800adf0                _init
 .init          0x000000000800adf4        0x8 d:/stm32cubeide_1.0.1/stm32cubeide/plugins/com.st.stm32cube.ide.mcu.externaltools.gnu-tools-for-stm32.7-2018-q2-update.win32_1.5.0.202011040924/tools/bin/../lib/gcc/arm-none-eabi/7.3.1/thumb/v7e-m/fpv5/hard/crtn.o
 *(.fini)
 .fini          0x000000000800adfc        0x4 d:/stm32cubeide_1.0.1/stm32cubeide/plugins/com.st.stm32cube.ide.mcu.externaltools.gnu-tools-for-stm32.7-2018-q2-update.win32_1.5.0.202011040924/tools/bin/../lib/gcc/arm-none-eabi/7.3.1/thumb/v7e-m/fpv5/hard/crti.o
                0x000000000800adfc                _fini
 .fini          0x000000000800ae00        0x8 d:/stm32cubeide_1.0.1/stm32cubeide/plugins/com.st.stm32cube.ide.mcu.externaltools.gnu-tools-for-stm32.7-2018-q2-update.win32_1.5.0.202011040924/tools/bin/../lib/gcc/arm-none-eabi/7.3.1/thumb/v7e-m/fpv5/hard/crtn.o
                0x000000000800ae08                . = ALIGN (0x4)
                0x000000000800ae08                _etext = .

.vfp11_veneer   0x000000000800ae08        0x0
 .vfp11_veneer  0x000000000800ae08        0x0 linker stubs

.v4_bx          0x000000000800ae08        0x0
 .v4_bx         0x000000000800ae08        0x0 linker stubs

.iplt           0x000000000800ae08        0x0
 .iplt          0x000000000800ae08        0x0 d:/stm32cubeide_1.0.1/stm32cubeide/plugins/com.st.stm32cube.ide.mcu.externaltools.gnu-tools-for-stm32.7-2018-q2-update.win32_1.5.0.202011040924/tools/bin/../lib/gcc/arm-none-eabi/7.3.1/thumb/v7e-m/fpv5/hard/crtbegin.o

.rodata         0x000000000800ae08       0x40
                0x000000000800ae08                . = ALIGN (0x4)
 *(.rodata)
 .rodata        0x000000000800ae08       0x10 Drivers/STM32H7xx_HAL_Driver/Src/stm32h7xx_hal_uart_ex.o
 *(.rodata*)
 .rodata.D1CorePrescTable
                0x000000000800ae18       0x10 Core/Src/system_stm32h7xx.o
                0x000000000800ae18                D1CorePrescTable
 .rodata.flagBitshiftOffset.11014
                0x000000000800ae28        0x8 Drivers/STM32H7xx_HAL_Driver/Src/stm32h7xx_hal_dma.o
 .rodata.UARTPrescTable
                0x000000000800ae30       0x18 Drivers/STM32H7xx_HAL_Driver/Src/stm32h7xx_hal_uart.o
                0x000000000800ae30                UARTPrescTable
                0x000000000800ae48                . = ALIGN (0x4)

.ARM.extab      0x000000000800ae48        0x0
                0x000000000800ae48                . = ALIGN (0x4)
 *(.ARM.extab* .gnu.linkonce.armextab.*)
                0x000000000800ae48                . = ALIGN (0x4)

.ARM            0x000000000800ae48        0x8
                0x000000000800ae48                . = ALIGN (0x4)
                0x000000000800ae48                __exidx_start = .
 *(.ARM.exidx*)
 .ARM.exidx     0x000000000800ae48        0x8 d:/stm32cubeide_1.0.1/stm32cubeide/plugins/com.st.stm32cube.ide.mcu.externaltools.gnu-tools-for-stm32.7-2018-q2-update.win32_1.5.0.202011040924/tools/bin/../lib/gcc/arm-none-eabi/7.3.1/thumb/v7e-m/fpv5/hard\libgcc.a(_udivmoddi4.o)
                0x000000000800ae50                __exidx_end = .
                0x000000000800ae50                . = ALIGN (0x4)

.rel.dyn        0x000000000800ae50        0x0
 .rel.iplt      0x000000000800ae50        0x0 d:/stm32cubeide_1.0.1/stm32cubeide/plugins/com.st.stm32cube.ide.mcu.externaltools.gnu-tools-for-stm32.7-2018-q2-update.win32_1.5.0.202011040924/tools/bin/../lib/gcc/arm-none-eabi/7.3.1/thumb/v7e-m/fpv5/hard/crtbegin.o

.preinit_array  0x000000000800ae50        0x0
                0x000000000800ae50                . = ALIGN (0x4)
                0x000000000800ae50                PROVIDE (__preinit_array_start = .)
 *(.preinit_array*)
                0x000000000800ae50                PROVIDE (__preinit_array_end = .)
                0x000000000800ae50                . = ALIGN (0x4)

.init_array     0x000000000800ae50        0x4
                0x000000000800ae50                . = ALIGN (0x4)
                0x000000000800ae50                PROVIDE (__init_array_start = .)
 *(SORT_BY_NAME(.init_array.*))
 *(.init_array*)
 .init_array    0x000000000800ae50        0x4 d:/stm32cubeide_1.0.1/stm32cubeide/plugins/com.st.stm32cube.ide.mcu.externaltools.gnu-tools-for-stm32.7-2018-q2-update.win32_1.5.0.202011040924/tools/bin/../lib/gcc/arm-none-eabi/7.3.1/thumb/v7e-m/fpv5/hard/crtbegin.o
                0x000000000800ae54                PROVIDE (__init_array_end = .)
                0x000000000800ae54                . = ALIGN (0x4)

.fini_array     0x000000000800ae54        0x4
                0x000000000800ae54                . = ALIGN (0x4)
                [!provide]                        PROVIDE (__fini_array_start = .)
 *(SORT_BY_NAME(.fini_array.*))
 *(.fini_array*)
 .fini_array    0x000000000800ae54        0x4 d:/stm32cubeide_1.0.1/stm32cubeide/plugins/com.st.stm32cube.ide.mcu.externaltools.gnu-tools-for-stm32.7-2018-q2-update.win32_1.5.0.202011040924/tools/bin/../lib/gcc/arm-none-eabi/7.3.1/thumb/v7e-m/fpv5/hard/crtbegin.o
                [!provide]                        PROVIDE (__fini_array_end = .)
                0x000000000800ae58                . = ALIGN (0x4)
                0x000000000800ae58                _sidata = LOADADDR (.data)

.data           0x0000000024000000       0x10 load address 0x000000000800ae58
                0x0000000024000000                . = ALIGN (0x4)
                0x0000000024000000                _sdata = .
 *(.data)
 *(.data*)
 .data.SystemCoreClock
                0x0000000024000000        0x4 Core/Src/system_stm32h7xx.o
                0x0000000024000000                SystemCoreClock
 .data.SystemD2Clock
                0x0000000024000004        0x4 Core/Src/system_stm32h7xx.o
                0x0000000024000004                SystemD2Clock
 .data.uwTickPrio
                0x0000000024000008        0x4 Drivers/STM32H7xx_HAL_Driver/Src/stm32h7xx_hal.o
                0x0000000024000008                uwTickPrio
 .data.uwTickFreq
                0x000000002400000c        0x1 Drivers/STM32H7xx_HAL_Driver/Src/stm32h7xx_hal.o
                0x000000002400000c                uwTickFreq
                0x0000000024000010                . = ALIGN (0x4)
 *fill*         0x000000002400000d        0x3 
                0x0000000024000010                _edata = .

.igot.plt       0x0000000024000010        0x0 load address 0x000000000800ae68
 .igot.plt      0x0000000024000010        0x0 d:/stm32cubeide_1.0.1/stm32cubeide/plugins/com.st.stm32cube.ide.mcu.externaltools.gnu-tools-for-stm32.7-2018-q2-update.win32_1.5.0.202011040924/tools/bin/../lib/gcc/arm-none-eabi/7.3.1/thumb/v7e-m/fpv5/hard/crtbegin.o
                0x0000000024000010                . = ALIGN (0x4)

.bss            0x0000000024000010     0xa400 load address 0x000000000800ae68
                0x0000000024000010                _sbss = .
                0x0000000024000010                __bss_start__ = _sbss
 *(.bss)
 .bss           0x0000000024000010       0x1c d:/stm32cubeide_1.0.1/stm32cubeide/plugins/com.st.stm32cube.ide.mcu.externaltools.gnu-tools-for-stm32.7-2018-q2-update.win32_1.5.0.202011040924/tools/bin/../lib/gcc/arm-none-eabi/7.3.1/thumb/v7e-m/fpv5/hard/crtbegin.o
 *(.bss*)
 .bss.JpegBuffer
                0x000000002400002c     0xa000 Hardware/OV2640.o
 *(COMMON)
 COMMON         0x000000002400a02c       0xc8 Core/Src/dcmi.o
                0x000000002400a02c                hdma_dcmi
                0x000000002400a0a4                hdcmi
 COMMON         0x000000002400a0f4       0x98 Core/Src/i2c.o
                0x000000002400a0f4                hi2c1
                0x000000002400a140                hi2c2
 COMMON         0x000000002400a18c       0x88 Core/Src/spi.o
                0x000000002400a18c                hspi1
 COMMON         0x000000002400a214       0xe4 Core/Src/tim.o
                0x000000002400a214                htim4
                0x000000002400a260                htim5
                0x000000002400a2ac                htim16
 COMMON         0x000000002400a2f8      0x104 Core/Src/usart.o
                0x000000002400a2f8                hdma_uart4_rx
                0x000000002400a370                huart4
 COMMON         0x000000002400a3fc        0x4 Drivers/STM32H7xx_HAL_Driver/Src/stm32h7xx_hal.o
                0x000000002400a3fc                uwTick
 COMMON         0x000000002400a400       0x10 Hardware/OV2640.o
                0x000000002400a400                DCMI_hdcmi
                0x000000002400a404                mHuart
                0x000000002400a408                OV2640ID
                0x000000002400a40c                mI2C
                0x000000002400a410                . = ALIGN (0x4)
                0x000000002400a410                _ebss = .
                0x000000002400a410                __bss_end__ = _ebss

._user_heap_stack
                0x000000002400a410      0x600 load address 0x000000000800ae68
                0x000000002400a410                . = ALIGN (0x8)
                [!provide]                        PROVIDE (end = .)
                [!provide]                        PROVIDE (_end = .)
                0x000000002400a610                . = (. + _Min_Heap_Size)
 *fill*         0x000000002400a410      0x200 
                0x000000002400aa10                . = (. + _Min_Stack_Size)
 *fill*         0x000000002400a610      0x400 
                0x000000002400aa10                . = ALIGN (0x8)

/DISCARD/
 libc.a(*)
 libm.a(*)
 libgcc.a(*)

.ARM.attributes
                0x0000000000000000       0x2e
 *(.ARM.attributes)
 .ARM.attributes
                0x0000000000000000       0x20 d:/stm32cubeide_1.0.1/stm32cubeide/plugins/com.st.stm32cube.ide.mcu.externaltools.gnu-tools-for-stm32.7-2018-q2-update.win32_1.5.0.202011040924/tools/bin/../lib/gcc/arm-none-eabi/7.3.1/thumb/v7e-m/fpv5/hard/crti.o
 .ARM.attributes
                0x0000000000000020       0x32 d:/stm32cubeide_1.0.1/stm32cubeide/plugins/com.st.stm32cube.ide.mcu.externaltools.gnu-tools-for-stm32.7-2018-q2-update.win32_1.5.0.202011040924/tools/bin/../lib/gcc/arm-none-eabi/7.3.1/thumb/v7e-m/fpv5/hard/crtbegin.o
 .ARM.attributes
                0x0000000000000052       0x37 Core/Src/dcmi.o
 .ARM.attributes
                0x0000000000000089       0x37 Core/Src/dma.o
 .ARM.attributes
                0x00000000000000c0       0x37 Core/Src/gpio.o
 .ARM.attributes
                0x00000000000000f7       0x37 Core/Src/i2c.o
 .ARM.attributes
                0x000000000000012e       0x37 Core/Src/main.o
 .ARM.attributes
                0x0000000000000165       0x37 Core/Src/spi.o
 .ARM.attributes
                0x000000000000019c       0x37 Core/Src/stm32h7xx_hal_msp.o
 .ARM.attributes
                0x00000000000001d3       0x37 Core/Src/stm32h7xx_it.o
 .ARM.attributes
                0x000000000000020a       0x37 Core/Src/system_stm32h7xx.o
 .ARM.attributes
                0x0000000000000241       0x37 Core/Src/tim.o
 .ARM.attributes
                0x0000000000000278       0x37 Core/Src/usart.o
 .ARM.attributes
                0x00000000000002af       0x21 Core/Startup/startup_stm32h750vbtx.o
 .ARM.attributes
                0x00000000000002d0       0x37 Drivers/STM32H7xx_HAL_Driver/Src/stm32h7xx_hal.o
 .ARM.attributes
                0x0000000000000307       0x37 Drivers/STM32H7xx_HAL_Driver/Src/stm32h7xx_hal_cortex.o
 .ARM.attributes
                0x000000000000033e       0x37 Drivers/STM32H7xx_HAL_Driver/Src/stm32h7xx_hal_dcmi.o
 .ARM.attributes
                0x0000000000000375       0x37 Drivers/STM32H7xx_HAL_Driver/Src/stm32h7xx_hal_dma.o
 .ARM.attributes
                0x00000000000003ac       0x37 Drivers/STM32H7xx_HAL_Driver/Src/stm32h7xx_hal_dma_ex.o
 .ARM.attributes
                0x00000000000003e3       0x37 Drivers/STM32H7xx_HAL_Driver/Src/stm32h7xx_hal_gpio.o
 .ARM.attributes
                0x000000000000041a       0x37 Drivers/STM32H7xx_HAL_Driver/Src/stm32h7xx_hal_i2c.o
 .ARM.attributes
                0x0000000000000451       0x37 Drivers/STM32H7xx_HAL_Driver/Src/stm32h7xx_hal_i2c_ex.o
 .ARM.attributes
                0x0000000000000488       0x37 Drivers/STM32H7xx_HAL_Driver/Src/stm32h7xx_hal_pwr_ex.o
 .ARM.attributes
                0x00000000000004bf       0x37 Drivers/STM32H7xx_HAL_Driver/Src/stm32h7xx_hal_rcc.o
 .ARM.attributes
                0x00000000000004f6       0x37 Drivers/STM32H7xx_HAL_Driver/Src/stm32h7xx_hal_rcc_ex.o
 .ARM.attributes
                0x000000000000052d       0x37 Drivers/STM32H7xx_HAL_Driver/Src/stm32h7xx_hal_spi.o
 .ARM.attributes
                0x0000000000000564       0x37 Drivers/STM32H7xx_HAL_Driver/Src/stm32h7xx_hal_tim.o
 .ARM.attributes
                0x000000000000059b       0x37 Drivers/STM32H7xx_HAL_Driver/Src/stm32h7xx_hal_tim_ex.o
 .ARM.attributes
                0x00000000000005d2       0x37 Drivers/STM32H7xx_HAL_Driver/Src/stm32h7xx_hal_uart.o
 .ARM.attributes
                0x0000000000000609       0x37 Drivers/STM32H7xx_HAL_Driver/Src/stm32h7xx_hal_uart_ex.o
 .ARM.attributes
                0x0000000000000640       0x37 Hardware/OV2640.o
 .ARM.attributes
                0x0000000000000677       0x32 d:/stm32cubeide_1.0.1/stm32cubeide/plugins/com.st.stm32cube.ide.mcu.externaltools.gnu-tools-for-stm32.7-2018-q2-update.win32_1.5.0.202011040924/tools/bin/../lib/gcc/arm-none-eabi/7.3.1/../../../../arm-none-eabi/lib/thumb/v7e-m/fpv5/hard\libc_nano.a(lib_a-init.o)
 .ARM.attributes
                0x00000000000006a9       0x32 d:/stm32cubeide_1.0.1/stm32cubeide/plugins/com.st.stm32cube.ide.mcu.externaltools.gnu-tools-for-stm32.7-2018-q2-update.win32_1.5.0.202011040924/tools/bin/../lib/gcc/arm-none-eabi/7.3.1/../../../../arm-none-eabi/lib/thumb/v7e-m/fpv5/hard\libc_nano.a(lib_a-memset.o)
 .ARM.attributes
                0x00000000000006db       0x20 d:/stm32cubeide_1.0.1/stm32cubeide/plugins/com.st.stm32cube.ide.mcu.externaltools.gnu-tools-for-stm32.7-2018-q2-update.win32_1.5.0.202011040924/tools/bin/../lib/gcc/arm-none-eabi/7.3.1/thumb/v7e-m/fpv5/hard\libgcc.a(_aeabi_uldivmod.o)
 .ARM.attributes
                0x00000000000006fb       0x32 d:/stm32cubeide_1.0.1/stm32cubeide/plugins/com.st.stm32cube.ide.mcu.externaltools.gnu-tools-for-stm32.7-2018-q2-update.win32_1.5.0.202011040924/tools/bin/../lib/gcc/arm-none-eabi/7.3.1/thumb/v7e-m/fpv5/hard\libgcc.a(_udivmoddi4.o)
 .ARM.attributes
                0x000000000000072d       0x20 d:/stm32cubeide_1.0.1/stm32cubeide/plugins/com.st.stm32cube.ide.mcu.externaltools.gnu-tools-for-stm32.7-2018-q2-update.win32_1.5.0.202011040924/tools/bin/../lib/gcc/arm-none-eabi/7.3.1/thumb/v7e-m/fpv5/hard\libgcc.a(_dvmd_tls.o)
 .ARM.attributes
                0x000000000000074d       0x20 d:/stm32cubeide_1.0.1/stm32cubeide/plugins/com.st.stm32cube.ide.mcu.externaltools.gnu-tools-for-stm32.7-2018-q2-update.win32_1.5.0.202011040924/tools/bin/../lib/gcc/arm-none-eabi/7.3.1/thumb/v7e-m/fpv5/hard/crtn.o
OUTPUT(BUJIdesignCheck.elf elf32-littlearm)

.debug_info     0x0000000000000000    0x2dbb1
 .debug_info    0x0000000000000000     0x19c5 Core/Src/dcmi.o
 .debug_info    0x00000000000019c5     0x121b Core/Src/dma.o
 .debug_info    0x0000000000002be0     0x1033 Core/Src/gpio.o
 .debug_info    0x0000000000003c13     0x1614 Core/Src/i2c.o
 .debug_info    0x0000000000005227     0x26f1 Core/Src/main.o
 .debug_info    0x0000000000007918     0x167f Core/Src/spi.o
 .debug_info    0x0000000000008f97      0xe8f Core/Src/stm32h7xx_hal_msp.o
 .debug_info    0x0000000000009e26     0x140e Core/Src/stm32h7xx_it.o
 .debug_info    0x000000000000b234     0x161d Core/Src/system_stm32h7xx.o
 .debug_info    0x000000000000c851     0x1963 Core/Src/tim.o
 .debug_info    0x000000000000e1b4     0x1a02 Core/Src/usart.o
 .debug_info    0x000000000000fbb6       0x22 Core/Startup/startup_stm32h750vbtx.o
 .debug_info    0x000000000000fbd8     0x1e42 Drivers/STM32H7xx_HAL_Driver/Src/stm32h7xx_hal.o
 .debug_info    0x0000000000011a1a     0x1ab6 Drivers/STM32H7xx_HAL_Driver/Src/stm32h7xx_hal_cortex.o
 .debug_info    0x00000000000134d0     0x153d Drivers/STM32H7xx_HAL_Driver/Src/stm32h7xx_hal_dcmi.o
 .debug_info    0x0000000000014a0d     0x15f3 Drivers/STM32H7xx_HAL_Driver/Src/stm32h7xx_hal_dma.o
 .debug_info    0x0000000000016000     0x1222 Drivers/STM32H7xx_HAL_Driver/Src/stm32h7xx_hal_dma_ex.o
 .debug_info    0x0000000000017222     0x1666 Drivers/STM32H7xx_HAL_Driver/Src/stm32h7xx_hal_gpio.o
 .debug_info    0x0000000000018888     0x2ab5 Drivers/STM32H7xx_HAL_Driver/Src/stm32h7xx_hal_i2c.o
 .debug_info    0x000000000001b33d     0x173a Drivers/STM32H7xx_HAL_Driver/Src/stm32h7xx_hal_i2c_ex.o
 .debug_info    0x000000000001ca77     0x1951 Drivers/STM32H7xx_HAL_Driver/Src/stm32h7xx_hal_pwr_ex.o
 .debug_info    0x000000000001e3c8     0x17c7 Drivers/STM32H7xx_HAL_Driver/Src/stm32h7xx_hal_rcc.o
 .debug_info    0x000000000001fb8f     0x1b37 Drivers/STM32H7xx_HAL_Driver/Src/stm32h7xx_hal_rcc_ex.o
 .debug_info    0x00000000000216c6     0x1dc6 Drivers/STM32H7xx_HAL_Driver/Src/stm32h7xx_hal_spi.o
 .debug_info    0x000000000002348c     0x334d Drivers/STM32H7xx_HAL_Driver/Src/stm32h7xx_hal_tim.o
 .debug_info    0x00000000000267d9     0x1fa3 Drivers/STM32H7xx_HAL_Driver/Src/stm32h7xx_hal_tim_ex.o
 .debug_info    0x000000000002877c     0x24aa Drivers/STM32H7xx_HAL_Driver/Src/stm32h7xx_hal_uart.o
 .debug_info    0x000000000002ac26     0x14a9 Drivers/STM32H7xx_HAL_Driver/Src/stm32h7xx_hal_uart_ex.o
 .debug_info    0x000000000002c0cf     0x1ae2 Hardware/OV2640.o

.debug_abbrev   0x0000000000000000     0x4667
 .debug_abbrev  0x0000000000000000      0x244 Core/Src/dcmi.o
 .debug_abbrev  0x0000000000000244      0x1e5 Core/Src/dma.o
 .debug_abbrev  0x0000000000000429      0x1fd Core/Src/gpio.o
 .debug_abbrev  0x0000000000000626      0x233 Core/Src/i2c.o
 .debug_abbrev  0x0000000000000859      0x27c Core/Src/main.o
 .debug_abbrev  0x0000000000000ad5      0x233 Core/Src/spi.o
 .debug_abbrev  0x0000000000000d08      0x1e5 Core/Src/stm32h7xx_hal_msp.o
 .debug_abbrev  0x0000000000000eed      0x1d6 Core/Src/stm32h7xx_it.o
 .debug_abbrev  0x00000000000010c3      0x22e Core/Src/system_stm32h7xx.o
 .debug_abbrev  0x00000000000012f1      0x296 Core/Src/tim.o
 .debug_abbrev  0x0000000000001587      0x244 Core/Src/usart.o
 .debug_abbrev  0x00000000000017cb       0x12 Core/Startup/startup_stm32h750vbtx.o
 .debug_abbrev  0x00000000000017dd      0x2d9 Drivers/STM32H7xx_HAL_Driver/Src/stm32h7xx_hal.o
 .debug_abbrev  0x0000000000001ab6      0x3b5 Drivers/STM32H7xx_HAL_Driver/Src/stm32h7xx_hal_cortex.o
 .debug_abbrev  0x0000000000001e6b      0x28f Drivers/STM32H7xx_HAL_Driver/Src/stm32h7xx_hal_dcmi.o
 .debug_abbrev  0x00000000000020fa      0x289 Drivers/STM32H7xx_HAL_Driver/Src/stm32h7xx_hal_dma.o
 .debug_abbrev  0x0000000000002383      0x266 Drivers/STM32H7xx_HAL_Driver/Src/stm32h7xx_hal_dma_ex.o
 .debug_abbrev  0x00000000000025e9      0x28f Drivers/STM32H7xx_HAL_Driver/Src/stm32h7xx_hal_gpio.o
 .debug_abbrev  0x0000000000002878      0x2ac Drivers/STM32H7xx_HAL_Driver/Src/stm32h7xx_hal_i2c.o
 .debug_abbrev  0x0000000000002b24      0x266 Drivers/STM32H7xx_HAL_Driver/Src/stm32h7xx_hal_i2c_ex.o
 .debug_abbrev  0x0000000000002d8a      0x311 Drivers/STM32H7xx_HAL_Driver/Src/stm32h7xx_hal_pwr_ex.o
 .debug_abbrev  0x000000000000309b      0x2e2 Drivers/STM32H7xx_HAL_Driver/Src/stm32h7xx_hal_rcc.o
 .debug_abbrev  0x000000000000337d      0x2db Drivers/STM32H7xx_HAL_Driver/Src/stm32h7xx_hal_rcc_ex.o
 .debug_abbrev  0x0000000000003658      0x2d5 Drivers/STM32H7xx_HAL_Driver/Src/stm32h7xx_hal_spi.o
 .debug_abbrev  0x000000000000392d      0x2bd Drivers/STM32H7xx_HAL_Driver/Src/stm32h7xx_hal_tim.o
 .debug_abbrev  0x0000000000003bea      0x2c3 Drivers/STM32H7xx_HAL_Driver/Src/stm32h7xx_hal_tim_ex.o
 .debug_abbrev  0x0000000000003ead      0x2bb Drivers/STM32H7xx_HAL_Driver/Src/stm32h7xx_hal_uart.o
 .debug_abbrev  0x0000000000004168      0x26f Drivers/STM32H7xx_HAL_Driver/Src/stm32h7xx_hal_uart_ex.o
 .debug_abbrev  0x00000000000043d7      0x290 Hardware/OV2640.o

.debug_aranges  0x0000000000000000     0x1740
 .debug_aranges
                0x0000000000000000       0x30 Core/Src/dcmi.o
 .debug_aranges
                0x0000000000000030       0x20 Core/Src/dma.o
 .debug_aranges
                0x0000000000000050       0x20 Core/Src/gpio.o
 .debug_aranges
                0x0000000000000070       0x38 Core/Src/i2c.o
 .debug_aranges
                0x00000000000000a8       0x30 Core/Src/main.o
 .debug_aranges
                0x00000000000000d8       0x30 Core/Src/spi.o
 .debug_aranges
                0x0000000000000108       0x20 Core/Src/stm32h7xx_hal_msp.o
 .debug_aranges
                0x0000000000000128       0x80 Core/Src/stm32h7xx_it.o
 .debug_aranges
                0x00000000000001a8       0x28 Core/Src/system_stm32h7xx.o
 .debug_aranges
                0x00000000000001d0       0x48 Core/Src/tim.o
 .debug_aranges
                0x0000000000000218       0x30 Core/Src/usart.o
 .debug_aranges
                0x0000000000000248       0x28 Core/Startup/startup_stm32h750vbtx.o
 .debug_aranges
                0x0000000000000270      0x1b8 Drivers/STM32H7xx_HAL_Driver/Src/stm32h7xx_hal.o
 .debug_aranges
                0x0000000000000428      0x120 Drivers/STM32H7xx_HAL_Driver/Src/stm32h7xx_hal_cortex.o
 .debug_aranges
                0x0000000000000548       0xc0 Drivers/STM32H7xx_HAL_Driver/Src/stm32h7xx_hal_dcmi.o
 .debug_aranges
                0x0000000000000608       0xa0 Drivers/STM32H7xx_HAL_Driver/Src/stm32h7xx_hal_dma.o
 .debug_aranges
                0x00000000000006a8       0x60 Drivers/STM32H7xx_HAL_Driver/Src/stm32h7xx_hal_dma_ex.o
 .debug_aranges
                0x0000000000000708       0x58 Drivers/STM32H7xx_HAL_Driver/Src/stm32h7xx_hal_gpio.o
 .debug_aranges
                0x0000000000000760      0x290 Drivers/STM32H7xx_HAL_Driver/Src/stm32h7xx_hal_i2c.o
 .debug_aranges
                0x00000000000009f0       0x48 Drivers/STM32H7xx_HAL_Driver/Src/stm32h7xx_hal_i2c_ex.o
 .debug_aranges
                0x0000000000000a38      0x158 Drivers/STM32H7xx_HAL_Driver/Src/stm32h7xx_hal_pwr_ex.o
 .debug_aranges
                0x0000000000000b90       0x88 Drivers/STM32H7xx_HAL_Driver/Src/stm32h7xx_hal_rcc.o
 .debug_aranges
                0x0000000000000c18       0xf8 Drivers/STM32H7xx_HAL_Driver/Src/stm32h7xx_hal_rcc_ex.o
 .debug_aranges
                0x0000000000000d10      0x1a0 Drivers/STM32H7xx_HAL_Driver/Src/stm32h7xx_hal_spi.o
 .debug_aranges
                0x0000000000000eb0      0x3e0 Drivers/STM32H7xx_HAL_Driver/Src/stm32h7xx_hal_tim.o
 .debug_aranges
                0x0000000000001290      0x188 Drivers/STM32H7xx_HAL_Driver/Src/stm32h7xx_hal_tim_ex.o
 .debug_aranges
                0x0000000000001418      0x230 Drivers/STM32H7xx_HAL_Driver/Src/stm32h7xx_hal_uart.o
 .debug_aranges
                0x0000000000001648       0x88 Drivers/STM32H7xx_HAL_Driver/Src/stm32h7xx_hal_uart_ex.o
 .debug_aranges
                0x00000000000016d0       0x70 Hardware/OV2640.o

.debug_ranges   0x0000000000000000     0x1578
 .debug_ranges  0x0000000000000000       0x20 Core/Src/dcmi.o
 .debug_ranges  0x0000000000000020       0x10 Core/Src/dma.o
 .debug_ranges  0x0000000000000030       0x10 Core/Src/gpio.o
 .debug_ranges  0x0000000000000040       0x28 Core/Src/i2c.o
 .debug_ranges  0x0000000000000068       0x20 Core/Src/main.o
 .debug_ranges  0x0000000000000088       0x20 Core/Src/spi.o
 .debug_ranges  0x00000000000000a8       0x10 Core/Src/stm32h7xx_hal_msp.o
 .debug_ranges  0x00000000000000b8       0x70 Core/Src/stm32h7xx_it.o
 .debug_ranges  0x0000000000000128       0x18 Core/Src/system_stm32h7xx.o
 .debug_ranges  0x0000000000000140       0x38 Core/Src/tim.o
 .debug_ranges  0x0000000000000178       0x20 Core/Src/usart.o
 .debug_ranges  0x0000000000000198       0x20 Core/Startup/startup_stm32h750vbtx.o
 .debug_ranges  0x00000000000001b8      0x1a8 Drivers/STM32H7xx_HAL_Driver/Src/stm32h7xx_hal.o
 .debug_ranges  0x0000000000000360      0x110 Drivers/STM32H7xx_HAL_Driver/Src/stm32h7xx_hal_cortex.o
 .debug_ranges  0x0000000000000470       0xb0 Drivers/STM32H7xx_HAL_Driver/Src/stm32h7xx_hal_dcmi.o
 .debug_ranges  0x0000000000000520       0x90 Drivers/STM32H7xx_HAL_Driver/Src/stm32h7xx_hal_dma.o
 .debug_ranges  0x00000000000005b0       0x50 Drivers/STM32H7xx_HAL_Driver/Src/stm32h7xx_hal_dma_ex.o
 .debug_ranges  0x0000000000000600       0x48 Drivers/STM32H7xx_HAL_Driver/Src/stm32h7xx_hal_gpio.o
 .debug_ranges  0x0000000000000648      0x280 Drivers/STM32H7xx_HAL_Driver/Src/stm32h7xx_hal_i2c.o
 .debug_ranges  0x00000000000008c8       0x38 Drivers/STM32H7xx_HAL_Driver/Src/stm32h7xx_hal_i2c_ex.o
 .debug_ranges  0x0000000000000900      0x148 Drivers/STM32H7xx_HAL_Driver/Src/stm32h7xx_hal_pwr_ex.o
 .debug_ranges  0x0000000000000a48       0x78 Drivers/STM32H7xx_HAL_Driver/Src/stm32h7xx_hal_rcc.o
 .debug_ranges  0x0000000000000ac0       0xe8 Drivers/STM32H7xx_HAL_Driver/Src/stm32h7xx_hal_rcc_ex.o
 .debug_ranges  0x0000000000000ba8      0x190 Drivers/STM32H7xx_HAL_Driver/Src/stm32h7xx_hal_spi.o
 .debug_ranges  0x0000000000000d38      0x3d0 Drivers/STM32H7xx_HAL_Driver/Src/stm32h7xx_hal_tim.o
 .debug_ranges  0x0000000000001108      0x178 Drivers/STM32H7xx_HAL_Driver/Src/stm32h7xx_hal_tim_ex.o
 .debug_ranges  0x0000000000001280      0x220 Drivers/STM32H7xx_HAL_Driver/Src/stm32h7xx_hal_uart.o
 .debug_ranges  0x00000000000014a0       0x78 Drivers/STM32H7xx_HAL_Driver/Src/stm32h7xx_hal_uart_ex.o
 .debug_ranges  0x0000000000001518       0x60 Hardware/OV2640.o

.debug_macro    0x0000000000000000    0x39be8
 .debug_macro   0x0000000000000000      0x2d8 Core/Src/dcmi.o
 .debug_macro   0x00000000000002d8      0xa66 Core/Src/dcmi.o
 .debug_macro   0x0000000000000d3e      0x244 Core/Src/dcmi.o
 .debug_macro   0x0000000000000f82       0x2e Core/Src/dcmi.o
 .debug_macro   0x0000000000000fb0       0x3b Core/Src/dcmi.o
 .debug_macro   0x0000000000000feb       0x22 Core/Src/dcmi.o
 .debug_macro   0x000000000000100d       0x8e Core/Src/dcmi.o
 .debug_macro   0x000000000000109b       0x51 Core/Src/dcmi.o
 .debug_macro   0x00000000000010ec       0xef Core/Src/dcmi.o
 .debug_macro   0x00000000000011db       0x6a Core/Src/dcmi.o
 .debug_macro   0x0000000000001245      0x1df Core/Src/dcmi.o
 .debug_macro   0x0000000000001424       0x1c Core/Src/dcmi.o
 .debug_macro   0x0000000000001440       0x22 Core/Src/dcmi.o
 .debug_macro   0x0000000000001462       0xdf Core/Src/dcmi.o
 .debug_macro   0x0000000000001541     0x12cd Core/Src/dcmi.o
 .debug_macro   0x000000000000280e      0x11f Core/Src/dcmi.o
 .debug_macro   0x000000000000292d       0x19 Core/Src/dcmi.o
 .debug_macro   0x0000000000002946    0x259b2 Core/Src/dcmi.o
 .debug_macro   0x00000000000282f8       0x43 Core/Src/dcmi.o
 .debug_macro   0x000000000002833b     0x3cd3 Core/Src/dcmi.o
 .debug_macro   0x000000000002c00e      0x174 Core/Src/dcmi.o
 .debug_macro   0x000000000002c182       0x46 Core/Src/dcmi.o
 .debug_macro   0x000000000002c1c8       0x17 Core/Src/dcmi.o
 .debug_macro   0x000000000002c1df       0x3c Core/Src/dcmi.o
 .debug_macro   0x000000000002c21b       0x34 Core/Src/dcmi.o
 .debug_macro   0x000000000002c24f       0x52 Core/Src/dcmi.o
 .debug_macro   0x000000000002c2a1       0x1f Core/Src/dcmi.o
 .debug_macro   0x000000000002c2c0       0x43 Core/Src/dcmi.o
 .debug_macro   0x000000000002c303       0x20 Core/Src/dcmi.o
 .debug_macro   0x000000000002c323      0x1a3 Core/Src/dcmi.o
 .debug_macro   0x000000000002c4c6      0x32a Core/Src/dcmi.o
 .debug_macro   0x000000000002c7f0      0x1e1 Core/Src/dcmi.o
 .debug_macro   0x000000000002c9d1       0x54 Core/Src/dcmi.o
 .debug_macro   0x000000000002ca25     0x240e Core/Src/dcmi.o
 .debug_macro   0x000000000002ee33     0x1009 Core/Src/dcmi.o
 .debug_macro   0x000000000002fe3c      0x138 Core/Src/dcmi.o
 .debug_macro   0x000000000002ff74      0x117 Core/Src/dcmi.o
 .debug_macro   0x000000000003008b      0x3b2 Core/Src/dcmi.o
 .debug_macro   0x000000000003043d       0x27 Core/Src/dcmi.o
 .debug_macro   0x0000000000030464      0x72d Core/Src/dcmi.o
 .debug_macro   0x0000000000030b91      0x229 Core/Src/dcmi.o
 .debug_macro   0x0000000000030dba       0x66 Core/Src/dcmi.o
 .debug_macro   0x0000000000030e20      0x3bb Core/Src/dcmi.o
 .debug_macro   0x00000000000311db      0x22c Core/Src/dcmi.o
 .debug_macro   0x0000000000031407      0x3e5 Core/Src/dcmi.o
 .debug_macro   0x00000000000317ec      0x275 Core/Src/dcmi.o
 .debug_macro   0x0000000000031a61      0x3cb Core/Src/dcmi.o
 .debug_macro   0x0000000000031e2c      0x408 Core/Src/dcmi.o
 .debug_macro   0x0000000000032234       0x3c Core/Src/dcmi.o
 .debug_macro   0x0000000000032270       0x4a Core/Src/dcmi.o
 .debug_macro   0x00000000000322ba      0x22c Core/Src/dcmi.o
 .debug_macro   0x00000000000324e6       0x64 Core/Src/dcmi.o
 .debug_macro   0x000000000003254a       0xa5 Core/Src/dcmi.o
 .debug_macro   0x00000000000325ef      0x1c5 Core/Src/dcmi.o
 .debug_macro   0x00000000000327b4      0x25f Core/Src/dcmi.o
 .debug_macro   0x0000000000032a13       0x35 Core/Src/dcmi.o
 .debug_macro   0x0000000000032a48      0x5dd Core/Src/dcmi.o
 .debug_macro   0x0000000000033025       0x9e Core/Src/dcmi.o
 .debug_macro   0x00000000000330c3      0xad7 Core/Src/dcmi.o
 .debug_macro   0x0000000000033b9a      0x2a0 Core/Src/dcmi.o
 .debug_macro   0x0000000000033e3a      0x662 Core/Src/dcmi.o
 .debug_macro   0x000000000003449c       0xa6 Core/Src/dcmi.o
 .debug_macro   0x0000000000034542      0x5a0 Core/Src/dcmi.o
 .debug_macro   0x0000000000034ae2       0x7c Core/Src/dcmi.o
 .debug_macro   0x0000000000034b5e      0x2d8 Core/Src/dma.o
 .debug_macro   0x0000000000034e36      0x2d8 Core/Src/gpio.o
 .debug_macro   0x000000000003510e      0x2d8 Core/Src/i2c.o
 .debug_macro   0x00000000000353e6      0x33e Core/Src/main.o
 .debug_macro   0x0000000000035724      0x1ea Core/Src/main.o
 .debug_macro   0x000000000003590e       0x34 Core/Src/main.o
 .debug_macro   0x0000000000035942      0x2d8 Core/Src/spi.o
 .debug_macro   0x0000000000035c1a      0x2ce Core/Src/stm32h7xx_hal_msp.o
 .debug_macro   0x0000000000035ee8      0x2d8 Core/Src/stm32h7xx_it.o
 .debug_macro   0x00000000000361c0      0x2c5 Core/Src/system_stm32h7xx.o
 .debug_macro   0x0000000000036485      0x2d8 Core/Src/tim.o
 .debug_macro   0x000000000003675d      0x2d8 Core/Src/usart.o
 .debug_macro   0x0000000000036a35      0x2e9 Drivers/STM32H7xx_HAL_Driver/Src/stm32h7xx_hal.o
 .debug_macro   0x0000000000036d1e      0x2bf Drivers/STM32H7xx_HAL_Driver/Src/stm32h7xx_hal_cortex.o
 .debug_macro   0x0000000000036fdd      0x2c6 Drivers/STM32H7xx_HAL_Driver/Src/stm32h7xx_hal_dcmi.o
 .debug_macro   0x00000000000372a3      0x313 Drivers/STM32H7xx_HAL_Driver/Src/stm32h7xx_hal_dma.o
 .debug_macro   0x00000000000375b6      0x2bf Drivers/STM32H7xx_HAL_Driver/Src/stm32h7xx_hal_dma_ex.o
 .debug_macro   0x0000000000037875      0x2fb Drivers/STM32H7xx_HAL_Driver/Src/stm32h7xx_hal_gpio.o
 .debug_macro   0x0000000000037b70      0x384 Drivers/STM32H7xx_HAL_Driver/Src/stm32h7xx_hal_i2c.o
 .debug_macro   0x0000000000037ef4      0x2bf Drivers/STM32H7xx_HAL_Driver/Src/stm32h7xx_hal_i2c_ex.o
 .debug_macro   0x00000000000381b3      0x2f8 Drivers/STM32H7xx_HAL_Driver/Src/stm32h7xx_hal_pwr_ex.o
 .debug_macro   0x00000000000384ab      0x2e3 Drivers/STM32H7xx_HAL_Driver/Src/stm32h7xx_hal_rcc.o
 .debug_macro   0x000000000003878e      0x2dd Drivers/STM32H7xx_HAL_Driver/Src/stm32h7xx_hal_rcc_ex.o
 .debug_macro   0x0000000000038a6b      0x2c7 Drivers/STM32H7xx_HAL_Driver/Src/stm32h7xx_hal_spi.o
 .debug_macro   0x0000000000038d32      0x2c0 Drivers/STM32H7xx_HAL_Driver/Src/stm32h7xx_hal_tim.o
 .debug_macro   0x0000000000038ff2      0x2bf Drivers/STM32H7xx_HAL_Driver/Src/stm32h7xx_hal_tim_ex.o
 .debug_macro   0x00000000000392b1      0x2ea Drivers/STM32H7xx_HAL_Driver/Src/stm32h7xx_hal_uart.o
 .debug_macro   0x000000000003959b      0x2cb Drivers/STM32H7xx_HAL_Driver/Src/stm32h7xx_hal_uart_ex.o
 .debug_macro   0x0000000000039866      0x307 Hardware/OV2640.o
 .debug_macro   0x0000000000039b6d       0x10 Hardware/OV2640.o
 .debug_macro   0x0000000000039b7d       0x16 Hardware/OV2640.o
 .debug_macro   0x0000000000039b93       0x35 Hardware/OV2640.o
 .debug_macro   0x0000000000039bc8       0x20 Hardware/OV2640.o

.debug_line     0x0000000000000000    0x18998
 .debug_line    0x0000000000000000      0x8f0 Core/Src/dcmi.o
 .debug_line    0x00000000000008f0      0x87f Core/Src/dma.o
 .debug_line    0x000000000000116f      0x8ab Core/Src/gpio.o
 .debug_line    0x0000000000001a1a      0x8ef Core/Src/i2c.o
 .debug_line    0x0000000000002309      0x9cb Core/Src/main.o
 .debug_line    0x0000000000002cd4      0x8c8 Core/Src/spi.o
 .debug_line    0x000000000000359c      0x881 Core/Src/stm32h7xx_hal_msp.o
 .debug_line    0x0000000000003e1d      0x972 Core/Src/stm32h7xx_it.o
 .debug_line    0x000000000000478f      0x8cd Core/Src/system_stm32h7xx.o
 .debug_line    0x000000000000505c      0x96b Core/Src/tim.o
 .debug_line    0x00000000000059c7      0x8d4 Core/Src/usart.o
 .debug_line    0x000000000000629b       0x85 Core/Startup/startup_stm32h750vbtx.o
 .debug_line    0x0000000000006320      0xc7f Drivers/STM32H7xx_HAL_Driver/Src/stm32h7xx_hal.o
 .debug_line    0x0000000000006f9f      0xbbe Drivers/STM32H7xx_HAL_Driver/Src/stm32h7xx_hal_cortex.o
 .debug_line    0x0000000000007b5d      0xbd2 Drivers/STM32H7xx_HAL_Driver/Src/stm32h7xx_hal_dcmi.o
 .debug_line    0x000000000000872f     0x1cf2 Drivers/STM32H7xx_HAL_Driver/Src/stm32h7xx_hal_dma.o
 .debug_line    0x000000000000a421      0xeee Drivers/STM32H7xx_HAL_Driver/Src/stm32h7xx_hal_dma_ex.o
 .debug_line    0x000000000000b30f      0xa79 Drivers/STM32H7xx_HAL_Driver/Src/stm32h7xx_hal_gpio.o
 .debug_line    0x000000000000bd88     0x1ef7 Drivers/STM32H7xx_HAL_Driver/Src/stm32h7xx_hal_i2c.o
 .debug_line    0x000000000000dc7f      0x9c6 Drivers/STM32H7xx_HAL_Driver/Src/stm32h7xx_hal_i2c_ex.o
 .debug_line    0x000000000000e645      0xc5b Drivers/STM32H7xx_HAL_Driver/Src/stm32h7xx_hal_pwr_ex.o
 .debug_line    0x000000000000f2a0      0xc61 Drivers/STM32H7xx_HAL_Driver/Src/stm32h7xx_hal_rcc.o
 .debug_line    0x000000000000ff01      0xebf Drivers/STM32H7xx_HAL_Driver/Src/stm32h7xx_hal_rcc_ex.o
 .debug_line    0x0000000000010dc0     0x12e5 Drivers/STM32H7xx_HAL_Driver/Src/stm32h7xx_hal_spi.o
 .debug_line    0x00000000000120a5     0x2788 Drivers/STM32H7xx_HAL_Driver/Src/stm32h7xx_hal_tim.o
 .debug_line    0x000000000001482d     0x15e4 Drivers/STM32H7xx_HAL_Driver/Src/stm32h7xx_hal_tim_ex.o
 .debug_line    0x0000000000015e11     0x1616 Drivers/STM32H7xx_HAL_Driver/Src/stm32h7xx_hal_uart.o
 .debug_line    0x0000000000017427      0xaf1 Drivers/STM32H7xx_HAL_Driver/Src/stm32h7xx_hal_uart_ex.o
 .debug_line    0x0000000000017f18      0xa80 Hardware/OV2640.o

.debug_str      0x0000000000000000   0x1690ae
 .debug_str     0x0000000000000000   0x1611d8 Core/Src/dcmi.o
                                     0x1617cd (size before relaxing)
 .debug_str     0x00000000001611d8       0x29 Core/Src/dma.o
                                     0x1611f2 (size before relaxing)
 .debug_str     0x0000000000161201       0x48 Core/Src/gpio.o
                                     0x160a52 (size before relaxing)
 .debug_str     0x0000000000161249      0x2dd Core/Src/i2c.o
                                     0x16101f (size before relaxing)
 .debug_str     0x0000000000161526     0x158f Core/Src/main.o
                                     0x16266a (size before relaxing)
 .debug_str     0x0000000000162ab5       0x4b Core/Src/spi.o
                                     0x161022 (size before relaxing)
 .debug_str     0x0000000000162b00       0x2c Core/Src/stm32h7xx_hal_msp.o
                                     0x1609c9 (size before relaxing)
 .debug_str     0x0000000000162b2c      0x10c Core/Src/stm32h7xx_it.o
                                     0x160fad (size before relaxing)
 .debug_str     0x0000000000162c38      0x332 Core/Src/system_stm32h7xx.o
                                     0x160afa (size before relaxing)
 .debug_str     0x0000000000162f6a      0x257 Core/Src/tim.o
                                     0x1612c1 (size before relaxing)
 .debug_str     0x00000000001631c1       0x51 Core/Src/usart.o
                                     0x1617e2 (size before relaxing)
 .debug_str     0x0000000000163212       0x36 Core/Startup/startup_stm32h750vbtx.o
                                         0x6a (size before relaxing)
 .debug_str     0x0000000000163248      0x7c1 Drivers/STM32H7xx_HAL_Driver/Src/stm32h7xx_hal.o
                                     0x161996 (size before relaxing)
 .debug_str     0x0000000000163a09      0x3a1 Drivers/STM32H7xx_HAL_Driver/Src/stm32h7xx_hal_cortex.o
                                     0x161421 (size before relaxing)
 .debug_str     0x0000000000163daa      0x237 Drivers/STM32H7xx_HAL_Driver/Src/stm32h7xx_hal_dcmi.o
                                     0x160d90 (size before relaxing)
 .debug_str     0x0000000000163fe1      0x876 Drivers/STM32H7xx_HAL_Driver/Src/stm32h7xx_hal_dma.o
                                     0x1611f3 (size before relaxing)
 .debug_str     0x0000000000164857      0x24e Drivers/STM32H7xx_HAL_Driver/Src/stm32h7xx_hal_dma_ex.o
                                     0x160ba6 (size before relaxing)
 .debug_str     0x0000000000164aa5      0x1ff Drivers/STM32H7xx_HAL_Driver/Src/stm32h7xx_hal_gpio.o
                                     0x160b96 (size before relaxing)
 .debug_str     0x0000000000164ca4      0xd41 Drivers/STM32H7xx_HAL_Driver/Src/stm32h7xx_hal_i2c.o
                                     0x161a30 (size before relaxing)
 .debug_str     0x00000000001659e5       0xb8 Drivers/STM32H7xx_HAL_Driver/Src/stm32h7xx_hal_i2c_ex.o
                                     0x160ed1 (size before relaxing)
 .debug_str     0x0000000000165a9d      0x638 Drivers/STM32H7xx_HAL_Driver/Src/stm32h7xx_hal_pwr_ex.o
                                     0x160f5e (size before relaxing)
 .debug_str     0x00000000001660d5      0x26c Drivers/STM32H7xx_HAL_Driver/Src/stm32h7xx_hal_rcc.o
                                     0x160e25 (size before relaxing)
 .debug_str     0x0000000000166341      0x653 Drivers/STM32H7xx_HAL_Driver/Src/stm32h7xx_hal_rcc_ex.o
                                     0x1612eb (size before relaxing)
 .debug_str     0x0000000000166994      0x4fd Drivers/STM32H7xx_HAL_Driver/Src/stm32h7xx_hal_spi.o
                                     0x1610e0 (size before relaxing)
 .debug_str     0x0000000000166e91      0xda1 Drivers/STM32H7xx_HAL_Driver/Src/stm32h7xx_hal_tim.o
                                     0x161b5b (size before relaxing)
 .debug_str     0x0000000000167c32      0x571 Drivers/STM32H7xx_HAL_Driver/Src/stm32h7xx_hal_tim_ex.o
                                     0x16146a (size before relaxing)
 .debug_str     0x00000000001681a3      0x934 Drivers/STM32H7xx_HAL_Driver/Src/stm32h7xx_hal_uart.o
                                     0x16174d (size before relaxing)
 .debug_str     0x0000000000168ad7      0x288 Drivers/STM32H7xx_HAL_Driver/Src/stm32h7xx_hal_uart_ex.o
                                     0x160d97 (size before relaxing)
 .debug_str     0x0000000000168d5f      0x34f Hardware/OV2640.o
                                     0x161ac2 (size before relaxing)

.comment        0x0000000000000000       0x7b
 .comment       0x0000000000000000       0x7b Core/Src/dcmi.o
                                         0x7c (size before relaxing)
 .comment       0x000000000000007b       0x7c Core/Src/dma.o
 .comment       0x000000000000007b       0x7c Core/Src/gpio.o
 .comment       0x000000000000007b       0x7c Core/Src/i2c.o
 .comment       0x000000000000007b       0x7c Core/Src/main.o
 .comment       0x000000000000007b       0x7c Core/Src/spi.o
 .comment       0x000000000000007b       0x7c Core/Src/stm32h7xx_hal_msp.o
 .comment       0x000000000000007b       0x7c Core/Src/stm32h7xx_it.o
 .comment       0x000000000000007b       0x7c Core/Src/system_stm32h7xx.o
 .comment       0x000000000000007b       0x7c Core/Src/tim.o
 .comment       0x000000000000007b       0x7c Core/Src/usart.o
 .comment       0x000000000000007b       0x7c Drivers/STM32H7xx_HAL_Driver/Src/stm32h7xx_hal.o
 .comment       0x000000000000007b       0x7c Drivers/STM32H7xx_HAL_Driver/Src/stm32h7xx_hal_cortex.o
 .comment       0x000000000000007b       0x7c Drivers/STM32H7xx_HAL_Driver/Src/stm32h7xx_hal_dcmi.o
 .comment       0x000000000000007b       0x7c Drivers/STM32H7xx_HAL_Driver/Src/stm32h7xx_hal_dma.o
 .comment       0x000000000000007b       0x7c Drivers/STM32H7xx_HAL_Driver/Src/stm32h7xx_hal_dma_ex.o
 .comment       0x000000000000007b       0x7c Drivers/STM32H7xx_HAL_Driver/Src/stm32h7xx_hal_gpio.o
 .comment       0x000000000000007b       0x7c Drivers/STM32H7xx_HAL_Driver/Src/stm32h7xx_hal_i2c.o
 .comment       0x000000000000007b       0x7c Drivers/STM32H7xx_HAL_Driver/Src/stm32h7xx_hal_i2c_ex.o
 .comment       0x000000000000007b       0x7c Drivers/STM32H7xx_HAL_Driver/Src/stm32h7xx_hal_pwr_ex.o
 .comment       0x000000000000007b       0x7c Drivers/STM32H7xx_HAL_Driver/Src/stm32h7xx_hal_rcc.o
 .comment       0x000000000000007b       0x7c Drivers/STM32H7xx_HAL_Driver/Src/stm32h7xx_hal_rcc_ex.o
 .comment       0x000000000000007b       0x7c Drivers/STM32H7xx_HAL_Driver/Src/stm32h7xx_hal_spi.o
 .comment       0x000000000000007b       0x7c Drivers/STM32H7xx_HAL_Driver/Src/stm32h7xx_hal_tim.o
 .comment       0x000000000000007b       0x7c Drivers/STM32H7xx_HAL_Driver/Src/stm32h7xx_hal_tim_ex.o
 .comment       0x000000000000007b       0x7c Drivers/STM32H7xx_HAL_Driver/Src/stm32h7xx_hal_uart.o
 .comment       0x000000000000007b       0x7c Drivers/STM32H7xx_HAL_Driver/Src/stm32h7xx_hal_uart_ex.o
 .comment       0x000000000000007b       0x7c Hardware/OV2640.o

.debug_frame    0x0000000000000000     0x6170
 .debug_frame   0x0000000000000000       0x74 Core/Src/dcmi.o
 .debug_frame   0x0000000000000074       0x34 Core/Src/dma.o
 .debug_frame   0x00000000000000a8       0x34 Core/Src/gpio.o
 .debug_frame   0x00000000000000dc       0x90 Core/Src/i2c.o
 .debug_frame   0x000000000000016c       0x78 Core/Src/main.o
 .debug_frame   0x00000000000001e4       0x74 Core/Src/spi.o
 .debug_frame   0x0000000000000258       0x38 Core/Src/stm32h7xx_hal_msp.o
 .debug_frame   0x0000000000000290      0x174 Core/Src/stm32h7xx_it.o
 .debug_frame   0x0000000000000404       0x58 Core/Src/system_stm32h7xx.o
 .debug_frame   0x000000000000045c       0xf0 Core/Src/tim.o
 .debug_frame   0x000000000000054c       0x74 Core/Src/usart.o
 .debug_frame   0x00000000000005c0      0x710 Drivers/STM32H7xx_HAL_Driver/Src/stm32h7xx_hal.o
 .debug_frame   0x0000000000000cd0      0x4b8 Drivers/STM32H7xx_HAL_Driver/Src/stm32h7xx_hal_cortex.o
 .debug_frame   0x0000000000001188      0x340 Drivers/STM32H7xx_HAL_Driver/Src/stm32h7xx_hal_dcmi.o
 .debug_frame   0x00000000000014c8      0x2b4 Drivers/STM32H7xx_HAL_Driver/Src/stm32h7xx_hal_dma.o
 .debug_frame   0x000000000000177c      0x174 Drivers/STM32H7xx_HAL_Driver/Src/stm32h7xx_hal_dma_ex.o
 .debug_frame   0x00000000000018f0      0x14c Drivers/STM32H7xx_HAL_Driver/Src/stm32h7xx_hal_gpio.o
 .debug_frame   0x0000000000001a3c      0xbf0 Drivers/STM32H7xx_HAL_Driver/Src/stm32h7xx_hal_i2c.o
 .debug_frame   0x000000000000262c      0x100 Drivers/STM32H7xx_HAL_Driver/Src/stm32h7xx_hal_i2c_ex.o
 .debug_frame   0x000000000000272c      0x580 Drivers/STM32H7xx_HAL_Driver/Src/stm32h7xx_hal_pwr_ex.o
 .debug_frame   0x0000000000002cac      0x1f8 Drivers/STM32H7xx_HAL_Driver/Src/stm32h7xx_hal_rcc.o
 .debug_frame   0x0000000000002ea4      0x3f4 Drivers/STM32H7xx_HAL_Driver/Src/stm32h7xx_hal_rcc_ex.o
 .debug_frame   0x0000000000003298      0x778 Drivers/STM32H7xx_HAL_Driver/Src/stm32h7xx_hal_spi.o
 .debug_frame   0x0000000000003a10     0x1218 Drivers/STM32H7xx_HAL_Driver/Src/stm32h7xx_hal_tim.o
 .debug_frame   0x0000000000004c28      0x6d8 Drivers/STM32H7xx_HAL_Driver/Src/stm32h7xx_hal_tim_ex.o
 .debug_frame   0x0000000000005300      0xa0c Drivers/STM32H7xx_HAL_Driver/Src/stm32h7xx_hal_uart.o
 .debug_frame   0x0000000000005d0c      0x22c Drivers/STM32H7xx_HAL_Driver/Src/stm32h7xx_hal_uart_ex.o
 .debug_frame   0x0000000000005f38      0x18c Hardware/OV2640.o
 .debug_frame   0x00000000000060c4       0x2c d:/stm32cubeide_1.0.1/stm32cubeide/plugins/com.st.stm32cube.ide.mcu.externaltools.gnu-tools-for-stm32.7-2018-q2-update.win32_1.5.0.202011040924/tools/bin/../lib/gcc/arm-none-eabi/7.3.1/../../../../arm-none-eabi/lib/thumb/v7e-m/fpv5/hard\libc_nano.a(lib_a-init.o)
 .debug_frame   0x00000000000060f0       0x20 d:/stm32cubeide_1.0.1/stm32cubeide/plugins/com.st.stm32cube.ide.mcu.externaltools.gnu-tools-for-stm32.7-2018-q2-update.win32_1.5.0.202011040924/tools/bin/../lib/gcc/arm-none-eabi/7.3.1/../../../../arm-none-eabi/lib/thumb/v7e-m/fpv5/hard\libc_nano.a(lib_a-memset.o)
 .debug_frame   0x0000000000006110       0x2c d:/stm32cubeide_1.0.1/stm32cubeide/plugins/com.st.stm32cube.ide.mcu.externaltools.gnu-tools-for-stm32.7-2018-q2-update.win32_1.5.0.202011040924/tools/bin/../lib/gcc/arm-none-eabi/7.3.1/thumb/v7e-m/fpv5/hard\libgcc.a(_aeabi_uldivmod.o)
 .debug_frame   0x000000000000613c       0x34 d:/stm32cubeide_1.0.1/stm32cubeide/plugins/com.st.stm32cube.ide.mcu.externaltools.gnu-tools-for-stm32.7-2018-q2-update.win32_1.5.0.202011040924/tools/bin/../lib/gcc/arm-none-eabi/7.3.1/thumb/v7e-m/fpv5/hard\libgcc.a(_udivmoddi4.o)
